[0.010s] Invoking command in '/home/user/autonomy_stack_ros_humble/build/yolo_bringup': AMENT_PREFIX_PATH=/home/user/autonomy_stack_ros_humble/install/yolo_ros:/home/user/autonomy_stack_ros_humble/install/yolo_msgs:${AMENT_PREFIX_PATH} CMAKE_PREFIX_PATH=/home/user/autonomy_stack_ros_humble/install/yolo_msgs:/opt/ros/humble LD_LIBRARY_PATH=/home/user/autonomy_stack_ros_humble/install/yolo_msgs/lib:${LD_LIBRARY_PATH} PYTHONPATH=/home/user/autonomy_stack_ros_humble/install/yolo_ros/lib/python3.10/site-packages:/home/user/autonomy_stack_ros_humble/install/yolo_msgs/local/lib/python3.10/dist-packages:${PYTHONPATH} /usr/bin/cmake /home/user/autonomy_stack_ros_humble/src/detection_ros_pkgs/yolo_ros/yolo_bringup -DCMAKE_INSTALL_PREFIX=/home/user/autonomy_stack_ros_humble/install/yolo_bringup
[0.052s] -- The C compiler identification is GNU 11.4.0
[0.088s] -- The CXX compiler identification is GNU 11.4.0
[0.095s] -- Detecting C compiler ABI info
[0.143s] -- Detecting C compiler ABI info - done
[0.147s] -- Check for working C compiler: /usr/bin/cc - skipped
[0.147s] -- Detecting C compile features
[0.147s] -- Detecting C compile features - done
[0.149s] -- Detecting CXX compiler ABI info
[0.207s] -- Detecting CXX compiler ABI info - done
[0.213s] -- Check for working CXX compiler: /usr/bin/c++ - skipped
[0.213s] -- Detecting CXX compile features
[0.213s] -- Detecting CXX compile features - done
[0.215s] -- Found ament_cmake: 1.3.12 (/opt/ros/humble/share/ament_cmake/cmake)
[0.325s] -- Found Python3: /usr/bin/python3 (found version "3.10.12") found components: Interpreter 
[0.434s] -- Configuring done
[0.435s] -- Generating done
[0.436s] -- Build files have been written to: /home/user/autonomy_stack_ros_humble/build/yolo_bringup
[0.439s] Invoked command in '/home/user/autonomy_stack_ros_humble/build/yolo_bringup' returned '0': AMENT_PREFIX_PATH=/home/user/autonomy_stack_ros_humble/install/yolo_ros:/home/user/autonomy_stack_ros_humble/install/yolo_msgs:${AMENT_PREFIX_PATH} CMAKE_PREFIX_PATH=/home/user/autonomy_stack_ros_humble/install/yolo_msgs:/opt/ros/humble LD_LIBRARY_PATH=/home/user/autonomy_stack_ros_humble/install/yolo_msgs/lib:${LD_LIBRARY_PATH} PYTHONPATH=/home/user/autonomy_stack_ros_humble/install/yolo_ros/lib/python3.10/site-packages:/home/user/autonomy_stack_ros_humble/install/yolo_msgs/local/lib/python3.10/dist-packages:${PYTHONPATH} /usr/bin/cmake /home/user/autonomy_stack_ros_humble/src/detection_ros_pkgs/yolo_ros/yolo_bringup -DCMAKE_INSTALL_PREFIX=/home/user/autonomy_stack_ros_humble/install/yolo_bringup
[0.440s] Invoking command in '/home/user/autonomy_stack_ros_humble/build/yolo_bringup': AMENT_PREFIX_PATH=/home/user/autonomy_stack_ros_humble/install/yolo_ros:/home/user/autonomy_stack_ros_humble/install/yolo_msgs:${AMENT_PREFIX_PATH} CMAKE_PREFIX_PATH=/home/user/autonomy_stack_ros_humble/install/yolo_msgs:/opt/ros/humble LD_LIBRARY_PATH=/home/user/autonomy_stack_ros_humble/install/yolo_msgs/lib:${LD_LIBRARY_PATH} PYTHONPATH=/home/user/autonomy_stack_ros_humble/install/yolo_ros/lib/python3.10/site-packages:/home/user/autonomy_stack_ros_humble/install/yolo_msgs/local/lib/python3.10/dist-packages:${PYTHONPATH} /usr/bin/cmake --build /home/user/autonomy_stack_ros_humble/build/yolo_bringup -- -j22 -l22
[0.472s] Invoked command in '/home/user/autonomy_stack_ros_humble/build/yolo_bringup' returned '0': AMENT_PREFIX_PATH=/home/user/autonomy_stack_ros_humble/install/yolo_ros:/home/user/autonomy_stack_ros_humble/install/yolo_msgs:${AMENT_PREFIX_PATH} CMAKE_PREFIX_PATH=/home/user/autonomy_stack_ros_humble/install/yolo_msgs:/opt/ros/humble LD_LIBRARY_PATH=/home/user/autonomy_stack_ros_humble/install/yolo_msgs/lib:${LD_LIBRARY_PATH} PYTHONPATH=/home/user/autonomy_stack_ros_humble/install/yolo_ros/lib/python3.10/site-packages:/home/user/autonomy_stack_ros_humble/install/yolo_msgs/local/lib/python3.10/dist-packages:${PYTHONPATH} /usr/bin/cmake --build /home/user/autonomy_stack_ros_humble/build/yolo_bringup -- -j22 -l22
[0.474s] Invoking command in '/home/user/autonomy_stack_ros_humble/build/yolo_bringup': AMENT_PREFIX_PATH=/home/user/autonomy_stack_ros_humble/install/yolo_ros:/home/user/autonomy_stack_ros_humble/install/yolo_msgs:${AMENT_PREFIX_PATH} CMAKE_PREFIX_PATH=/home/user/autonomy_stack_ros_humble/install/yolo_msgs:/opt/ros/humble LD_LIBRARY_PATH=/home/user/autonomy_stack_ros_humble/install/yolo_msgs/lib:${LD_LIBRARY_PATH} PYTHONPATH=/home/user/autonomy_stack_ros_humble/install/yolo_ros/lib/python3.10/site-packages:/home/user/autonomy_stack_ros_humble/install/yolo_msgs/local/lib/python3.10/dist-packages:${PYTHONPATH} /usr/bin/cmake --install /home/user/autonomy_stack_ros_humble/build/yolo_bringup
[0.480s] -- Install configuration: ""
[0.480s] -- Installing: /home/user/autonomy_stack_ros_humble/install/yolo_bringup/share/yolo_bringup//launch
[0.481s] -- Installing: /home/user/autonomy_stack_ros_humble/install/yolo_bringup/share/yolo_bringup//launch/yolov12.launch.py
[0.481s] -- Installing: /home/user/autonomy_stack_ros_humble/install/yolo_bringup/share/yolo_bringup//launch/yoloe.launch.py
[0.481s] -- Installing: /home/user/autonomy_stack_ros_humble/install/yolo_bringup/share/yolo_bringup//launch/yolov8.launch.py
[0.481s] -- Installing: /home/user/autonomy_stack_ros_humble/install/yolo_bringup/share/yolo_bringup//launch/yolov5.launch.py
[0.481s] -- Installing: /home/user/autonomy_stack_ros_humble/install/yolo_bringup/share/yolo_bringup//launch/yolov9.launch.py
[0.481s] -- Installing: /home/user/autonomy_stack_ros_humble/install/yolo_bringup/share/yolo_bringup//launch/yolo.launch.py
[0.481s] -- Installing: /home/user/autonomy_stack_ros_humble/install/yolo_bringup/share/yolo_bringup//launch/yolov11.launch.py
[0.481s] -- Installing: /home/user/autonomy_stack_ros_humble/install/yolo_bringup/share/yolo_bringup//launch/yolov10.launch.py
[0.481s] -- Installing: /home/user/autonomy_stack_ros_humble/install/yolo_bringup/share/yolo_bringup//launch/yolo-world.launch.py
[0.481s] -- Installing: /home/user/autonomy_stack_ros_humble/install/yolo_bringup/share/ament_index/resource_index/package_run_dependencies/yolo_bringup
[0.481s] -- Installing: /home/user/autonomy_stack_ros_humble/install/yolo_bringup/share/ament_index/resource_index/parent_prefix_path/yolo_bringup
[0.481s] -- Installing: /home/user/autonomy_stack_ros_humble/install/yolo_bringup/share/yolo_bringup/environment/ament_prefix_path.sh
[0.481s] -- Installing: /home/user/autonomy_stack_ros_humble/install/yolo_bringup/share/yolo_bringup/environment/ament_prefix_path.dsv
[0.481s] -- Installing: /home/user/autonomy_stack_ros_humble/install/yolo_bringup/share/yolo_bringup/environment/path.sh
[0.481s] -- Installing: /home/user/autonomy_stack_ros_humble/install/yolo_bringup/share/yolo_bringup/environment/path.dsv
[0.481s] -- Installing: /home/user/autonomy_stack_ros_humble/install/yolo_bringup/share/yolo_bringup/local_setup.bash
[0.482s] -- Installing: /home/user/autonomy_stack_ros_humble/install/yolo_bringup/share/yolo_bringup/local_setup.sh
[0.482s] -- Installing: /home/user/autonomy_stack_ros_humble/install/yolo_bringup/share/yolo_bringup/local_setup.zsh
[0.482s] -- Installing: /home/user/autonomy_stack_ros_humble/install/yolo_bringup/share/yolo_bringup/local_setup.dsv
[0.482s] -- Installing: /home/user/autonomy_stack_ros_humble/install/yolo_bringup/share/yolo_bringup/package.dsv
[0.482s] -- Installing: /home/user/autonomy_stack_ros_humble/install/yolo_bringup/share/ament_index/resource_index/packages/yolo_bringup
[0.482s] -- Installing: /home/user/autonomy_stack_ros_humble/install/yolo_bringup/share/yolo_bringup/cmake/yolo_bringupConfig.cmake
[0.482s] -- Installing: /home/user/autonomy_stack_ros_humble/install/yolo_bringup/share/yolo_bringup/cmake/yolo_bringupConfig-version.cmake
[0.482s] -- Installing: /home/user/autonomy_stack_ros_humble/install/yolo_bringup/share/yolo_bringup/package.xml
[0.483s] Invoked command in '/home/user/autonomy_stack_ros_humble/build/yolo_bringup' returned '0': AMENT_PREFIX_PATH=/home/user/autonomy_stack_ros_humble/install/yolo_ros:/home/user/autonomy_stack_ros_humble/install/yolo_msgs:${AMENT_PREFIX_PATH} CMAKE_PREFIX_PATH=/home/user/autonomy_stack_ros_humble/install/yolo_msgs:/opt/ros/humble LD_LIBRARY_PATH=/home/user/autonomy_stack_ros_humble/install/yolo_msgs/lib:${LD_LIBRARY_PATH} PYTHONPATH=/home/user/autonomy_stack_ros_humble/install/yolo_ros/lib/python3.10/site-packages:/home/user/autonomy_stack_ros_humble/install/yolo_msgs/local/lib/python3.10/dist-packages:${PYTHONPATH} /usr/bin/cmake --install /home/user/autonomy_stack_ros_humble/build/yolo_bringup
