[0.347s] Invoking command in '/home/user/autonomy_stack_ros_humble/src/detection_ros_pkgs/yolo_ros/yolo_ros': AMENT_PREFIX_PATH=/home/user/autonomy_stack_ros_humble/install/yolo_msgs:${AMENT_PREFIX_PATH} CMAKE_PREFIX_PATH=/home/user/autonomy_stack_ros_humble/install/yolo_msgs LD_LIBRARY_PATH=/home/user/autonomy_stack_ros_humble/install/yolo_msgs/lib:${LD_LIBRARY_PATH} PYTHONPATH=/home/user/autonomy_stack_ros_humble/build/yolo_ros/prefix_override:/usr/lib/python3/dist-packages/colcon_core/task/python/colcon_distutils_commands:/home/user/autonomy_stack_ros_humble/install/yolo_ros/lib/python3.10/site-packages:/home/user/autonomy_stack_ros_humble/install/yolo_msgs/local/lib/python3.10/dist-packages:${PYTHONPATH} /usr/bin/python3 -W ignore:setup.py install is deprecated -W ignore:easy_install command is deprecated setup.py egg_info --egg-base ../../../../build/yolo_ros build --build-base /home/user/autonomy_stack_ros_humble/build/yolo_ros/build install --record /home/user/autonomy_stack_ros_humble/build/yolo_ros/install.log --single-version-externally-managed install_data
[0.474s] running egg_info
[0.474s] creating ../../../../build/yolo_ros/yolo_ros.egg-info
[0.474s] writing ../../../../build/yolo_ros/yolo_ros.egg-info/PKG-INFO
[0.474s] writing dependency_links to ../../../../build/yolo_ros/yolo_ros.egg-info/dependency_links.txt
[0.474s] writing entry points to ../../../../build/yolo_ros/yolo_ros.egg-info/entry_points.txt
[0.474s] writing requirements to ../../../../build/yolo_ros/yolo_ros.egg-info/requires.txt
[0.474s] writing top-level names to ../../../../build/yolo_ros/yolo_ros.egg-info/top_level.txt
[0.475s] writing manifest file '../../../../build/yolo_ros/yolo_ros.egg-info/SOURCES.txt'
[0.475s] reading manifest file '../../../../build/yolo_ros/yolo_ros.egg-info/SOURCES.txt'
[0.476s] writing manifest file '../../../../build/yolo_ros/yolo_ros.egg-info/SOURCES.txt'
[0.476s] running build
[0.476s] running build_py
[0.476s] creating /home/user/autonomy_stack_ros_humble/build/yolo_ros/build
[0.476s] creating /home/user/autonomy_stack_ros_humble/build/yolo_ros/build/lib
[0.476s] creating /home/user/autonomy_stack_ros_humble/build/yolo_ros/build/lib/yolo_ros
[0.476s] copying yolo_ros/__init__.py -> /home/user/autonomy_stack_ros_humble/build/yolo_ros/build/lib/yolo_ros
[0.476s] copying yolo_ros/detect_3d_node.py -> /home/user/autonomy_stack_ros_humble/build/yolo_ros/build/lib/yolo_ros
[0.476s] copying yolo_ros/yolo_node.py -> /home/user/autonomy_stack_ros_humble/build/yolo_ros/build/lib/yolo_ros
[0.476s] copying yolo_ros/tracking_node.py -> /home/user/autonomy_stack_ros_humble/build/yolo_ros/build/lib/yolo_ros
[0.476s] copying yolo_ros/debug_node.py -> /home/user/autonomy_stack_ros_humble/build/yolo_ros/build/lib/yolo_ros
[0.476s] running install
[0.476s] running install_lib
[0.477s] creating /home/user/autonomy_stack_ros_humble/install/yolo_ros/lib/python3.10/site-packages/yolo_ros
[0.477s] copying /home/user/autonomy_stack_ros_humble/build/yolo_ros/build/lib/yolo_ros/__init__.py -> /home/user/autonomy_stack_ros_humble/install/yolo_ros/lib/python3.10/site-packages/yolo_ros
[0.477s] copying /home/user/autonomy_stack_ros_humble/build/yolo_ros/build/lib/yolo_ros/detect_3d_node.py -> /home/user/autonomy_stack_ros_humble/install/yolo_ros/lib/python3.10/site-packages/yolo_ros
[0.477s] copying /home/user/autonomy_stack_ros_humble/build/yolo_ros/build/lib/yolo_ros/yolo_node.py -> /home/user/autonomy_stack_ros_humble/install/yolo_ros/lib/python3.10/site-packages/yolo_ros
[0.477s] copying /home/user/autonomy_stack_ros_humble/build/yolo_ros/build/lib/yolo_ros/tracking_node.py -> /home/user/autonomy_stack_ros_humble/install/yolo_ros/lib/python3.10/site-packages/yolo_ros
[0.477s] copying /home/user/autonomy_stack_ros_humble/build/yolo_ros/build/lib/yolo_ros/debug_node.py -> /home/user/autonomy_stack_ros_humble/install/yolo_ros/lib/python3.10/site-packages/yolo_ros
[0.477s] byte-compiling /home/user/autonomy_stack_ros_humble/install/yolo_ros/lib/python3.10/site-packages/yolo_ros/__init__.py to __init__.cpython-310.pyc
[0.477s] byte-compiling /home/user/autonomy_stack_ros_humble/install/yolo_ros/lib/python3.10/site-packages/yolo_ros/detect_3d_node.py to detect_3d_node.cpython-310.pyc
[0.479s] byte-compiling /home/user/autonomy_stack_ros_humble/install/yolo_ros/lib/python3.10/site-packages/yolo_ros/yolo_node.py to yolo_node.cpython-310.pyc
[0.480s] byte-compiling /home/user/autonomy_stack_ros_humble/install/yolo_ros/lib/python3.10/site-packages/yolo_ros/tracking_node.py to tracking_node.cpython-310.pyc
[0.480s] byte-compiling /home/user/autonomy_stack_ros_humble/install/yolo_ros/lib/python3.10/site-packages/yolo_ros/debug_node.py to debug_node.cpython-310.pyc
[0.481s] running install_data
[0.481s] creating /home/user/autonomy_stack_ros_humble/install/yolo_ros/share/ament_index
[0.481s] creating /home/user/autonomy_stack_ros_humble/install/yolo_ros/share/ament_index/resource_index
[0.481s] creating /home/user/autonomy_stack_ros_humble/install/yolo_ros/share/ament_index/resource_index/packages
[0.481s] copying resource/yolo_ros -> /home/user/autonomy_stack_ros_humble/install/yolo_ros/share/ament_index/resource_index/packages
[0.482s] copying package.xml -> /home/user/autonomy_stack_ros_humble/install/yolo_ros/share/yolo_ros
[0.482s] running install_egg_info
[0.482s] Copying ../../../../build/yolo_ros/yolo_ros.egg-info to /home/user/autonomy_stack_ros_humble/install/yolo_ros/lib/python3.10/site-packages/yolo_ros-0.0.0-py3.10.egg-info
[0.483s] running install_scripts
[0.493s] Installing debug_node script to /home/user/autonomy_stack_ros_humble/install/yolo_ros/lib/yolo_ros
[0.494s] Installing detect_3d_node script to /home/user/autonomy_stack_ros_humble/install/yolo_ros/lib/yolo_ros
[0.494s] Installing tracking_node script to /home/user/autonomy_stack_ros_humble/install/yolo_ros/lib/yolo_ros
[0.494s] Installing yolo_node script to /home/user/autonomy_stack_ros_humble/install/yolo_ros/lib/yolo_ros
[0.494s] writing list of installed files to '/home/user/autonomy_stack_ros_humble/build/yolo_ros/install.log'
[0.507s] Invoked command in '/home/user/autonomy_stack_ros_humble/src/detection_ros_pkgs/yolo_ros/yolo_ros' returned '0': AMENT_PREFIX_PATH=/home/user/autonomy_stack_ros_humble/install/yolo_msgs:${AMENT_PREFIX_PATH} CMAKE_PREFIX_PATH=/home/user/autonomy_stack_ros_humble/install/yolo_msgs LD_LIBRARY_PATH=/home/user/autonomy_stack_ros_humble/install/yolo_msgs/lib:${LD_LIBRARY_PATH} PYTHONPATH=/home/user/autonomy_stack_ros_humble/build/yolo_ros/prefix_override:/usr/lib/python3/dist-packages/colcon_core/task/python/colcon_distutils_commands:/home/user/autonomy_stack_ros_humble/install/yolo_ros/lib/python3.10/site-packages:/home/user/autonomy_stack_ros_humble/install/yolo_msgs/local/lib/python3.10/dist-packages:${PYTHONPATH} /usr/bin/python3 -W ignore:setup.py install is deprecated -W ignore:easy_install command is deprecated setup.py egg_info --egg-base ../../../../build/yolo_ros build --build-base /home/user/autonomy_stack_ros_humble/build/yolo_ros/build install --record /home/user/autonomy_stack_ros_humble/build/yolo_ros/install.log --single-version-externally-managed install_data
