[0.051s] DEBUG:colcon:Command line arguments: ['/usr/bin/colcon', 'build', '--symlink-install', '--cmake-args', '-DCMAKE_BUILD_TYPE=Release']
[0.051s] DEBUG:colcon:Parsed command line arguments: Namespace(log_base=None, log_level=None, verb_name='build', build_base='build', install_base='install', merge_install=False, symlink_install=True, test_result_base=None, continue_on_error=False, executor='parallel', parallel_workers=20, event_handlers=None, ignore_user_meta=False, metas=['./colcon.meta'], base_paths=['.'], packages_ignore=None, packages_ignore_regex=None, paths=None, packages_up_to=None, packages_up_to_regex=None, packages_above=None, packages_above_and_dependencies=None, packages_above_depth=None, packages_select_by_dep=None, packages_skip_by_dep=None, packages_skip_up_to=None, packages_select_build_failed=False, packages_skip_build_finished=False, packages_select_test_failures=False, packages_skip_test_passed=False, packages_select=None, packages_skip=None, packages_select_regex=None, packages_skip_regex=None, packages_start=None, packages_end=None, allow_overriding=[], cmake_args=['-DCMAKE_BUILD_TYPE=Release'], cmake_target=None, cmake_target_skip_unavailable=False, cmake_clean_cache=False, cmake_clean_first=False, cmake_force_configure=False, ament_cmake_args=None, catkin_cmake_args=None, catkin_skip_building_tests=False, mixin_files=None, mixin=None, verb_parser=<colcon_mixin.mixin.mixin_argument.MixinArgumentDecorator object at 0xf6b0996006b0>, verb_extension=<colcon_core.verb.build.BuildVerb object at 0xf6b09a0a3b30>, main=<bound method BuildVerb.main of <colcon_core.verb.build.BuildVerb object at 0xf6b09a0a3b30>>, mixin_verb=('build',))
[0.068s] Level 1:colcon.colcon_core.package_discovery:discover_packages(colcon_meta) check parameters
[0.069s] Level 1:colcon.colcon_core.package_discovery:discover_packages(recursive) check parameters
[0.069s] Level 1:colcon.colcon_core.package_discovery:discover_packages(ignore) check parameters
[0.069s] Level 1:colcon.colcon_core.package_discovery:discover_packages(path) check parameters
[0.069s] Level 1:colcon.colcon_core.package_discovery:discover_packages(colcon_meta) discover
[0.069s] Level 1:colcon.colcon_core.package_discovery:discover_packages(recursive) discover
[0.069s] INFO:colcon.colcon_core.package_discovery:Crawling recursively for packages in '/home/user/autonomy_stack_ros_jazzy'
[0.069s] Level 1:colcon.colcon_core.package_identification:_identify(.) by extensions ['ignore', 'ignore_ament_install']
[0.069s] Level 1:colcon.colcon_core.package_identification:_identify(.) by extension 'ignore'
[0.069s] Level 1:colcon.colcon_core.package_identification:_identify(.) by extension 'ignore_ament_install'
[0.069s] Level 1:colcon.colcon_core.package_identification:_identify(.) by extensions ['colcon_pkg']
[0.069s] Level 1:colcon.colcon_core.package_identification:_identify(.) by extension 'colcon_pkg'
[0.069s] Level 1:colcon.colcon_core.package_identification:_identify(.) by extensions ['colcon_meta']
[0.069s] Level 1:colcon.colcon_core.package_identification:_identify(.) by extension 'colcon_meta'
[0.069s] Level 1:colcon.colcon_core.package_identification:_identify(.) by extensions ['ros']
[0.069s] Level 1:colcon.colcon_core.package_identification:_identify(.) by extension 'ros'
[0.083s] Level 1:colcon.colcon_core.package_identification:_identify(.) by extensions ['cmake', 'python']
[0.083s] Level 1:colcon.colcon_core.package_identification:_identify(.) by extension 'cmake'
[0.083s] Level 1:colcon.colcon_core.package_identification:_identify(.) by extension 'python'
[0.083s] Level 1:colcon.colcon_core.package_identification:_identify(.) by extensions ['python_setup_py']
[0.083s] Level 1:colcon.colcon_core.package_identification:_identify(.) by extension 'python_setup_py'
[0.083s] Level 1:colcon.colcon_core.package_identification:_identify(build) by extensions ['ignore', 'ignore_ament_install']
[0.083s] Level 1:colcon.colcon_core.package_identification:_identify(build) by extension 'ignore'
[0.083s] Level 1:colcon.colcon_core.package_identification:_identify(build) ignored
[0.083s] Level 1:colcon.colcon_core.package_identification:_identify(docker) by extensions ['ignore', 'ignore_ament_install']
[0.084s] Level 1:colcon.colcon_core.package_identification:_identify(docker) by extension 'ignore'
[0.084s] Level 1:colcon.colcon_core.package_identification:_identify(docker) by extension 'ignore_ament_install'
[0.084s] Level 1:colcon.colcon_core.package_identification:_identify(docker) by extensions ['colcon_pkg']
[0.084s] Level 1:colcon.colcon_core.package_identification:_identify(docker) by extension 'colcon_pkg'
[0.084s] Level 1:colcon.colcon_core.package_identification:_identify(docker) by extensions ['colcon_meta']
[0.084s] Level 1:colcon.colcon_core.package_identification:_identify(docker) by extension 'colcon_meta'
[0.084s] Level 1:colcon.colcon_core.package_identification:_identify(docker) by extensions ['ros']
[0.084s] Level 1:colcon.colcon_core.package_identification:_identify(docker) by extension 'ros'
[0.084s] Level 1:colcon.colcon_core.package_identification:_identify(docker) by extensions ['cmake', 'python']
[0.084s] Level 1:colcon.colcon_core.package_identification:_identify(docker) by extension 'cmake'
[0.084s] Level 1:colcon.colcon_core.package_identification:_identify(docker) by extension 'python'
[0.084s] Level 1:colcon.colcon_core.package_identification:_identify(docker) by extensions ['python_setup_py']
[0.084s] Level 1:colcon.colcon_core.package_identification:_identify(docker) by extension 'python_setup_py'
[0.084s] Level 1:colcon.colcon_core.package_identification:_identify(install) by extensions ['ignore', 'ignore_ament_install']
[0.084s] Level 1:colcon.colcon_core.package_identification:_identify(install) by extension 'ignore'
[0.084s] Level 1:colcon.colcon_core.package_identification:_identify(install) ignored
[0.084s] Level 1:colcon.colcon_core.package_identification:_identify(log) by extensions ['ignore', 'ignore_ament_install']
[0.084s] Level 1:colcon.colcon_core.package_identification:_identify(log) by extension 'ignore'
[0.084s] Level 1:colcon.colcon_core.package_identification:_identify(log) ignored
[0.084s] Level 1:colcon.colcon_core.package_identification:_identify(src) by extensions ['ignore', 'ignore_ament_install']
[0.084s] Level 1:colcon.colcon_core.package_identification:_identify(src) by extension 'ignore'
[0.084s] Level 1:colcon.colcon_core.package_identification:_identify(src) by extension 'ignore_ament_install'
[0.084s] Level 1:colcon.colcon_core.package_identification:_identify(src) by extensions ['colcon_pkg']
[0.084s] Level 1:colcon.colcon_core.package_identification:_identify(src) by extension 'colcon_pkg'
[0.084s] Level 1:colcon.colcon_core.package_identification:_identify(src) by extensions ['colcon_meta']
[0.084s] Level 1:colcon.colcon_core.package_identification:_identify(src) by extension 'colcon_meta'
[0.084s] Level 1:colcon.colcon_core.package_identification:_identify(src) by extensions ['ros']
[0.084s] Level 1:colcon.colcon_core.package_identification:_identify(src) by extension 'ros'
[0.084s] Level 1:colcon.colcon_core.package_identification:_identify(src) by extensions ['cmake', 'python']
[0.084s] Level 1:colcon.colcon_core.package_identification:_identify(src) by extension 'cmake'
[0.084s] Level 1:colcon.colcon_core.package_identification:_identify(src) by extension 'python'
[0.084s] Level 1:colcon.colcon_core.package_identification:_identify(src) by extensions ['python_setup_py']
[0.084s] Level 1:colcon.colcon_core.package_identification:_identify(src) by extension 'python_setup_py'
[0.084s] Level 1:colcon.colcon_core.package_identification:_identify(src/control_ros_pkgs) by extensions ['ignore', 'ignore_ament_install']
[0.084s] Level 1:colcon.colcon_core.package_identification:_identify(src/control_ros_pkgs) by extension 'ignore'
[0.084s] Level 1:colcon.colcon_core.package_identification:_identify(src/control_ros_pkgs) by extension 'ignore_ament_install'
[0.084s] Level 1:colcon.colcon_core.package_identification:_identify(src/control_ros_pkgs) by extensions ['colcon_pkg']
[0.084s] Level 1:colcon.colcon_core.package_identification:_identify(src/control_ros_pkgs) by extension 'colcon_pkg'
[0.084s] Level 1:colcon.colcon_core.package_identification:_identify(src/control_ros_pkgs) by extensions ['colcon_meta']
[0.084s] Level 1:colcon.colcon_core.package_identification:_identify(src/control_ros_pkgs) by extension 'colcon_meta'
[0.084s] Level 1:colcon.colcon_core.package_identification:_identify(src/control_ros_pkgs) by extensions ['ros']
[0.084s] Level 1:colcon.colcon_core.package_identification:_identify(src/control_ros_pkgs) by extension 'ros'
[0.084s] Level 1:colcon.colcon_core.package_identification:_identify(src/control_ros_pkgs) by extensions ['cmake', 'python']
[0.084s] Level 1:colcon.colcon_core.package_identification:_identify(src/control_ros_pkgs) by extension 'cmake'
[0.084s] Level 1:colcon.colcon_core.package_identification:_identify(src/control_ros_pkgs) by extension 'python'
[0.084s] Level 1:colcon.colcon_core.package_identification:_identify(src/control_ros_pkgs) by extensions ['python_setup_py']
[0.084s] Level 1:colcon.colcon_core.package_identification:_identify(src/control_ros_pkgs) by extension 'python_setup_py'
[0.084s] Level 1:colcon.colcon_core.package_identification:_identify(src/control_ros_pkgs/person_follower) by extensions ['ignore', 'ignore_ament_install']
[0.084s] Level 1:colcon.colcon_core.package_identification:_identify(src/control_ros_pkgs/person_follower) by extension 'ignore'
[0.084s] Level 1:colcon.colcon_core.package_identification:_identify(src/control_ros_pkgs/person_follower) by extension 'ignore_ament_install'
[0.084s] Level 1:colcon.colcon_core.package_identification:_identify(src/control_ros_pkgs/person_follower) by extensions ['colcon_pkg']
[0.084s] Level 1:colcon.colcon_core.package_identification:_identify(src/control_ros_pkgs/person_follower) by extension 'colcon_pkg'
[0.084s] Level 1:colcon.colcon_core.package_identification:_identify(src/control_ros_pkgs/person_follower) by extensions ['colcon_meta']
[0.084s] Level 1:colcon.colcon_core.package_identification:_identify(src/control_ros_pkgs/person_follower) by extension 'colcon_meta'
[0.084s] Level 1:colcon.colcon_core.package_identification:_identify(src/control_ros_pkgs/person_follower) by extensions ['ros']
[0.084s] Level 1:colcon.colcon_core.package_identification:_identify(src/control_ros_pkgs/person_follower) by extension 'ros'
[0.086s] DEBUG:colcon.colcon_core.package_identification:Package 'src/control_ros_pkgs/person_follower' with type 'ros.ament_python' and name 'person_follower'
[0.086s] Level 1:colcon.colcon_core.package_identification:_identify(src/control_ros_pkgs/waypoint_follower) by extensions ['ignore', 'ignore_ament_install']
[0.086s] Level 1:colcon.colcon_core.package_identification:_identify(src/control_ros_pkgs/waypoint_follower) by extension 'ignore'
[0.086s] Level 1:colcon.colcon_core.package_identification:_identify(src/control_ros_pkgs/waypoint_follower) by extension 'ignore_ament_install'
[0.086s] Level 1:colcon.colcon_core.package_identification:_identify(src/control_ros_pkgs/waypoint_follower) by extensions ['colcon_pkg']
[0.086s] Level 1:colcon.colcon_core.package_identification:_identify(src/control_ros_pkgs/waypoint_follower) by extension 'colcon_pkg'
[0.086s] Level 1:colcon.colcon_core.package_identification:_identify(src/control_ros_pkgs/waypoint_follower) by extensions ['colcon_meta']
[0.086s] Level 1:colcon.colcon_core.package_identification:_identify(src/control_ros_pkgs/waypoint_follower) by extension 'colcon_meta'
[0.086s] Level 1:colcon.colcon_core.package_identification:_identify(src/control_ros_pkgs/waypoint_follower) by extensions ['ros']
[0.086s] Level 1:colcon.colcon_core.package_identification:_identify(src/control_ros_pkgs/waypoint_follower) by extension 'ros'
[0.086s] DEBUG:colcon.colcon_core.package_identification:Package 'src/control_ros_pkgs/waypoint_follower' with type 'ros.ament_python' and name 'waypoint_follower'
[0.086s] Level 1:colcon.colcon_core.package_identification:_identify(src/detection_ros_pkgs) by extensions ['ignore', 'ignore_ament_install']
[0.086s] Level 1:colcon.colcon_core.package_identification:_identify(src/detection_ros_pkgs) by extension 'ignore'
[0.086s] Level 1:colcon.colcon_core.package_identification:_identify(src/detection_ros_pkgs) by extension 'ignore_ament_install'
[0.086s] Level 1:colcon.colcon_core.package_identification:_identify(src/detection_ros_pkgs) by extensions ['colcon_pkg']
[0.086s] Level 1:colcon.colcon_core.package_identification:_identify(src/detection_ros_pkgs) by extension 'colcon_pkg'
[0.086s] Level 1:colcon.colcon_core.package_identification:_identify(src/detection_ros_pkgs) by extensions ['colcon_meta']
[0.086s] Level 1:colcon.colcon_core.package_identification:_identify(src/detection_ros_pkgs) by extension 'colcon_meta'
[0.086s] Level 1:colcon.colcon_core.package_identification:_identify(src/detection_ros_pkgs) by extensions ['ros']
[0.086s] Level 1:colcon.colcon_core.package_identification:_identify(src/detection_ros_pkgs) by extension 'ros'
[0.086s] Level 1:colcon.colcon_core.package_identification:_identify(src/detection_ros_pkgs) by extensions ['cmake', 'python']
[0.086s] Level 1:colcon.colcon_core.package_identification:_identify(src/detection_ros_pkgs) by extension 'cmake'
[0.086s] Level 1:colcon.colcon_core.package_identification:_identify(src/detection_ros_pkgs) by extension 'python'
[0.086s] Level 1:colcon.colcon_core.package_identification:_identify(src/detection_ros_pkgs) by extensions ['python_setup_py']
[0.086s] Level 1:colcon.colcon_core.package_identification:_identify(src/detection_ros_pkgs) by extension 'python_setup_py'
[0.086s] Level 1:colcon.colcon_core.package_identification:_identify(src/detection_ros_pkgs/yolo_ros) by extensions ['ignore', 'ignore_ament_install']
[0.087s] Level 1:colcon.colcon_core.package_identification:_identify(src/detection_ros_pkgs/yolo_ros) by extension 'ignore'
[0.087s] Level 1:colcon.colcon_core.package_identification:_identify(src/detection_ros_pkgs/yolo_ros) by extension 'ignore_ament_install'
[0.087s] Level 1:colcon.colcon_core.package_identification:_identify(src/detection_ros_pkgs/yolo_ros) by extensions ['colcon_pkg']
[0.087s] Level 1:colcon.colcon_core.package_identification:_identify(src/detection_ros_pkgs/yolo_ros) by extension 'colcon_pkg'
[0.087s] Level 1:colcon.colcon_core.package_identification:_identify(src/detection_ros_pkgs/yolo_ros) by extensions ['colcon_meta']
[0.087s] Level 1:colcon.colcon_core.package_identification:_identify(src/detection_ros_pkgs/yolo_ros) by extension 'colcon_meta'
[0.087s] Level 1:colcon.colcon_core.package_identification:_identify(src/detection_ros_pkgs/yolo_ros) by extensions ['ros']
[0.087s] Level 1:colcon.colcon_core.package_identification:_identify(src/detection_ros_pkgs/yolo_ros) by extension 'ros'
[0.087s] Level 1:colcon.colcon_core.package_identification:_identify(src/detection_ros_pkgs/yolo_ros) by extensions ['cmake', 'python']
[0.087s] Level 1:colcon.colcon_core.package_identification:_identify(src/detection_ros_pkgs/yolo_ros) by extension 'cmake'
[0.087s] Level 1:colcon.colcon_core.package_identification:_identify(src/detection_ros_pkgs/yolo_ros) by extension 'python'
[0.087s] Level 1:colcon.colcon_core.package_identification:_identify(src/detection_ros_pkgs/yolo_ros) by extensions ['python_setup_py']
[0.087s] Level 1:colcon.colcon_core.package_identification:_identify(src/detection_ros_pkgs/yolo_ros) by extension 'python_setup_py'
[0.087s] Level 1:colcon.colcon_core.package_identification:_identify(src/detection_ros_pkgs/yolo_ros/docs) by extensions ['ignore', 'ignore_ament_install']
[0.087s] Level 1:colcon.colcon_core.package_identification:_identify(src/detection_ros_pkgs/yolo_ros/docs) by extension 'ignore'
[0.087s] Level 1:colcon.colcon_core.package_identification:_identify(src/detection_ros_pkgs/yolo_ros/docs) by extension 'ignore_ament_install'
[0.087s] Level 1:colcon.colcon_core.package_identification:_identify(src/detection_ros_pkgs/yolo_ros/docs) by extensions ['colcon_pkg']
[0.087s] Level 1:colcon.colcon_core.package_identification:_identify(src/detection_ros_pkgs/yolo_ros/docs) by extension 'colcon_pkg'
[0.087s] Level 1:colcon.colcon_core.package_identification:_identify(src/detection_ros_pkgs/yolo_ros/docs) by extensions ['colcon_meta']
[0.087s] Level 1:colcon.colcon_core.package_identification:_identify(src/detection_ros_pkgs/yolo_ros/docs) by extension 'colcon_meta'
[0.087s] Level 1:colcon.colcon_core.package_identification:_identify(src/detection_ros_pkgs/yolo_ros/docs) by extensions ['ros']
[0.087s] Level 1:colcon.colcon_core.package_identification:_identify(src/detection_ros_pkgs/yolo_ros/docs) by extension 'ros'
[0.087s] Level 1:colcon.colcon_core.package_identification:_identify(src/detection_ros_pkgs/yolo_ros/docs) by extensions ['cmake', 'python']
[0.087s] Level 1:colcon.colcon_core.package_identification:_identify(src/detection_ros_pkgs/yolo_ros/docs) by extension 'cmake'
[0.087s] Level 1:colcon.colcon_core.package_identification:_identify(src/detection_ros_pkgs/yolo_ros/docs) by extension 'python'
[0.087s] Level 1:colcon.colcon_core.package_identification:_identify(src/detection_ros_pkgs/yolo_ros/docs) by extensions ['python_setup_py']
[0.087s] Level 1:colcon.colcon_core.package_identification:_identify(src/detection_ros_pkgs/yolo_ros/docs) by extension 'python_setup_py'
[0.087s] Level 1:colcon.colcon_core.package_identification:_identify(src/detection_ros_pkgs/yolo_ros/yolo_bringup) by extensions ['ignore', 'ignore_ament_install']
[0.087s] Level 1:colcon.colcon_core.package_identification:_identify(src/detection_ros_pkgs/yolo_ros/yolo_bringup) by extension 'ignore'
[0.087s] Level 1:colcon.colcon_core.package_identification:_identify(src/detection_ros_pkgs/yolo_ros/yolo_bringup) by extension 'ignore_ament_install'
[0.087s] Level 1:colcon.colcon_core.package_identification:_identify(src/detection_ros_pkgs/yolo_ros/yolo_bringup) by extensions ['colcon_pkg']
[0.087s] Level 1:colcon.colcon_core.package_identification:_identify(src/detection_ros_pkgs/yolo_ros/yolo_bringup) by extension 'colcon_pkg'
[0.087s] Level 1:colcon.colcon_core.package_identification:_identify(src/detection_ros_pkgs/yolo_ros/yolo_bringup) by extensions ['colcon_meta']
[0.087s] Level 1:colcon.colcon_core.package_identification:_identify(src/detection_ros_pkgs/yolo_ros/yolo_bringup) by extension 'colcon_meta'
[0.087s] Level 1:colcon.colcon_core.package_identification:_identify(src/detection_ros_pkgs/yolo_ros/yolo_bringup) by extensions ['ros']
[0.087s] Level 1:colcon.colcon_core.package_identification:_identify(src/detection_ros_pkgs/yolo_ros/yolo_bringup) by extension 'ros'
[0.087s] DEBUG:colcon.colcon_core.package_identification:Package 'src/detection_ros_pkgs/yolo_ros/yolo_bringup' with type 'ros.ament_cmake' and name 'yolo_bringup'
[0.087s] Level 1:colcon.colcon_core.package_identification:_identify(src/detection_ros_pkgs/yolo_ros/yolo_msgs) by extensions ['ignore', 'ignore_ament_install']
[0.087s] Level 1:colcon.colcon_core.package_identification:_identify(src/detection_ros_pkgs/yolo_ros/yolo_msgs) by extension 'ignore'
[0.087s] Level 1:colcon.colcon_core.package_identification:_identify(src/detection_ros_pkgs/yolo_ros/yolo_msgs) by extension 'ignore_ament_install'
[0.087s] Level 1:colcon.colcon_core.package_identification:_identify(src/detection_ros_pkgs/yolo_ros/yolo_msgs) by extensions ['colcon_pkg']
[0.087s] Level 1:colcon.colcon_core.package_identification:_identify(src/detection_ros_pkgs/yolo_ros/yolo_msgs) by extension 'colcon_pkg'
[0.087s] Level 1:colcon.colcon_core.package_identification:_identify(src/detection_ros_pkgs/yolo_ros/yolo_msgs) by extensions ['colcon_meta']
[0.087s] Level 1:colcon.colcon_core.package_identification:_identify(src/detection_ros_pkgs/yolo_ros/yolo_msgs) by extension 'colcon_meta'
[0.087s] Level 1:colcon.colcon_core.package_identification:_identify(src/detection_ros_pkgs/yolo_ros/yolo_msgs) by extensions ['ros']
[0.087s] Level 1:colcon.colcon_core.package_identification:_identify(src/detection_ros_pkgs/yolo_ros/yolo_msgs) by extension 'ros'
[0.087s] DEBUG:colcon.colcon_core.package_identification:Package 'src/detection_ros_pkgs/yolo_ros/yolo_msgs' with type 'ros.ament_cmake' and name 'yolo_msgs'
[0.088s] Level 1:colcon.colcon_core.package_identification:_identify(src/detection_ros_pkgs/yolo_ros/yolo_ros) by extensions ['ignore', 'ignore_ament_install']
[0.088s] Level 1:colcon.colcon_core.package_identification:_identify(src/detection_ros_pkgs/yolo_ros/yolo_ros) by extension 'ignore'
[0.088s] Level 1:colcon.colcon_core.package_identification:_identify(src/detection_ros_pkgs/yolo_ros/yolo_ros) by extension 'ignore_ament_install'
[0.088s] Level 1:colcon.colcon_core.package_identification:_identify(src/detection_ros_pkgs/yolo_ros/yolo_ros) by extensions ['colcon_pkg']
[0.088s] Level 1:colcon.colcon_core.package_identification:_identify(src/detection_ros_pkgs/yolo_ros/yolo_ros) by extension 'colcon_pkg'
[0.088s] Level 1:colcon.colcon_core.package_identification:_identify(src/detection_ros_pkgs/yolo_ros/yolo_ros) by extensions ['colcon_meta']
[0.088s] Level 1:colcon.colcon_core.package_identification:_identify(src/detection_ros_pkgs/yolo_ros/yolo_ros) by extension 'colcon_meta'
[0.088s] Level 1:colcon.colcon_core.package_identification:_identify(src/detection_ros_pkgs/yolo_ros/yolo_ros) by extensions ['ros']
[0.088s] Level 1:colcon.colcon_core.package_identification:_identify(src/detection_ros_pkgs/yolo_ros/yolo_ros) by extension 'ros'
[0.088s] DEBUG:colcon.colcon_core.package_identification:Package 'src/detection_ros_pkgs/yolo_ros/yolo_ros' with type 'ros.ament_python' and name 'yolo_ros'
[0.088s] Level 1:colcon.colcon_core.package_discovery:discover_packages(recursive) using defaults
[0.088s] Level 1:colcon.colcon_core.package_discovery:discover_packages(ignore) discover
[0.088s] Level 1:colcon.colcon_core.package_discovery:discover_packages(ignore) using defaults
[0.088s] Level 1:colcon.colcon_core.package_discovery:discover_packages(path) discover
[0.088s] Level 1:colcon.colcon_core.package_discovery:discover_packages(path) using defaults
[0.097s] Level 1:colcon.colcon_core.package_discovery:discover_packages(prefix_path) check parameters
[0.097s] Level 1:colcon.colcon_core.package_discovery:discover_packages(prefix_path) discover
[0.099s] DEBUG:colcon.colcon_installed_package_information.package_discovery:Found 593 installed packages in /opt/ros/jazzy
[0.100s] Level 1:colcon.colcon_core.package_discovery:discover_packages(prefix_path) using defaults
[0.139s] Level 5:colcon.colcon_core.verb:set package 'waypoint_follower' build argument 'cmake_args' from command line to '['-DCMAKE_BUILD_TYPE=Release']'
[0.139s] Level 5:colcon.colcon_core.verb:set package 'waypoint_follower' build argument 'cmake_target' from command line to 'None'
[0.139s] Level 5:colcon.colcon_core.verb:set package 'waypoint_follower' build argument 'cmake_target_skip_unavailable' from command line to 'False'
[0.140s] Level 5:colcon.colcon_core.verb:set package 'waypoint_follower' build argument 'cmake_clean_cache' from command line to 'False'
[0.140s] Level 5:colcon.colcon_core.verb:set package 'waypoint_follower' build argument 'cmake_clean_first' from command line to 'False'
[0.140s] Level 5:colcon.colcon_core.verb:set package 'waypoint_follower' build argument 'cmake_force_configure' from command line to 'False'
[0.140s] Level 5:colcon.colcon_core.verb:set package 'waypoint_follower' build argument 'ament_cmake_args' from command line to 'None'
[0.140s] Level 5:colcon.colcon_core.verb:set package 'waypoint_follower' build argument 'catkin_cmake_args' from command line to 'None'
[0.140s] Level 5:colcon.colcon_core.verb:set package 'waypoint_follower' build argument 'catkin_skip_building_tests' from command line to 'False'
[0.140s] DEBUG:colcon.colcon_core.verb:Building package 'waypoint_follower' with the following arguments: {'ament_cmake_args': None, 'build_base': '/home/user/autonomy_stack_ros_jazzy/build/waypoint_follower', 'catkin_cmake_args': None, 'catkin_skip_building_tests': False, 'cmake_args': ['-DCMAKE_BUILD_TYPE=Release'], 'cmake_clean_cache': False, 'cmake_clean_first': False, 'cmake_force_configure': False, 'cmake_target': None, 'cmake_target_skip_unavailable': False, 'install_base': '/home/user/autonomy_stack_ros_jazzy/install/waypoint_follower', 'merge_install': False, 'path': '/home/user/autonomy_stack_ros_jazzy/src/control_ros_pkgs/waypoint_follower', 'symlink_install': True, 'test_result_base': None}
[0.140s] Level 5:colcon.colcon_core.verb:set package 'yolo_msgs' build argument 'cmake_args' from command line to '['-DCMAKE_BUILD_TYPE=Release']'
[0.140s] Level 5:colcon.colcon_core.verb:set package 'yolo_msgs' build argument 'cmake_target' from command line to 'None'
[0.140s] Level 5:colcon.colcon_core.verb:set package 'yolo_msgs' build argument 'cmake_target_skip_unavailable' from command line to 'False'
[0.140s] Level 5:colcon.colcon_core.verb:set package 'yolo_msgs' build argument 'cmake_clean_cache' from command line to 'False'
[0.140s] Level 5:colcon.colcon_core.verb:set package 'yolo_msgs' build argument 'cmake_clean_first' from command line to 'False'
[0.140s] Level 5:colcon.colcon_core.verb:set package 'yolo_msgs' build argument 'cmake_force_configure' from command line to 'False'
[0.140s] Level 5:colcon.colcon_core.verb:set package 'yolo_msgs' build argument 'ament_cmake_args' from command line to 'None'
[0.140s] Level 5:colcon.colcon_core.verb:set package 'yolo_msgs' build argument 'catkin_cmake_args' from command line to 'None'
[0.140s] Level 5:colcon.colcon_core.verb:set package 'yolo_msgs' build argument 'catkin_skip_building_tests' from command line to 'False'
[0.140s] DEBUG:colcon.colcon_core.verb:Building package 'yolo_msgs' with the following arguments: {'ament_cmake_args': None, 'build_base': '/home/user/autonomy_stack_ros_jazzy/build/yolo_msgs', 'catkin_cmake_args': None, 'catkin_skip_building_tests': False, 'cmake_args': ['-DCMAKE_BUILD_TYPE=Release'], 'cmake_clean_cache': False, 'cmake_clean_first': False, 'cmake_force_configure': False, 'cmake_target': None, 'cmake_target_skip_unavailable': False, 'install_base': '/home/user/autonomy_stack_ros_jazzy/install/yolo_msgs', 'merge_install': False, 'path': '/home/user/autonomy_stack_ros_jazzy/src/detection_ros_pkgs/yolo_ros/yolo_msgs', 'symlink_install': True, 'test_result_base': None}
[0.140s] Level 5:colcon.colcon_core.verb:set package 'person_follower' build argument 'cmake_args' from command line to '['-DCMAKE_BUILD_TYPE=Release']'
[0.140s] Level 5:colcon.colcon_core.verb:set package 'person_follower' build argument 'cmake_target' from command line to 'None'
[0.140s] Level 5:colcon.colcon_core.verb:set package 'person_follower' build argument 'cmake_target_skip_unavailable' from command line to 'False'
[0.140s] Level 5:colcon.colcon_core.verb:set package 'person_follower' build argument 'cmake_clean_cache' from command line to 'False'
[0.140s] Level 5:colcon.colcon_core.verb:set package 'person_follower' build argument 'cmake_clean_first' from command line to 'False'
[0.140s] Level 5:colcon.colcon_core.verb:set package 'person_follower' build argument 'cmake_force_configure' from command line to 'False'
[0.140s] Level 5:colcon.colcon_core.verb:set package 'person_follower' build argument 'ament_cmake_args' from command line to 'None'
[0.140s] Level 5:colcon.colcon_core.verb:set package 'person_follower' build argument 'catkin_cmake_args' from command line to 'None'
[0.140s] Level 5:colcon.colcon_core.verb:set package 'person_follower' build argument 'catkin_skip_building_tests' from command line to 'False'
[0.140s] DEBUG:colcon.colcon_core.verb:Building package 'person_follower' with the following arguments: {'ament_cmake_args': None, 'build_base': '/home/user/autonomy_stack_ros_jazzy/build/person_follower', 'catkin_cmake_args': None, 'catkin_skip_building_tests': False, 'cmake_args': ['-DCMAKE_BUILD_TYPE=Release'], 'cmake_clean_cache': False, 'cmake_clean_first': False, 'cmake_force_configure': False, 'cmake_target': None, 'cmake_target_skip_unavailable': False, 'install_base': '/home/user/autonomy_stack_ros_jazzy/install/person_follower', 'merge_install': False, 'path': '/home/user/autonomy_stack_ros_jazzy/src/control_ros_pkgs/person_follower', 'symlink_install': True, 'test_result_base': None}
[0.140s] Level 5:colcon.colcon_core.verb:set package 'yolo_ros' build argument 'cmake_args' from command line to '['-DCMAKE_BUILD_TYPE=Release']'
[0.140s] Level 5:colcon.colcon_core.verb:set package 'yolo_ros' build argument 'cmake_target' from command line to 'None'
[0.140s] Level 5:colcon.colcon_core.verb:set package 'yolo_ros' build argument 'cmake_target_skip_unavailable' from command line to 'False'
[0.140s] Level 5:colcon.colcon_core.verb:set package 'yolo_ros' build argument 'cmake_clean_cache' from command line to 'False'
[0.140s] Level 5:colcon.colcon_core.verb:set package 'yolo_ros' build argument 'cmake_clean_first' from command line to 'False'
[0.140s] Level 5:colcon.colcon_core.verb:set package 'yolo_ros' build argument 'cmake_force_configure' from command line to 'False'
[0.140s] Level 5:colcon.colcon_core.verb:set package 'yolo_ros' build argument 'ament_cmake_args' from command line to 'None'
[0.140s] Level 5:colcon.colcon_core.verb:set package 'yolo_ros' build argument 'catkin_cmake_args' from command line to 'None'
[0.140s] Level 5:colcon.colcon_core.verb:set package 'yolo_ros' build argument 'catkin_skip_building_tests' from command line to 'False'
[0.140s] DEBUG:colcon.colcon_core.verb:Building package 'yolo_ros' with the following arguments: {'ament_cmake_args': None, 'build_base': '/home/user/autonomy_stack_ros_jazzy/build/yolo_ros', 'catkin_cmake_args': None, 'catkin_skip_building_tests': False, 'cmake_args': ['-DCMAKE_BUILD_TYPE=Release'], 'cmake_clean_cache': False, 'cmake_clean_first': False, 'cmake_force_configure': False, 'cmake_target': None, 'cmake_target_skip_unavailable': False, 'install_base': '/home/user/autonomy_stack_ros_jazzy/install/yolo_ros', 'merge_install': False, 'path': '/home/user/autonomy_stack_ros_jazzy/src/detection_ros_pkgs/yolo_ros/yolo_ros', 'symlink_install': True, 'test_result_base': None}
[0.140s] Level 5:colcon.colcon_core.verb:set package 'yolo_bringup' build argument 'cmake_args' from command line to '['-DCMAKE_BUILD_TYPE=Release']'
[0.140s] Level 5:colcon.colcon_core.verb:set package 'yolo_bringup' build argument 'cmake_target' from command line to 'None'
[0.140s] Level 5:colcon.colcon_core.verb:set package 'yolo_bringup' build argument 'cmake_target_skip_unavailable' from command line to 'False'
[0.140s] Level 5:colcon.colcon_core.verb:set package 'yolo_bringup' build argument 'cmake_clean_cache' from command line to 'False'
[0.140s] Level 5:colcon.colcon_core.verb:set package 'yolo_bringup' build argument 'cmake_clean_first' from command line to 'False'
[0.140s] Level 5:colcon.colcon_core.verb:set package 'yolo_bringup' build argument 'cmake_force_configure' from command line to 'False'
[0.140s] Level 5:colcon.colcon_core.verb:set package 'yolo_bringup' build argument 'ament_cmake_args' from command line to 'None'
[0.140s] Level 5:colcon.colcon_core.verb:set package 'yolo_bringup' build argument 'catkin_cmake_args' from command line to 'None'
[0.140s] Level 5:colcon.colcon_core.verb:set package 'yolo_bringup' build argument 'catkin_skip_building_tests' from command line to 'False'
[0.140s] DEBUG:colcon.colcon_core.verb:Building package 'yolo_bringup' with the following arguments: {'ament_cmake_args': None, 'build_base': '/home/user/autonomy_stack_ros_jazzy/build/yolo_bringup', 'catkin_cmake_args': None, 'catkin_skip_building_tests': False, 'cmake_args': ['-DCMAKE_BUILD_TYPE=Release'], 'cmake_clean_cache': False, 'cmake_clean_first': False, 'cmake_force_configure': False, 'cmake_target': None, 'cmake_target_skip_unavailable': False, 'install_base': '/home/user/autonomy_stack_ros_jazzy/install/yolo_bringup', 'merge_install': False, 'path': '/home/user/autonomy_stack_ros_jazzy/src/detection_ros_pkgs/yolo_ros/yolo_bringup', 'symlink_install': True, 'test_result_base': None}
[0.140s] INFO:colcon.colcon_core.executor:Executing jobs using 'parallel' executor
[0.141s] DEBUG:colcon.colcon_parallel_executor.executor.parallel:run_until_complete
[0.141s] INFO:colcon.colcon_ros.task.ament_cmake.build:Building ROS package in '/home/user/autonomy_stack_ros_jazzy/src/detection_ros_pkgs/yolo_ros/yolo_msgs' with build type 'ament_cmake'
[0.141s] INFO:colcon.colcon_cmake.task.cmake.build:Building CMake package in '/home/user/autonomy_stack_ros_jazzy/src/detection_ros_pkgs/yolo_ros/yolo_msgs'
[0.142s] INFO:colcon.colcon_core.plugin_system:Skipping extension 'colcon_core.shell.bat': Not used on non-Windows systems
[0.142s] INFO:colcon.colcon_core.shell:Skip shell extension 'powershell' for command environment: Not usable outside of PowerShell
[0.142s] DEBUG:colcon.colcon_core.shell:Skip shell extension 'dsv' for command environment
[0.145s] INFO:colcon.colcon_ros.task.ament_python.build:Building ROS package in '/home/user/autonomy_stack_ros_jazzy/src/control_ros_pkgs/waypoint_follower' with build type 'ament_python'
[0.145s] Level 1:colcon.colcon_core.shell:create_environment_hook('waypoint_follower', 'ament_prefix_path')
[0.145s] INFO:colcon.colcon_core.shell:Creating environment hook '/home/user/autonomy_stack_ros_jazzy/install/waypoint_follower/share/waypoint_follower/hook/ament_prefix_path.ps1'
[0.145s] INFO:colcon.colcon_core.shell:Creating environment descriptor '/home/user/autonomy_stack_ros_jazzy/install/waypoint_follower/share/waypoint_follower/hook/ament_prefix_path.dsv'
[0.145s] INFO:colcon.colcon_core.shell:Creating environment hook '/home/user/autonomy_stack_ros_jazzy/install/waypoint_follower/share/waypoint_follower/hook/ament_prefix_path.sh'
[0.146s] INFO:colcon.colcon_core.shell:Skip shell extension 'powershell' for command environment: Not usable outside of PowerShell
[0.146s] DEBUG:colcon.colcon_core.shell:Skip shell extension 'dsv' for command environment
[0.150s] DEBUG:colcon.colcon_core.event_handler.log_command:Invoking command in '/home/user/autonomy_stack_ros_jazzy/build/yolo_msgs': CMAKE_PREFIX_PATH=${CMAKE_PREFIX_PATH}:/opt/ros/jazzy /usr/bin/cmake /home/user/autonomy_stack_ros_jazzy/src/detection_ros_pkgs/yolo_ros/yolo_msgs -DCMAKE_BUILD_TYPE=Release -DAMENT_CMAKE_SYMLINK_INSTALL=1 -DCMAKE_INSTALL_PREFIX=/home/user/autonomy_stack_ros_jazzy/install/yolo_msgs
[0.274s] INFO:colcon.colcon_core.task.python.build:Building Python package in '/home/user/autonomy_stack_ros_jazzy/src/control_ros_pkgs/waypoint_follower'
[0.274s] INFO:colcon.colcon_core.shell:Skip shell extension 'powershell' for command environment: Not usable outside of PowerShell
[0.274s] DEBUG:colcon.colcon_core.shell:Skip shell extension 'dsv' for command environment
[0.531s] DEBUG:colcon.colcon_core.task.python.build:Available setuptools commands: install_egg_info, build_scripts, install, clean, install_headers, bdist_egg, compile_catalog, develop, update_catalog, easy_install, test, symlink_data, alias, build_ext, install_data, dist_info, setopt, register, bdist_rpm, egg_info, rotate, sdist, check, upload, bdist_wheel, extract_messages, build_py, install_scripts, saveopts, bdist_dumb, build, upload_docs, install_lib, build_clib, bdist, editable_wheel, init_catalog
[0.678s] DEBUG:colcon.colcon_core.task.python.build:Available setuptools 'develop' options: --site-dirs, --zip-ok, --build-directory, --editable, --dry-run, --always-unzip, --index-url, --local-snapshots-ok, --optimize, --force-installation-into-system-dir, --allow-hosts, --install-layout, --verbose, --script-dir, --egg-path, --quiet, --version, --uninstall, --find-links, --exclude-scripts, --install-dir, --no-deps, --help, --multi-version, --no-find-links, --no-user-cfg, --prefix, --upgrade, --record, --always-copy, --user
[0.680s] DEBUG:colcon.colcon_core.event_handler.log_command:Invoking command in '/home/user/autonomy_stack_ros_jazzy/build/waypoint_follower': PYTHONPATH=/home/user/autonomy_stack_ros_jazzy/build/waypoint_follower/prefix_override:/usr/lib/python3/dist-packages/colcon_core/task/python/colcon_distutils_commands:/home/user/autonomy_stack_ros_jazzy/install/waypoint_follower/lib/python3.12/site-packages:${PYTHONPATH} /usr/bin/python3 -W ignore:setup.py install is deprecated -W ignore:easy_install command is deprecated setup.py develop --editable --build-directory /home/user/autonomy_stack_ros_jazzy/build/waypoint_follower/build --no-deps symlink_data
[1.008s] Level 1:colcon.colcon_core.shell:create_environment_hook('waypoint_follower', 'pythonpath_develop')
[1.008s] INFO:colcon.colcon_core.shell:Creating environment hook '/home/user/autonomy_stack_ros_jazzy/build/waypoint_follower/share/waypoint_follower/hook/pythonpath_develop.ps1'
[1.009s] INFO:colcon.colcon_core.shell:Creating environment descriptor '/home/user/autonomy_stack_ros_jazzy/build/waypoint_follower/share/waypoint_follower/hook/pythonpath_develop.dsv'
[1.009s] DEBUG:colcon.colcon_core.event_handler.log_command:Invoked command in '/home/user/autonomy_stack_ros_jazzy/build/waypoint_follower' returned '0': PYTHONPATH=/home/user/autonomy_stack_ros_jazzy/build/waypoint_follower/prefix_override:/usr/lib/python3/dist-packages/colcon_core/task/python/colcon_distutils_commands:/home/user/autonomy_stack_ros_jazzy/install/waypoint_follower/lib/python3.12/site-packages:${PYTHONPATH} /usr/bin/python3 -W ignore:setup.py install is deprecated -W ignore:easy_install command is deprecated setup.py develop --editable --build-directory /home/user/autonomy_stack_ros_jazzy/build/waypoint_follower/build --no-deps symlink_data
[1.009s] INFO:colcon.colcon_core.shell:Creating environment hook '/home/user/autonomy_stack_ros_jazzy/build/waypoint_follower/share/waypoint_follower/hook/pythonpath_develop.sh'
[1.010s] Level 1:colcon.colcon_core.environment:checking '/home/user/autonomy_stack_ros_jazzy/install/waypoint_follower' for CMake module files
[1.010s] Level 1:colcon.colcon_core.environment:checking '/home/user/autonomy_stack_ros_jazzy/install/waypoint_follower' for CMake config files
[1.011s] Level 1:colcon.colcon_core.environment:checking '/home/user/autonomy_stack_ros_jazzy/install/waypoint_follower/lib'
[1.011s] Level 1:colcon.colcon_core.environment:checking '/home/user/autonomy_stack_ros_jazzy/install/waypoint_follower/bin'
[1.011s] Level 1:colcon.colcon_core.environment:checking '/home/user/autonomy_stack_ros_jazzy/install/waypoint_follower/lib/pkgconfig/waypoint_follower.pc'
[1.011s] Level 1:colcon.colcon_core.environment:checking '/home/user/autonomy_stack_ros_jazzy/install/waypoint_follower/lib/python3.12/site-packages'
[1.011s] Level 1:colcon.colcon_core.shell:create_environment_hook('waypoint_follower', 'pythonpath')
[1.011s] INFO:colcon.colcon_core.shell:Creating environment hook '/home/user/autonomy_stack_ros_jazzy/install/waypoint_follower/share/waypoint_follower/hook/pythonpath.ps1'
[1.011s] INFO:colcon.colcon_core.shell:Creating environment descriptor '/home/user/autonomy_stack_ros_jazzy/install/waypoint_follower/share/waypoint_follower/hook/pythonpath.dsv'
[1.011s] INFO:colcon.colcon_core.shell:Creating environment hook '/home/user/autonomy_stack_ros_jazzy/install/waypoint_follower/share/waypoint_follower/hook/pythonpath.sh'
[1.011s] Level 1:colcon.colcon_core.environment:checking '/home/user/autonomy_stack_ros_jazzy/install/waypoint_follower/bin'
[1.011s] Level 1:colcon.colcon_core.environment:create_environment_scripts_only(waypoint_follower)
[1.011s] INFO:colcon.colcon_core.shell:Creating package script '/home/user/autonomy_stack_ros_jazzy/install/waypoint_follower/share/waypoint_follower/package.ps1'
[1.012s] INFO:colcon.colcon_core.shell:Creating package descriptor '/home/user/autonomy_stack_ros_jazzy/install/waypoint_follower/share/waypoint_follower/package.dsv'
[1.012s] INFO:colcon.colcon_core.shell:Creating package script '/home/user/autonomy_stack_ros_jazzy/install/waypoint_follower/share/waypoint_follower/package.sh'
[1.012s] INFO:colcon.colcon_core.shell:Creating package script '/home/user/autonomy_stack_ros_jazzy/install/waypoint_follower/share/waypoint_follower/package.bash'
[1.012s] INFO:colcon.colcon_core.shell:Creating package script '/home/user/autonomy_stack_ros_jazzy/install/waypoint_follower/share/waypoint_follower/package.zsh'
[1.013s] Level 1:colcon.colcon_core.environment:create_file_with_runtime_dependencies(/home/user/autonomy_stack_ros_jazzy/install/waypoint_follower/share/colcon-core/packages/waypoint_follower)
[2.646s] DEBUG:colcon.colcon_core.event_handler.log_command:Invoked command in '/home/user/autonomy_stack_ros_jazzy/build/yolo_msgs' returned '0': CMAKE_PREFIX_PATH=${CMAKE_PREFIX_PATH}:/opt/ros/jazzy /usr/bin/cmake /home/user/autonomy_stack_ros_jazzy/src/detection_ros_pkgs/yolo_ros/yolo_msgs -DCMAKE_BUILD_TYPE=Release -DAMENT_CMAKE_SYMLINK_INSTALL=1 -DCMAKE_INSTALL_PREFIX=/home/user/autonomy_stack_ros_jazzy/install/yolo_msgs
[2.647s] DEBUG:colcon.colcon_core.event_handler.log_command:Invoking command in '/home/user/autonomy_stack_ros_jazzy/build/yolo_msgs': CMAKE_PREFIX_PATH=${CMAKE_PREFIX_PATH}:/opt/ros/jazzy /usr/bin/cmake --build /home/user/autonomy_stack_ros_jazzy/build/yolo_msgs -- -j20 -l20
[6.264s] DEBUG:colcon.colcon_core.event_handler.log_command:Invoked command in '/home/user/autonomy_stack_ros_jazzy/build/yolo_msgs' returned '0': CMAKE_PREFIX_PATH=${CMAKE_PREFIX_PATH}:/opt/ros/jazzy /usr/bin/cmake --build /home/user/autonomy_stack_ros_jazzy/build/yolo_msgs -- -j20 -l20
[6.271s] DEBUG:colcon.colcon_core.event_handler.log_command:Invoking command in '/home/user/autonomy_stack_ros_jazzy/build/yolo_msgs': CMAKE_PREFIX_PATH=${CMAKE_PREFIX_PATH}:/opt/ros/jazzy /usr/bin/cmake --install /home/user/autonomy_stack_ros_jazzy/build/yolo_msgs
[8.418s] Level 1:colcon.colcon_core.environment:create_environment_scripts_only(yolo_msgs)
[8.418s] Level 1:colcon.colcon_core.environment:checking '/home/user/autonomy_stack_ros_jazzy/install/yolo_msgs' for CMake module files
[8.418s] DEBUG:colcon.colcon_core.event_handler.log_command:Invoked command in '/home/user/autonomy_stack_ros_jazzy/build/yolo_msgs' returned '0': CMAKE_PREFIX_PATH=${CMAKE_PREFIX_PATH}:/opt/ros/jazzy /usr/bin/cmake --install /home/user/autonomy_stack_ros_jazzy/build/yolo_msgs
[8.419s] Level 1:colcon.colcon_core.environment:checking '/home/user/autonomy_stack_ros_jazzy/install/yolo_msgs' for CMake config files
[8.419s] Level 1:colcon.colcon_core.shell:create_environment_hook('yolo_msgs', 'cmake_prefix_path')
[8.419s] INFO:colcon.colcon_core.shell:Creating environment hook '/home/user/autonomy_stack_ros_jazzy/install/yolo_msgs/share/yolo_msgs/hook/cmake_prefix_path.ps1'
[8.419s] INFO:colcon.colcon_core.shell:Creating environment descriptor '/home/user/autonomy_stack_ros_jazzy/install/yolo_msgs/share/yolo_msgs/hook/cmake_prefix_path.dsv'
[8.419s] INFO:colcon.colcon_core.shell:Creating environment hook '/home/user/autonomy_stack_ros_jazzy/install/yolo_msgs/share/yolo_msgs/hook/cmake_prefix_path.sh'
[8.420s] Level 1:colcon.colcon_core.environment:checking '/home/user/autonomy_stack_ros_jazzy/install/yolo_msgs/lib'
[8.420s] Level 1:colcon.colcon_core.shell:create_environment_hook('yolo_msgs', 'ld_library_path_lib')
[8.420s] INFO:colcon.colcon_core.shell:Creating environment hook '/home/user/autonomy_stack_ros_jazzy/install/yolo_msgs/share/yolo_msgs/hook/ld_library_path_lib.ps1'
[8.420s] INFO:colcon.colcon_core.shell:Creating environment descriptor '/home/user/autonomy_stack_ros_jazzy/install/yolo_msgs/share/yolo_msgs/hook/ld_library_path_lib.dsv'
[8.420s] INFO:colcon.colcon_core.shell:Creating environment hook '/home/user/autonomy_stack_ros_jazzy/install/yolo_msgs/share/yolo_msgs/hook/ld_library_path_lib.sh'
[8.420s] Level 1:colcon.colcon_core.environment:checking '/home/user/autonomy_stack_ros_jazzy/install/yolo_msgs/bin'
[8.420s] Level 1:colcon.colcon_core.environment:checking '/home/user/autonomy_stack_ros_jazzy/install/yolo_msgs/lib/pkgconfig/yolo_msgs.pc'
[8.420s] Level 1:colcon.colcon_core.environment:checking '/home/user/autonomy_stack_ros_jazzy/install/yolo_msgs/lib/python3.12/site-packages'
[8.420s] Level 1:colcon.colcon_core.shell:create_environment_hook('yolo_msgs', 'pythonpath')
[8.420s] INFO:colcon.colcon_core.shell:Creating environment hook '/home/user/autonomy_stack_ros_jazzy/install/yolo_msgs/share/yolo_msgs/hook/pythonpath.ps1'
[8.420s] INFO:colcon.colcon_core.shell:Creating environment descriptor '/home/user/autonomy_stack_ros_jazzy/install/yolo_msgs/share/yolo_msgs/hook/pythonpath.dsv'
[8.420s] INFO:colcon.colcon_core.shell:Creating environment hook '/home/user/autonomy_stack_ros_jazzy/install/yolo_msgs/share/yolo_msgs/hook/pythonpath.sh'
[8.421s] Level 1:colcon.colcon_core.environment:checking '/home/user/autonomy_stack_ros_jazzy/install/yolo_msgs/bin'
[8.421s] INFO:colcon.colcon_core.shell:Creating package script '/home/user/autonomy_stack_ros_jazzy/install/yolo_msgs/share/yolo_msgs/package.ps1'
[8.421s] INFO:colcon.colcon_core.shell:Creating package descriptor '/home/user/autonomy_stack_ros_jazzy/install/yolo_msgs/share/yolo_msgs/package.dsv'
[8.421s] INFO:colcon.colcon_core.shell:Creating package script '/home/user/autonomy_stack_ros_jazzy/install/yolo_msgs/share/yolo_msgs/package.sh'
[8.421s] INFO:colcon.colcon_core.shell:Creating package script '/home/user/autonomy_stack_ros_jazzy/install/yolo_msgs/share/yolo_msgs/package.bash'
[8.421s] INFO:colcon.colcon_core.shell:Creating package script '/home/user/autonomy_stack_ros_jazzy/install/yolo_msgs/share/yolo_msgs/package.zsh'
[8.421s] Level 1:colcon.colcon_core.environment:create_file_with_runtime_dependencies(/home/user/autonomy_stack_ros_jazzy/install/yolo_msgs/share/colcon-core/packages/yolo_msgs)
[8.422s] Level 1:colcon.colcon_core.environment:create_environment_scripts_only(yolo_msgs)
[8.422s] Level 1:colcon.colcon_core.environment:checking '/home/user/autonomy_stack_ros_jazzy/install/yolo_msgs' for CMake module files
[8.422s] Level 1:colcon.colcon_core.environment:checking '/home/user/autonomy_stack_ros_jazzy/install/yolo_msgs' for CMake config files
[8.422s] Level 1:colcon.colcon_core.shell:create_environment_hook('yolo_msgs', 'cmake_prefix_path')
[8.422s] INFO:colcon.colcon_core.shell:Creating environment hook '/home/user/autonomy_stack_ros_jazzy/install/yolo_msgs/share/yolo_msgs/hook/cmake_prefix_path.ps1'
[8.422s] INFO:colcon.colcon_core.shell:Creating environment descriptor '/home/user/autonomy_stack_ros_jazzy/install/yolo_msgs/share/yolo_msgs/hook/cmake_prefix_path.dsv'
[8.422s] INFO:colcon.colcon_core.shell:Creating environment hook '/home/user/autonomy_stack_ros_jazzy/install/yolo_msgs/share/yolo_msgs/hook/cmake_prefix_path.sh'
[8.423s] Level 1:colcon.colcon_core.environment:checking '/home/user/autonomy_stack_ros_jazzy/install/yolo_msgs/lib'
[8.423s] Level 1:colcon.colcon_core.shell:create_environment_hook('yolo_msgs', 'ld_library_path_lib')
[8.423s] INFO:colcon.colcon_core.shell:Creating environment hook '/home/user/autonomy_stack_ros_jazzy/install/yolo_msgs/share/yolo_msgs/hook/ld_library_path_lib.ps1'
[8.423s] INFO:colcon.colcon_core.shell:Creating environment descriptor '/home/user/autonomy_stack_ros_jazzy/install/yolo_msgs/share/yolo_msgs/hook/ld_library_path_lib.dsv'
[8.423s] INFO:colcon.colcon_core.shell:Creating environment hook '/home/user/autonomy_stack_ros_jazzy/install/yolo_msgs/share/yolo_msgs/hook/ld_library_path_lib.sh'
[8.423s] Level 1:colcon.colcon_core.environment:checking '/home/user/autonomy_stack_ros_jazzy/install/yolo_msgs/bin'
[8.423s] Level 1:colcon.colcon_core.environment:checking '/home/user/autonomy_stack_ros_jazzy/install/yolo_msgs/lib/pkgconfig/yolo_msgs.pc'
[8.423s] Level 1:colcon.colcon_core.environment:checking '/home/user/autonomy_stack_ros_jazzy/install/yolo_msgs/lib/python3.12/site-packages'
[8.423s] Level 1:colcon.colcon_core.shell:create_environment_hook('yolo_msgs', 'pythonpath')
[8.423s] INFO:colcon.colcon_core.shell:Creating environment hook '/home/user/autonomy_stack_ros_jazzy/install/yolo_msgs/share/yolo_msgs/hook/pythonpath.ps1'
[8.423s] INFO:colcon.colcon_core.shell:Creating environment descriptor '/home/user/autonomy_stack_ros_jazzy/install/yolo_msgs/share/yolo_msgs/hook/pythonpath.dsv'
[8.423s] INFO:colcon.colcon_core.shell:Creating environment hook '/home/user/autonomy_stack_ros_jazzy/install/yolo_msgs/share/yolo_msgs/hook/pythonpath.sh'
[8.424s] Level 1:colcon.colcon_core.environment:checking '/home/user/autonomy_stack_ros_jazzy/install/yolo_msgs/bin'
[8.424s] INFO:colcon.colcon_core.shell:Creating package script '/home/user/autonomy_stack_ros_jazzy/install/yolo_msgs/share/yolo_msgs/package.ps1'
[8.424s] INFO:colcon.colcon_core.shell:Creating package descriptor '/home/user/autonomy_stack_ros_jazzy/install/yolo_msgs/share/yolo_msgs/package.dsv'
[8.424s] INFO:colcon.colcon_core.shell:Creating package script '/home/user/autonomy_stack_ros_jazzy/install/yolo_msgs/share/yolo_msgs/package.sh'
[8.424s] INFO:colcon.colcon_core.shell:Creating package script '/home/user/autonomy_stack_ros_jazzy/install/yolo_msgs/share/yolo_msgs/package.bash'
[8.424s] INFO:colcon.colcon_core.shell:Creating package script '/home/user/autonomy_stack_ros_jazzy/install/yolo_msgs/share/yolo_msgs/package.zsh'
[8.424s] Level 1:colcon.colcon_core.environment:create_file_with_runtime_dependencies(/home/user/autonomy_stack_ros_jazzy/install/yolo_msgs/share/colcon-core/packages/yolo_msgs)
[8.425s] INFO:colcon.colcon_ros.task.ament_python.build:Building ROS package in '/home/user/autonomy_stack_ros_jazzy/src/detection_ros_pkgs/yolo_ros/yolo_ros' with build type 'ament_python'
[8.425s] Level 1:colcon.colcon_core.shell:create_environment_hook('yolo_ros', 'ament_prefix_path')
[8.425s] INFO:colcon.colcon_core.shell:Creating environment hook '/home/user/autonomy_stack_ros_jazzy/install/yolo_ros/share/yolo_ros/hook/ament_prefix_path.ps1'
[8.425s] INFO:colcon.colcon_core.shell:Creating environment descriptor '/home/user/autonomy_stack_ros_jazzy/install/yolo_ros/share/yolo_ros/hook/ament_prefix_path.dsv'
[8.425s] INFO:colcon.colcon_core.shell:Creating environment hook '/home/user/autonomy_stack_ros_jazzy/install/yolo_ros/share/yolo_ros/hook/ament_prefix_path.sh'
[8.425s] INFO:colcon.colcon_core.shell:Skip shell extension 'powershell' for command environment: Not usable outside of PowerShell
[8.425s] DEBUG:colcon.colcon_core.shell:Skip shell extension 'dsv' for command environment
[8.428s] INFO:colcon.colcon_ros.task.ament_python.build:Building ROS package in '/home/user/autonomy_stack_ros_jazzy/src/control_ros_pkgs/person_follower' with build type 'ament_python'
[8.428s] Level 1:colcon.colcon_core.shell:create_environment_hook('person_follower', 'ament_prefix_path')
[8.428s] INFO:colcon.colcon_core.shell:Creating environment hook '/home/user/autonomy_stack_ros_jazzy/install/person_follower/share/person_follower/hook/ament_prefix_path.ps1'
[8.428s] INFO:colcon.colcon_core.shell:Creating environment descriptor '/home/user/autonomy_stack_ros_jazzy/install/person_follower/share/person_follower/hook/ament_prefix_path.dsv'
[8.428s] INFO:colcon.colcon_core.shell:Creating environment hook '/home/user/autonomy_stack_ros_jazzy/install/person_follower/share/person_follower/hook/ament_prefix_path.sh'
[8.428s] INFO:colcon.colcon_core.shell:Skip shell extension 'powershell' for command environment: Not usable outside of PowerShell
[8.428s] DEBUG:colcon.colcon_core.shell:Skip shell extension 'dsv' for command environment
[8.608s] INFO:colcon.colcon_core.task.python.build:Building Python package in '/home/user/autonomy_stack_ros_jazzy/src/detection_ros_pkgs/yolo_ros/yolo_ros'
[8.609s] INFO:colcon.colcon_core.shell:Skip shell extension 'powershell' for command environment: Not usable outside of PowerShell
[8.609s] DEBUG:colcon.colcon_core.shell:Skip shell extension 'dsv' for command environment
[8.706s] INFO:colcon.colcon_core.task.python.build:Building Python package in '/home/user/autonomy_stack_ros_jazzy/src/control_ros_pkgs/person_follower'
[8.706s] INFO:colcon.colcon_core.shell:Skip shell extension 'powershell' for command environment: Not usable outside of PowerShell
[8.706s] DEBUG:colcon.colcon_core.shell:Skip shell extension 'dsv' for command environment
[8.990s] DEBUG:colcon.colcon_core.task.python.build:Available setuptools commands: install_egg_info, build_scripts, install, clean, install_headers, bdist_egg, compile_catalog, develop, update_catalog, easy_install, test, symlink_data, alias, build_ext, install_data, dist_info, setopt, register, bdist_rpm, egg_info, rotate, sdist, check, upload, bdist_wheel, extract_messages, build_py, install_scripts, saveopts, bdist_dumb, build, upload_docs, install_lib, build_clib, bdist, editable_wheel, init_catalog
[8.996s] DEBUG:colcon.colcon_core.task.python.build:Available setuptools commands: install_egg_info, build_scripts, install, clean, install_headers, bdist_egg, compile_catalog, develop, update_catalog, easy_install, test, symlink_data, alias, build_ext, install_data, dist_info, setopt, register, bdist_rpm, egg_info, rotate, sdist, check, upload, bdist_wheel, extract_messages, build_py, install_scripts, saveopts, bdist_dumb, build, upload_docs, install_lib, build_clib, bdist, editable_wheel, init_catalog
[9.167s] DEBUG:colcon.colcon_core.task.python.build:Available setuptools 'develop' options: --site-dirs, --zip-ok, --build-directory, --editable, --dry-run, --always-unzip, --index-url, --local-snapshots-ok, --optimize, --force-installation-into-system-dir, --allow-hosts, --install-layout, --verbose, --script-dir, --egg-path, --quiet, --version, --uninstall, --find-links, --exclude-scripts, --install-dir, --no-deps, --help, --multi-version, --no-find-links, --no-user-cfg, --prefix, --upgrade, --record, --always-copy, --user
[9.168s] DEBUG:colcon.colcon_core.event_handler.log_command:Invoking command in '/home/user/autonomy_stack_ros_jazzy/build/yolo_ros': AMENT_PREFIX_PATH=/home/user/autonomy_stack_ros_jazzy/install/yolo_msgs:${AMENT_PREFIX_PATH} CMAKE_PREFIX_PATH=/home/user/autonomy_stack_ros_jazzy/install/yolo_msgs:${CMAKE_PREFIX_PATH} LD_LIBRARY_PATH=/home/user/autonomy_stack_ros_jazzy/install/yolo_msgs/lib:${LD_LIBRARY_PATH} PYTHONPATH=/home/user/autonomy_stack_ros_jazzy/build/yolo_ros/prefix_override:/usr/lib/python3/dist-packages/colcon_core/task/python/colcon_distutils_commands:/home/user/autonomy_stack_ros_jazzy/install/yolo_ros/lib/python3.12/site-packages:/home/user/autonomy_stack_ros_jazzy/install/yolo_msgs/lib/python3.12/site-packages:${PYTHONPATH} /usr/bin/python3 -W ignore:setup.py install is deprecated -W ignore:easy_install command is deprecated setup.py develop --editable --build-directory /home/user/autonomy_stack_ros_jazzy/build/yolo_ros/build --no-deps symlink_data
[9.172s] DEBUG:colcon.colcon_core.task.python.build:Available setuptools 'develop' options: --site-dirs, --zip-ok, --build-directory, --editable, --dry-run, --always-unzip, --index-url, --local-snapshots-ok, --optimize, --force-installation-into-system-dir, --allow-hosts, --install-layout, --verbose, --script-dir, --egg-path, --quiet, --version, --uninstall, --find-links, --exclude-scripts, --install-dir, --no-deps, --help, --multi-version, --no-find-links, --no-user-cfg, --prefix, --upgrade, --record, --always-copy, --user
[9.173s] DEBUG:colcon.colcon_core.event_handler.log_command:Invoking command in '/home/user/autonomy_stack_ros_jazzy/build/person_follower': AMENT_PREFIX_PATH=/home/user/autonomy_stack_ros_jazzy/install/yolo_msgs:${AMENT_PREFIX_PATH} CMAKE_PREFIX_PATH=/home/user/autonomy_stack_ros_jazzy/install/yolo_msgs:${CMAKE_PREFIX_PATH} LD_LIBRARY_PATH=/home/user/autonomy_stack_ros_jazzy/install/yolo_msgs/lib:${LD_LIBRARY_PATH} PYTHONPATH=/home/user/autonomy_stack_ros_jazzy/build/person_follower/prefix_override:/usr/lib/python3/dist-packages/colcon_core/task/python/colcon_distutils_commands:/home/user/autonomy_stack_ros_jazzy/install/person_follower/lib/python3.12/site-packages:/home/user/autonomy_stack_ros_jazzy/install/yolo_msgs/lib/python3.12/site-packages:${PYTHONPATH} /usr/bin/python3 -W ignore:setup.py install is deprecated -W ignore:easy_install command is deprecated setup.py develop --editable --build-directory /home/user/autonomy_stack_ros_jazzy/build/person_follower/build --no-deps symlink_data
[9.465s] Level 1:colcon.colcon_core.shell:create_environment_hook('person_follower', 'pythonpath_develop')
[9.466s] INFO:colcon.colcon_core.shell:Creating environment hook '/home/user/autonomy_stack_ros_jazzy/build/person_follower/share/person_follower/hook/pythonpath_develop.ps1'
[9.466s] DEBUG:colcon.colcon_core.event_handler.log_command:Invoked command in '/home/user/autonomy_stack_ros_jazzy/build/person_follower' returned '0': AMENT_PREFIX_PATH=/home/user/autonomy_stack_ros_jazzy/install/yolo_msgs:${AMENT_PREFIX_PATH} CMAKE_PREFIX_PATH=/home/user/autonomy_stack_ros_jazzy/install/yolo_msgs:${CMAKE_PREFIX_PATH} LD_LIBRARY_PATH=/home/user/autonomy_stack_ros_jazzy/install/yolo_msgs/lib:${LD_LIBRARY_PATH} PYTHONPATH=/home/user/autonomy_stack_ros_jazzy/build/person_follower/prefix_override:/usr/lib/python3/dist-packages/colcon_core/task/python/colcon_distutils_commands:/home/user/autonomy_stack_ros_jazzy/install/person_follower/lib/python3.12/site-packages:/home/user/autonomy_stack_ros_jazzy/install/yolo_msgs/lib/python3.12/site-packages:${PYTHONPATH} /usr/bin/python3 -W ignore:setup.py install is deprecated -W ignore:easy_install command is deprecated setup.py develop --editable --build-directory /home/user/autonomy_stack_ros_jazzy/build/person_follower/build --no-deps symlink_data
[9.466s] INFO:colcon.colcon_core.shell:Creating environment descriptor '/home/user/autonomy_stack_ros_jazzy/build/person_follower/share/person_follower/hook/pythonpath_develop.dsv'
[9.466s] INFO:colcon.colcon_core.shell:Creating environment hook '/home/user/autonomy_stack_ros_jazzy/build/person_follower/share/person_follower/hook/pythonpath_develop.sh'
[9.467s] Level 1:colcon.colcon_core.environment:checking '/home/user/autonomy_stack_ros_jazzy/install/person_follower' for CMake module files
[9.467s] Level 1:colcon.colcon_core.environment:checking '/home/user/autonomy_stack_ros_jazzy/install/person_follower' for CMake config files
[9.467s] Level 1:colcon.colcon_core.environment:checking '/home/user/autonomy_stack_ros_jazzy/install/person_follower/lib'
[9.467s] Level 1:colcon.colcon_core.environment:checking '/home/user/autonomy_stack_ros_jazzy/install/person_follower/bin'
[9.467s] Level 1:colcon.colcon_core.environment:checking '/home/user/autonomy_stack_ros_jazzy/install/person_follower/lib/pkgconfig/person_follower.pc'
[9.467s] Level 1:colcon.colcon_core.environment:checking '/home/user/autonomy_stack_ros_jazzy/install/person_follower/lib/python3.12/site-packages'
[9.467s] Level 1:colcon.colcon_core.shell:create_environment_hook('person_follower', 'pythonpath')
[9.467s] INFO:colcon.colcon_core.shell:Creating environment hook '/home/user/autonomy_stack_ros_jazzy/install/person_follower/share/person_follower/hook/pythonpath.ps1'
[9.468s] INFO:colcon.colcon_core.shell:Creating environment descriptor '/home/user/autonomy_stack_ros_jazzy/install/person_follower/share/person_follower/hook/pythonpath.dsv'
[9.468s] INFO:colcon.colcon_core.shell:Creating environment hook '/home/user/autonomy_stack_ros_jazzy/install/person_follower/share/person_follower/hook/pythonpath.sh'
[9.468s] Level 1:colcon.colcon_core.environment:checking '/home/user/autonomy_stack_ros_jazzy/install/person_follower/bin'
[9.468s] Level 1:colcon.colcon_core.environment:create_environment_scripts_only(person_follower)
[9.468s] INFO:colcon.colcon_core.shell:Creating package script '/home/user/autonomy_stack_ros_jazzy/install/person_follower/share/person_follower/package.ps1'
[9.468s] INFO:colcon.colcon_core.shell:Creating package descriptor '/home/user/autonomy_stack_ros_jazzy/install/person_follower/share/person_follower/package.dsv'
[9.468s] INFO:colcon.colcon_core.shell:Creating package script '/home/user/autonomy_stack_ros_jazzy/install/person_follower/share/person_follower/package.sh'
[9.469s] INFO:colcon.colcon_core.shell:Creating package script '/home/user/autonomy_stack_ros_jazzy/install/person_follower/share/person_follower/package.bash'
[9.469s] INFO:colcon.colcon_core.shell:Creating package script '/home/user/autonomy_stack_ros_jazzy/install/person_follower/share/person_follower/package.zsh'
[9.469s] Level 1:colcon.colcon_core.environment:create_file_with_runtime_dependencies(/home/user/autonomy_stack_ros_jazzy/install/person_follower/share/colcon-core/packages/person_follower)
[9.469s] Level 1:colcon.colcon_core.shell:create_environment_hook('yolo_ros', 'pythonpath_develop')
[9.470s] INFO:colcon.colcon_core.shell:Creating environment hook '/home/user/autonomy_stack_ros_jazzy/build/yolo_ros/share/yolo_ros/hook/pythonpath_develop.ps1'
[9.470s] DEBUG:colcon.colcon_core.event_handler.log_command:Invoked command in '/home/user/autonomy_stack_ros_jazzy/build/yolo_ros' returned '0': AMENT_PREFIX_PATH=/home/user/autonomy_stack_ros_jazzy/install/yolo_msgs:${AMENT_PREFIX_PATH} CMAKE_PREFIX_PATH=/home/user/autonomy_stack_ros_jazzy/install/yolo_msgs:${CMAKE_PREFIX_PATH} LD_LIBRARY_PATH=/home/user/autonomy_stack_ros_jazzy/install/yolo_msgs/lib:${LD_LIBRARY_PATH} PYTHONPATH=/home/user/autonomy_stack_ros_jazzy/build/yolo_ros/prefix_override:/usr/lib/python3/dist-packages/colcon_core/task/python/colcon_distutils_commands:/home/user/autonomy_stack_ros_jazzy/install/yolo_ros/lib/python3.12/site-packages:/home/user/autonomy_stack_ros_jazzy/install/yolo_msgs/lib/python3.12/site-packages:${PYTHONPATH} /usr/bin/python3 -W ignore:setup.py install is deprecated -W ignore:easy_install command is deprecated setup.py develop --editable --build-directory /home/user/autonomy_stack_ros_jazzy/build/yolo_ros/build --no-deps symlink_data
[9.470s] INFO:colcon.colcon_core.shell:Creating environment descriptor '/home/user/autonomy_stack_ros_jazzy/build/yolo_ros/share/yolo_ros/hook/pythonpath_develop.dsv'
[9.470s] INFO:colcon.colcon_core.shell:Creating environment hook '/home/user/autonomy_stack_ros_jazzy/build/yolo_ros/share/yolo_ros/hook/pythonpath_develop.sh'
[9.470s] Level 1:colcon.colcon_core.environment:checking '/home/user/autonomy_stack_ros_jazzy/install/yolo_ros' for CMake module files
[9.470s] Level 1:colcon.colcon_core.environment:checking '/home/user/autonomy_stack_ros_jazzy/install/yolo_ros' for CMake config files
[9.471s] Level 1:colcon.colcon_core.environment:checking '/home/user/autonomy_stack_ros_jazzy/install/yolo_ros/lib'
[9.471s] Level 1:colcon.colcon_core.environment:checking '/home/user/autonomy_stack_ros_jazzy/install/yolo_ros/bin'
[9.471s] Level 1:colcon.colcon_core.environment:checking '/home/user/autonomy_stack_ros_jazzy/install/yolo_ros/lib/pkgconfig/yolo_ros.pc'
[9.471s] Level 1:colcon.colcon_core.environment:checking '/home/user/autonomy_stack_ros_jazzy/install/yolo_ros/lib/python3.12/site-packages'
[9.471s] Level 1:colcon.colcon_core.shell:create_environment_hook('yolo_ros', 'pythonpath')
[9.471s] INFO:colcon.colcon_core.shell:Creating environment hook '/home/user/autonomy_stack_ros_jazzy/install/yolo_ros/share/yolo_ros/hook/pythonpath.ps1'
[9.471s] INFO:colcon.colcon_core.shell:Creating environment descriptor '/home/user/autonomy_stack_ros_jazzy/install/yolo_ros/share/yolo_ros/hook/pythonpath.dsv'
[9.471s] INFO:colcon.colcon_core.shell:Creating environment hook '/home/user/autonomy_stack_ros_jazzy/install/yolo_ros/share/yolo_ros/hook/pythonpath.sh'
[9.471s] Level 1:colcon.colcon_core.environment:checking '/home/user/autonomy_stack_ros_jazzy/install/yolo_ros/bin'
[9.471s] Level 1:colcon.colcon_core.environment:create_environment_scripts_only(yolo_ros)
[9.471s] INFO:colcon.colcon_core.shell:Creating package script '/home/user/autonomy_stack_ros_jazzy/install/yolo_ros/share/yolo_ros/package.ps1'
[9.472s] INFO:colcon.colcon_core.shell:Creating package descriptor '/home/user/autonomy_stack_ros_jazzy/install/yolo_ros/share/yolo_ros/package.dsv'
[9.472s] INFO:colcon.colcon_core.shell:Creating package script '/home/user/autonomy_stack_ros_jazzy/install/yolo_ros/share/yolo_ros/package.sh'
[9.472s] INFO:colcon.colcon_core.shell:Creating package script '/home/user/autonomy_stack_ros_jazzy/install/yolo_ros/share/yolo_ros/package.bash'
[9.472s] INFO:colcon.colcon_core.shell:Creating package script '/home/user/autonomy_stack_ros_jazzy/install/yolo_ros/share/yolo_ros/package.zsh'
[9.472s] Level 1:colcon.colcon_core.environment:create_file_with_runtime_dependencies(/home/user/autonomy_stack_ros_jazzy/install/yolo_ros/share/colcon-core/packages/yolo_ros)
[9.472s] INFO:colcon.colcon_ros.task.ament_cmake.build:Building ROS package in '/home/user/autonomy_stack_ros_jazzy/src/detection_ros_pkgs/yolo_ros/yolo_bringup' with build type 'ament_cmake'
[9.472s] INFO:colcon.colcon_cmake.task.cmake.build:Building CMake package in '/home/user/autonomy_stack_ros_jazzy/src/detection_ros_pkgs/yolo_ros/yolo_bringup'
[9.472s] INFO:colcon.colcon_core.shell:Skip shell extension 'powershell' for command environment: Not usable outside of PowerShell
[9.472s] DEBUG:colcon.colcon_core.shell:Skip shell extension 'dsv' for command environment
[9.481s] DEBUG:colcon.colcon_core.event_handler.log_command:Invoking command in '/home/user/autonomy_stack_ros_jazzy/build/yolo_bringup': AMENT_PREFIX_PATH=/home/user/autonomy_stack_ros_jazzy/install/yolo_ros:/home/user/autonomy_stack_ros_jazzy/install/yolo_msgs:${AMENT_PREFIX_PATH} CMAKE_PREFIX_PATH=/home/user/autonomy_stack_ros_jazzy/install/yolo_msgs:/opt/ros/jazzy/opt/gz_sim_vendor:/opt/ros/jazzy/opt/gz_sensors_vendor:/opt/ros/jazzy/opt/gz_physics_vendor:/opt/ros/jazzy/opt/sdformat_vendor:/opt/ros/jazzy/opt/gz_gui_vendor:/opt/ros/jazzy/opt/gz_transport_vendor:/opt/ros/jazzy/opt/gz_rendering_vendor:/opt/ros/jazzy/opt/gz_plugin_vendor:/opt/ros/jazzy/opt/gz_fuel_tools_vendor:/opt/ros/jazzy/opt/gz_msgs_vendor:/opt/ros/jazzy/opt/gz_common_vendor:/opt/ros/jazzy/opt/gz_math_vendor:/opt/ros/jazzy/opt/gz_utils_vendor:/opt/ros/jazzy/opt/gz_tools_vendor:/opt/ros/jazzy/opt/gz_ogre_next_vendor:/opt/ros/jazzy/opt/gz_dartsim_vendor:/opt/ros/jazzy/opt/gz_cmake_vendor:/opt/ros/jazzy LD_LIBRARY_PATH=/home/user/autonomy_stack_ros_jazzy/install/yolo_msgs/lib:${LD_LIBRARY_PATH} PYTHONPATH=/home/user/autonomy_stack_ros_jazzy/build/yolo_ros:/home/user/autonomy_stack_ros_jazzy/install/yolo_ros/lib/python3.12/site-packages:/home/user/autonomy_stack_ros_jazzy/install/yolo_msgs/lib/python3.12/site-packages:${PYTHONPATH} /usr/bin/cmake /home/user/autonomy_stack_ros_jazzy/src/detection_ros_pkgs/yolo_ros/yolo_bringup -DCMAKE_BUILD_TYPE=Release -DAMENT_CMAKE_SYMLINK_INSTALL=1 -DCMAKE_INSTALL_PREFIX=/home/user/autonomy_stack_ros_jazzy/install/yolo_bringup
[10.072s] DEBUG:colcon.colcon_core.event_handler.log_command:Invoked command in '/home/user/autonomy_stack_ros_jazzy/build/yolo_bringup' returned '0': AMENT_PREFIX_PATH=/home/user/autonomy_stack_ros_jazzy/install/yolo_ros:/home/user/autonomy_stack_ros_jazzy/install/yolo_msgs:${AMENT_PREFIX_PATH} CMAKE_PREFIX_PATH=/home/user/autonomy_stack_ros_jazzy/install/yolo_msgs:/opt/ros/jazzy/opt/gz_sim_vendor:/opt/ros/jazzy/opt/gz_sensors_vendor:/opt/ros/jazzy/opt/gz_physics_vendor:/opt/ros/jazzy/opt/sdformat_vendor:/opt/ros/jazzy/opt/gz_gui_vendor:/opt/ros/jazzy/opt/gz_transport_vendor:/opt/ros/jazzy/opt/gz_rendering_vendor:/opt/ros/jazzy/opt/gz_plugin_vendor:/opt/ros/jazzy/opt/gz_fuel_tools_vendor:/opt/ros/jazzy/opt/gz_msgs_vendor:/opt/ros/jazzy/opt/gz_common_vendor:/opt/ros/jazzy/opt/gz_math_vendor:/opt/ros/jazzy/opt/gz_utils_vendor:/opt/ros/jazzy/opt/gz_tools_vendor:/opt/ros/jazzy/opt/gz_ogre_next_vendor:/opt/ros/jazzy/opt/gz_dartsim_vendor:/opt/ros/jazzy/opt/gz_cmake_vendor:/opt/ros/jazzy LD_LIBRARY_PATH=/home/user/autonomy_stack_ros_jazzy/install/yolo_msgs/lib:${LD_LIBRARY_PATH} PYTHONPATH=/home/user/autonomy_stack_ros_jazzy/build/yolo_ros:/home/user/autonomy_stack_ros_jazzy/install/yolo_ros/lib/python3.12/site-packages:/home/user/autonomy_stack_ros_jazzy/install/yolo_msgs/lib/python3.12/site-packages:${PYTHONPATH} /usr/bin/cmake /home/user/autonomy_stack_ros_jazzy/src/detection_ros_pkgs/yolo_ros/yolo_bringup -DCMAKE_BUILD_TYPE=Release -DAMENT_CMAKE_SYMLINK_INSTALL=1 -DCMAKE_INSTALL_PREFIX=/home/user/autonomy_stack_ros_jazzy/install/yolo_bringup
[10.072s] DEBUG:colcon.colcon_core.event_handler.log_command:Invoking command in '/home/user/autonomy_stack_ros_jazzy/build/yolo_bringup': AMENT_PREFIX_PATH=/home/user/autonomy_stack_ros_jazzy/install/yolo_ros:/home/user/autonomy_stack_ros_jazzy/install/yolo_msgs:${AMENT_PREFIX_PATH} CMAKE_PREFIX_PATH=/home/user/autonomy_stack_ros_jazzy/install/yolo_msgs:/opt/ros/jazzy/opt/gz_sim_vendor:/opt/ros/jazzy/opt/gz_sensors_vendor:/opt/ros/jazzy/opt/gz_physics_vendor:/opt/ros/jazzy/opt/sdformat_vendor:/opt/ros/jazzy/opt/gz_gui_vendor:/opt/ros/jazzy/opt/gz_transport_vendor:/opt/ros/jazzy/opt/gz_rendering_vendor:/opt/ros/jazzy/opt/gz_plugin_vendor:/opt/ros/jazzy/opt/gz_fuel_tools_vendor:/opt/ros/jazzy/opt/gz_msgs_vendor:/opt/ros/jazzy/opt/gz_common_vendor:/opt/ros/jazzy/opt/gz_math_vendor:/opt/ros/jazzy/opt/gz_utils_vendor:/opt/ros/jazzy/opt/gz_tools_vendor:/opt/ros/jazzy/opt/gz_ogre_next_vendor:/opt/ros/jazzy/opt/gz_dartsim_vendor:/opt/ros/jazzy/opt/gz_cmake_vendor:/opt/ros/jazzy LD_LIBRARY_PATH=/home/user/autonomy_stack_ros_jazzy/install/yolo_msgs/lib:${LD_LIBRARY_PATH} PYTHONPATH=/home/user/autonomy_stack_ros_jazzy/build/yolo_ros:/home/user/autonomy_stack_ros_jazzy/install/yolo_ros/lib/python3.12/site-packages:/home/user/autonomy_stack_ros_jazzy/install/yolo_msgs/lib/python3.12/site-packages:${PYTHONPATH} /usr/bin/cmake --build /home/user/autonomy_stack_ros_jazzy/build/yolo_bringup -- -j20 -l20
[10.101s] DEBUG:colcon.colcon_core.event_handler.log_command:Invoked command in '/home/user/autonomy_stack_ros_jazzy/build/yolo_bringup' returned '0': AMENT_PREFIX_PATH=/home/user/autonomy_stack_ros_jazzy/install/yolo_ros:/home/user/autonomy_stack_ros_jazzy/install/yolo_msgs:${AMENT_PREFIX_PATH} CMAKE_PREFIX_PATH=/home/user/autonomy_stack_ros_jazzy/install/yolo_msgs:/opt/ros/jazzy/opt/gz_sim_vendor:/opt/ros/jazzy/opt/gz_sensors_vendor:/opt/ros/jazzy/opt/gz_physics_vendor:/opt/ros/jazzy/opt/sdformat_vendor:/opt/ros/jazzy/opt/gz_gui_vendor:/opt/ros/jazzy/opt/gz_transport_vendor:/opt/ros/jazzy/opt/gz_rendering_vendor:/opt/ros/jazzy/opt/gz_plugin_vendor:/opt/ros/jazzy/opt/gz_fuel_tools_vendor:/opt/ros/jazzy/opt/gz_msgs_vendor:/opt/ros/jazzy/opt/gz_common_vendor:/opt/ros/jazzy/opt/gz_math_vendor:/opt/ros/jazzy/opt/gz_utils_vendor:/opt/ros/jazzy/opt/gz_tools_vendor:/opt/ros/jazzy/opt/gz_ogre_next_vendor:/opt/ros/jazzy/opt/gz_dartsim_vendor:/opt/ros/jazzy/opt/gz_cmake_vendor:/opt/ros/jazzy LD_LIBRARY_PATH=/home/user/autonomy_stack_ros_jazzy/install/yolo_msgs/lib:${LD_LIBRARY_PATH} PYTHONPATH=/home/user/autonomy_stack_ros_jazzy/build/yolo_ros:/home/user/autonomy_stack_ros_jazzy/install/yolo_ros/lib/python3.12/site-packages:/home/user/autonomy_stack_ros_jazzy/install/yolo_msgs/lib/python3.12/site-packages:${PYTHONPATH} /usr/bin/cmake --build /home/user/autonomy_stack_ros_jazzy/build/yolo_bringup -- -j20 -l20
[10.101s] DEBUG:colcon.colcon_core.event_handler.log_command:Invoking command in '/home/user/autonomy_stack_ros_jazzy/build/yolo_bringup': AMENT_PREFIX_PATH=/home/user/autonomy_stack_ros_jazzy/install/yolo_ros:/home/user/autonomy_stack_ros_jazzy/install/yolo_msgs:${AMENT_PREFIX_PATH} CMAKE_PREFIX_PATH=/home/user/autonomy_stack_ros_jazzy/install/yolo_msgs:/opt/ros/jazzy/opt/gz_sim_vendor:/opt/ros/jazzy/opt/gz_sensors_vendor:/opt/ros/jazzy/opt/gz_physics_vendor:/opt/ros/jazzy/opt/sdformat_vendor:/opt/ros/jazzy/opt/gz_gui_vendor:/opt/ros/jazzy/opt/gz_transport_vendor:/opt/ros/jazzy/opt/gz_rendering_vendor:/opt/ros/jazzy/opt/gz_plugin_vendor:/opt/ros/jazzy/opt/gz_fuel_tools_vendor:/opt/ros/jazzy/opt/gz_msgs_vendor:/opt/ros/jazzy/opt/gz_common_vendor:/opt/ros/jazzy/opt/gz_math_vendor:/opt/ros/jazzy/opt/gz_utils_vendor:/opt/ros/jazzy/opt/gz_tools_vendor:/opt/ros/jazzy/opt/gz_ogre_next_vendor:/opt/ros/jazzy/opt/gz_dartsim_vendor:/opt/ros/jazzy/opt/gz_cmake_vendor:/opt/ros/jazzy LD_LIBRARY_PATH=/home/user/autonomy_stack_ros_jazzy/install/yolo_msgs/lib:${LD_LIBRARY_PATH} PYTHONPATH=/home/user/autonomy_stack_ros_jazzy/build/yolo_ros:/home/user/autonomy_stack_ros_jazzy/install/yolo_ros/lib/python3.12/site-packages:/home/user/autonomy_stack_ros_jazzy/install/yolo_msgs/lib/python3.12/site-packages:${PYTHONPATH} /usr/bin/cmake --install /home/user/autonomy_stack_ros_jazzy/build/yolo_bringup
[10.311s] Level 1:colcon.colcon_core.environment:create_environment_scripts_only(yolo_bringup)
[10.311s] Level 1:colcon.colcon_core.environment:checking '/home/user/autonomy_stack_ros_jazzy/install/yolo_bringup' for CMake module files
[10.312s] DEBUG:colcon.colcon_core.event_handler.log_command:Invoked command in '/home/user/autonomy_stack_ros_jazzy/build/yolo_bringup' returned '0': AMENT_PREFIX_PATH=/home/user/autonomy_stack_ros_jazzy/install/yolo_ros:/home/user/autonomy_stack_ros_jazzy/install/yolo_msgs:${AMENT_PREFIX_PATH} CMAKE_PREFIX_PATH=/home/user/autonomy_stack_ros_jazzy/install/yolo_msgs:/opt/ros/jazzy/opt/gz_sim_vendor:/opt/ros/jazzy/opt/gz_sensors_vendor:/opt/ros/jazzy/opt/gz_physics_vendor:/opt/ros/jazzy/opt/sdformat_vendor:/opt/ros/jazzy/opt/gz_gui_vendor:/opt/ros/jazzy/opt/gz_transport_vendor:/opt/ros/jazzy/opt/gz_rendering_vendor:/opt/ros/jazzy/opt/gz_plugin_vendor:/opt/ros/jazzy/opt/gz_fuel_tools_vendor:/opt/ros/jazzy/opt/gz_msgs_vendor:/opt/ros/jazzy/opt/gz_common_vendor:/opt/ros/jazzy/opt/gz_math_vendor:/opt/ros/jazzy/opt/gz_utils_vendor:/opt/ros/jazzy/opt/gz_tools_vendor:/opt/ros/jazzy/opt/gz_ogre_next_vendor:/opt/ros/jazzy/opt/gz_dartsim_vendor:/opt/ros/jazzy/opt/gz_cmake_vendor:/opt/ros/jazzy LD_LIBRARY_PATH=/home/user/autonomy_stack_ros_jazzy/install/yolo_msgs/lib:${LD_LIBRARY_PATH} PYTHONPATH=/home/user/autonomy_stack_ros_jazzy/build/yolo_ros:/home/user/autonomy_stack_ros_jazzy/install/yolo_ros/lib/python3.12/site-packages:/home/user/autonomy_stack_ros_jazzy/install/yolo_msgs/lib/python3.12/site-packages:${PYTHONPATH} /usr/bin/cmake --install /home/user/autonomy_stack_ros_jazzy/build/yolo_bringup
[10.312s] Level 1:colcon.colcon_core.environment:checking '/home/user/autonomy_stack_ros_jazzy/install/yolo_bringup' for CMake config files
[10.313s] Level 1:colcon.colcon_core.shell:create_environment_hook('yolo_bringup', 'cmake_prefix_path')
[10.313s] INFO:colcon.colcon_core.shell:Creating environment hook '/home/user/autonomy_stack_ros_jazzy/install/yolo_bringup/share/yolo_bringup/hook/cmake_prefix_path.ps1'
[10.313s] INFO:colcon.colcon_core.shell:Creating environment descriptor '/home/user/autonomy_stack_ros_jazzy/install/yolo_bringup/share/yolo_bringup/hook/cmake_prefix_path.dsv'
[10.313s] INFO:colcon.colcon_core.shell:Creating environment hook '/home/user/autonomy_stack_ros_jazzy/install/yolo_bringup/share/yolo_bringup/hook/cmake_prefix_path.sh'
[10.314s] Level 1:colcon.colcon_core.environment:checking '/home/user/autonomy_stack_ros_jazzy/install/yolo_bringup/bin'
[10.314s] Level 1:colcon.colcon_core.environment:checking '/home/user/autonomy_stack_ros_jazzy/install/yolo_bringup/lib/pkgconfig/yolo_bringup.pc'
[10.314s] Level 1:colcon.colcon_core.environment:checking '/home/user/autonomy_stack_ros_jazzy/install/yolo_bringup/lib/python3.12/site-packages'
[10.315s] Level 1:colcon.colcon_core.environment:checking '/home/user/autonomy_stack_ros_jazzy/install/yolo_bringup/bin'
[10.315s] INFO:colcon.colcon_core.shell:Creating package script '/home/user/autonomy_stack_ros_jazzy/install/yolo_bringup/share/yolo_bringup/package.ps1'
[10.315s] INFO:colcon.colcon_core.shell:Creating package descriptor '/home/user/autonomy_stack_ros_jazzy/install/yolo_bringup/share/yolo_bringup/package.dsv'
[10.315s] INFO:colcon.colcon_core.shell:Creating package script '/home/user/autonomy_stack_ros_jazzy/install/yolo_bringup/share/yolo_bringup/package.sh'
[10.316s] INFO:colcon.colcon_core.shell:Creating package script '/home/user/autonomy_stack_ros_jazzy/install/yolo_bringup/share/yolo_bringup/package.bash'
[10.316s] INFO:colcon.colcon_core.shell:Creating package script '/home/user/autonomy_stack_ros_jazzy/install/yolo_bringup/share/yolo_bringup/package.zsh'
[10.316s] Level 1:colcon.colcon_core.environment:create_file_with_runtime_dependencies(/home/user/autonomy_stack_ros_jazzy/install/yolo_bringup/share/colcon-core/packages/yolo_bringup)
[10.317s] Level 1:colcon.colcon_core.environment:create_environment_scripts_only(yolo_bringup)
[10.317s] Level 1:colcon.colcon_core.environment:checking '/home/user/autonomy_stack_ros_jazzy/install/yolo_bringup' for CMake module files
[10.317s] Level 1:colcon.colcon_core.environment:checking '/home/user/autonomy_stack_ros_jazzy/install/yolo_bringup' for CMake config files
[10.318s] Level 1:colcon.colcon_core.shell:create_environment_hook('yolo_bringup', 'cmake_prefix_path')
[10.318s] INFO:colcon.colcon_core.shell:Creating environment hook '/home/user/autonomy_stack_ros_jazzy/install/yolo_bringup/share/yolo_bringup/hook/cmake_prefix_path.ps1'
[10.318s] INFO:colcon.colcon_core.shell:Creating environment descriptor '/home/user/autonomy_stack_ros_jazzy/install/yolo_bringup/share/yolo_bringup/hook/cmake_prefix_path.dsv'
[10.318s] INFO:colcon.colcon_core.shell:Creating environment hook '/home/user/autonomy_stack_ros_jazzy/install/yolo_bringup/share/yolo_bringup/hook/cmake_prefix_path.sh'
[10.319s] Level 1:colcon.colcon_core.environment:checking '/home/user/autonomy_stack_ros_jazzy/install/yolo_bringup/bin'
[10.319s] Level 1:colcon.colcon_core.environment:checking '/home/user/autonomy_stack_ros_jazzy/install/yolo_bringup/lib/pkgconfig/yolo_bringup.pc'
[10.319s] Level 1:colcon.colcon_core.environment:checking '/home/user/autonomy_stack_ros_jazzy/install/yolo_bringup/lib/python3.12/site-packages'
[10.319s] Level 1:colcon.colcon_core.environment:checking '/home/user/autonomy_stack_ros_jazzy/install/yolo_bringup/bin'
[10.319s] INFO:colcon.colcon_core.shell:Creating package script '/home/user/autonomy_stack_ros_jazzy/install/yolo_bringup/share/yolo_bringup/package.ps1'
[10.320s] INFO:colcon.colcon_core.shell:Creating package descriptor '/home/user/autonomy_stack_ros_jazzy/install/yolo_bringup/share/yolo_bringup/package.dsv'
[10.320s] INFO:colcon.colcon_core.shell:Creating package script '/home/user/autonomy_stack_ros_jazzy/install/yolo_bringup/share/yolo_bringup/package.sh'
[10.321s] INFO:colcon.colcon_core.shell:Creating package script '/home/user/autonomy_stack_ros_jazzy/install/yolo_bringup/share/yolo_bringup/package.bash'
[10.321s] INFO:colcon.colcon_core.shell:Creating package script '/home/user/autonomy_stack_ros_jazzy/install/yolo_bringup/share/yolo_bringup/package.zsh'
[10.321s] Level 1:colcon.colcon_core.environment:create_file_with_runtime_dependencies(/home/user/autonomy_stack_ros_jazzy/install/yolo_bringup/share/colcon-core/packages/yolo_bringup)
[10.322s] DEBUG:colcon.colcon_parallel_executor.executor.parallel:closing loop
[10.322s] DEBUG:colcon.colcon_parallel_executor.executor.parallel:loop closed
[10.322s] DEBUG:colcon.colcon_parallel_executor.executor.parallel:run_until_complete finished with '0'
[10.322s] DEBUG:colcon.colcon_core.event_reactor:joining thread
[10.326s] INFO:colcon.colcon_core.plugin_system:Skipping extension 'colcon_notification.desktop_notification.notify_send': Could not find 'notify-send'
[10.326s] INFO:colcon.colcon_core.plugin_system:Skipping extension 'colcon_notification.desktop_notification.terminal_notifier': Not used on non-Darwin systems
[10.326s] INFO:colcon.colcon_core.plugin_system:Skipping extension 'colcon_notification.desktop_notification.win32': Not used on non-Windows systems
[10.326s] INFO:colcon.colcon_notification.desktop_notification:Sending desktop notification using 'notify2'
[10.326s] DEBUG:colcon.colcon_notification.desktop_notification.notify2:Failed to initialize notify2: org.freedesktop.DBus.Error.NotSupported: Unable to autolaunch a dbus-daemon without a $DISPLAY for X11
[10.326s] DEBUG:colcon.colcon_core.event_reactor:joined thread
[10.326s] INFO:colcon.colcon_core.shell:Creating prefix script '/home/user/autonomy_stack_ros_jazzy/install/local_setup.ps1'
[10.327s] INFO:colcon.colcon_core.shell:Creating prefix util module '/home/user/autonomy_stack_ros_jazzy/install/_local_setup_util_ps1.py'
[10.328s] INFO:colcon.colcon_core.shell:Creating prefix chain script '/home/user/autonomy_stack_ros_jazzy/install/setup.ps1'
[10.328s] INFO:colcon.colcon_core.shell:Creating prefix script '/home/user/autonomy_stack_ros_jazzy/install/local_setup.sh'
[10.329s] INFO:colcon.colcon_core.shell:Creating prefix util module '/home/user/autonomy_stack_ros_jazzy/install/_local_setup_util_sh.py'
[10.329s] INFO:colcon.colcon_core.shell:Creating prefix chain script '/home/user/autonomy_stack_ros_jazzy/install/setup.sh'
[10.330s] INFO:colcon.colcon_core.shell:Creating prefix script '/home/user/autonomy_stack_ros_jazzy/install/local_setup.bash'
[10.330s] INFO:colcon.colcon_core.shell:Creating prefix chain script '/home/user/autonomy_stack_ros_jazzy/install/setup.bash'
[10.331s] INFO:colcon.colcon_core.shell:Creating prefix script '/home/user/autonomy_stack_ros_jazzy/install/local_setup.zsh'
[10.331s] INFO:colcon.colcon_core.shell:Creating prefix chain script '/home/user/autonomy_stack_ros_jazzy/install/setup.zsh'
