running develop
running egg_info
creating yolo_ros.egg-info
writing yolo_ros.egg-info/PKG-INFO
writing dependency_links to yolo_ros.egg-info/dependency_links.txt
writing entry points to yolo_ros.egg-info/entry_points.txt
writing requirements to yolo_ros.egg-info/requires.txt
writing top-level names to yolo_ros.egg-info/top_level.txt
writing manifest file 'yolo_ros.egg-info/SOURCES.txt'
reading manifest file 'yolo_ros.egg-info/SOURCES.txt'
writing manifest file 'yolo_ros.egg-info/SOURCES.txt'
running build_ext
Creating /home/user/autonomy_stack_ros_jazzy/install/yolo_ros/lib/python3.12/site-packages/yolo-ros.egg-link (link to .)
Installing debug_node script to /home/user/autonomy_stack_ros_jazzy/install/yolo_ros/lib/yolo_ros
Installing detect_3d_node script to /home/user/autonomy_stack_ros_jazzy/install/yolo_ros/lib/yolo_ros
Installing tracking_node script to /home/user/autonomy_stack_ros_jazzy/install/yolo_ros/lib/yolo_ros
Installing yolo_node script to /home/user/autonomy_stack_ros_jazzy/install/yolo_ros/lib/yolo_ros

Installed /home/user/autonomy_stack_ros_jazzy/build/yolo_ros
yolo_ros: 'uv' not found, skipping runtime virtual environment management. Install the python dependencies in the system environment (e.g. via rosdep) and rebuild.
running symlink_data
creating /home/user/autonomy_stack_ros_jazzy/install/yolo_ros/share/ament_index
creating /home/user/autonomy_stack_ros_jazzy/install/yolo_ros/share/ament_index/resource_index
creating /home/user/autonomy_stack_ros_jazzy/install/yolo_ros/share/ament_index/resource_index/packages
symbolically linking /home/user/autonomy_stack_ros_jazzy/build/yolo_ros/resource/yolo_ros -> /home/user/autonomy_stack_ros_jazzy/install/yolo_ros/share/ament_index/resource_index/packages
symbolically linking /home/user/autonomy_stack_ros_jazzy/build/yolo_ros/package.xml -> /home/user/autonomy_stack_ros_jazzy/install/yolo_ros/share/yolo_ros
symbolically linking /home/user/autonomy_stack_ros_jazzy/build/yolo_ros/pyproject.toml -> /home/user/autonomy_stack_ros_jazzy/install/yolo_ros/share/yolo_ros
