running develop
running egg_info
creating person_follower.egg-info
writing person_follower.egg-info/PKG-INFO
writing dependency_links to person_follower.egg-info/dependency_links.txt
writing entry points to person_follower.egg-info/entry_points.txt
writing requirements to person_follower.egg-info/requires.txt
writing top-level names to person_follower.egg-info/top_level.txt
writing manifest file 'person_follower.egg-info/SOURCES.txt'
reading manifest file 'person_follower.egg-info/SOURCES.txt'
writing manifest file 'person_follower.egg-info/SOURCES.txt'
running build_ext
Creating /home/user/autonomy_stack_ros_jazzy/install/person_follower/lib/python3.12/site-packages/person-follower.egg-link (link to .)
Installing person_follower script to /home/user/autonomy_stack_ros_jazzy/install/person_follower/lib/person_follower
Installing save_trajectory script to /home/user/autonomy_stack_ros_jazzy/install/person_follower/lib/person_follower
Installing waypoint_follower script to /home/user/autonomy_stack_ros_jazzy/install/person_follower/lib/person_follower

Installed /home/user/autonomy_stack_ros_jazzy/build/person_follower
running symlink_data
creating /home/user/autonomy_stack_ros_jazzy/install/person_follower/share/ament_index
creating /home/user/autonomy_stack_ros_jazzy/install/person_follower/share/ament_index/resource_index
creating /home/user/autonomy_stack_ros_jazzy/install/person_follower/share/ament_index/resource_index/packages
symbolically linking /home/user/autonomy_stack_ros_jazzy/build/person_follower/resource/person_follower -> /home/user/autonomy_stack_ros_jazzy/install/person_follower/share/ament_index/resource_index/packages
symbolically linking /home/user/autonomy_stack_ros_jazzy/build/person_follower/package.xml -> /home/user/autonomy_stack_ros_jazzy/install/person_follower/share/person_follower
creating /home/user/autonomy_stack_ros_jazzy/install/person_follower/share/person_follower/launch
symbolically linking /home/user/autonomy_stack_ros_jazzy/build/person_follower/launch/run.launch.py -> /home/user/autonomy_stack_ros_jazzy/install/person_follower/share/person_follower/launch
symbolically linking /home/user/autonomy_stack_ros_jazzy/build/person_follower/launch/two_huskies_gz.launch.py -> /home/user/autonomy_stack_ros_jazzy/install/person_follower/share/person_follower/launch
creating /home/user/autonomy_stack_ros_jazzy/install/person_follower/share/person_follower/config
symbolically linking /home/user/autonomy_stack_ros_jazzy/build/person_follower/config/two_huskies_nav2.yaml -> /home/user/autonomy_stack_ros_jazzy/install/person_follower/share/person_follower/config
