[0.535s] Invoking command in '/home/user/autonomy_stack_ros_jazzy/build/waypoint_follower': PYTHONPATH=/home/user/autonomy_stack_ros_jazzy/build/waypoint_follower/prefix_override:/usr/lib/python3/dist-packages/colcon_core/task/python/colcon_distutils_commands:/home/user/autonomy_stack_ros_jazzy/install/waypoint_follower/lib/python3.12/site-packages:${PYTHONPATH} /usr/bin/python3 -W ignore:setup.py install is deprecated -W ignore:easy_install command is deprecated setup.py develop --editable --build-directory /home/user/autonomy_stack_ros_jazzy/build/waypoint_follower/build --no-deps symlink_data
[0.722s] running develop
[0.809s] running egg_info
[0.809s] creating waypoint_follower.egg-info
[0.816s] writing waypoint_follower.egg-info/PKG-INFO
[0.817s] writing dependency_links to waypoint_follower.egg-info/dependency_links.txt
[0.817s] writing entry points to waypoint_follower.egg-info/entry_points.txt
[0.817s] writing requirements to waypoint_follower.egg-info/requires.txt
[0.817s] writing top-level names to waypoint_follower.egg-info/top_level.txt
[0.817s] writing manifest file 'waypoint_follower.egg-info/SOURCES.txt'
[0.833s] reading manifest file 'waypoint_follower.egg-info/SOURCES.txt'
[0.833s] writing manifest file 'waypoint_follower.egg-info/SOURCES.txt'
[0.841s] running build_ext
[0.841s] Creating /home/user/autonomy_stack_ros_jazzy/install/waypoint_follower/lib/python3.12/site-packages/waypoint-follower.egg-link (link to .)
[0.842s] Installing ekf_comparison_plotter script to /home/user/autonomy_stack_ros_jazzy/install/waypoint_follower/lib/waypoint_follower
[0.842s] Installing gps_imu_ekf_localizer script to /home/user/autonomy_stack_ros_jazzy/install/waypoint_follower/lib/waypoint_follower
[0.842s] Installing mppi_waypoint script to /home/user/autonomy_stack_ros_jazzy/install/waypoint_follower/lib/waypoint_follower
[0.842s] Installing pure_pursuit_follower script to /home/user/autonomy_stack_ros_jazzy/install/waypoint_follower/lib/waypoint_follower
[0.842s] Installing trajectory_plotter script to /home/user/autonomy_stack_ros_jazzy/install/waypoint_follower/lib/waypoint_follower
[0.842s] Installing trajectory_record_plotter script to /home/user/autonomy_stack_ros_jazzy/install/waypoint_follower/lib/waypoint_follower
[0.842s] Installing trajectory_recorder script to /home/user/autonomy_stack_ros_jazzy/install/waypoint_follower/lib/waypoint_follower
[0.843s] Installing xarm_waypoint script to /home/user/autonomy_stack_ros_jazzy/install/waypoint_follower/lib/waypoint_follower
[0.843s] Installing xarm_waypoint_joint script to /home/user/autonomy_stack_ros_jazzy/install/waypoint_follower/lib/waypoint_follower
[0.843s] 
[0.843s] Installed /home/user/autonomy_stack_ros_jazzy/build/waypoint_follower
[0.843s] running symlink_data
[0.843s] creating /home/user/autonomy_stack_ros_jazzy/install/waypoint_follower/share/ament_index
[0.843s] creating /home/user/autonomy_stack_ros_jazzy/install/waypoint_follower/share/ament_index/resource_index
[0.843s] creating /home/user/autonomy_stack_ros_jazzy/install/waypoint_follower/share/ament_index/resource_index/packages
[0.843s] symbolically linking /home/user/autonomy_stack_ros_jazzy/build/waypoint_follower/resource/waypoint_follower -> /home/user/autonomy_stack_ros_jazzy/install/waypoint_follower/share/ament_index/resource_index/packages
[0.843s] symbolically linking /home/user/autonomy_stack_ros_jazzy/build/waypoint_follower/package.xml -> /home/user/autonomy_stack_ros_jazzy/install/waypoint_follower/share/waypoint_follower
[0.843s] creating /home/user/autonomy_stack_ros_jazzy/install/waypoint_follower/share/waypoint_follower/config
[0.843s] symbolically linking /home/user/autonomy_stack_ros_jazzy/build/waypoint_follower/config/warthog_waypoint_follower.yaml -> /home/user/autonomy_stack_ros_jazzy/install/waypoint_follower/share/waypoint_follower/config
[0.843s] creating /home/user/autonomy_stack_ros_jazzy/install/waypoint_follower/share/waypoint_follower/launch
[0.843s] symbolically linking /home/user/autonomy_stack_ros_jazzy/build/waypoint_follower/launch/follow_trajectory.launch.py -> /home/user/autonomy_stack_ros_jazzy/install/waypoint_follower/share/waypoint_follower/launch
[0.843s] symbolically linking /home/user/autonomy_stack_ros_jazzy/build/waypoint_follower/launch/gps_imu_localization.launch.py -> /home/user/autonomy_stack_ros_jazzy/install/waypoint_follower/share/waypoint_follower/launch
[0.843s] symbolically linking /home/user/autonomy_stack_ros_jazzy/build/waypoint_follower/launch/record_trajectory.launch.py -> /home/user/autonomy_stack_ros_jazzy/install/waypoint_follower/share/waypoint_follower/launch
[0.843s] creating /home/user/autonomy_stack_ros_jazzy/install/waypoint_follower/share/waypoint_follower/trajectories
[0.843s] symbolically linking /home/user/autonomy_stack_ros_jazzy/build/waypoint_follower/trajectories/.gitkeep -> /home/user/autonomy_stack_ros_jazzy/install/waypoint_follower/share/waypoint_follower/trajectories
[0.863s] Invoked command in '/home/user/autonomy_stack_ros_jazzy/build/waypoint_follower' returned '0': PYTHONPATH=/home/user/autonomy_stack_ros_jazzy/build/waypoint_follower/prefix_override:/usr/lib/python3/dist-packages/colcon_core/task/python/colcon_distutils_commands:/home/user/autonomy_stack_ros_jazzy/install/waypoint_follower/lib/python3.12/site-packages:${PYTHONPATH} /usr/bin/python3 -W ignore:setup.py install is deprecated -W ignore:easy_install command is deprecated setup.py develop --editable --build-directory /home/user/autonomy_stack_ros_jazzy/build/waypoint_follower/build --no-deps symlink_data
