[0.011s] Invoking command in '/home/user/autonomy_stack_ros_humble/build/yolo_msgs': CMAKE_PREFIX_PATH=/opt/ros/humble /usr/bin/cmake /home/user/autonomy_stack_ros_humble/src/detection_ros_pkgs/yolo_ros/yolo_msgs -DCMAKE_INSTALL_PREFIX=/home/user/autonomy_stack_ros_humble/install/yolo_msgs
[0.100s] -- The C compiler identification is GNU 11.4.0
[0.154s] -- The CXX compiler identification is GNU 11.4.0
[0.160s] -- Detecting C compiler ABI info
[0.215s] -- Detecting C compiler ABI info - done
[0.223s] -- Check for working C compiler: /usr/bin/cc - skipped
[0.223s] -- Detecting C compile features
[0.223s] -- Detecting C compile features - done
[0.226s] -- Detecting CXX compiler ABI info
[0.285s] -- Detecting CXX compiler ABI info - done
[0.290s] -- Check for working CXX compiler: /usr/bin/c++ - skipped
[0.290s] -- Detecting CXX compile features
[0.290s] -- Detecting CXX compile features - done
[0.296s] -- Found ament_cmake: 1.3.12 (/opt/ros/humble/share/ament_cmake/cmake)
[0.392s] -- Found Python3: /usr/bin/python3 (found version "3.10.12") found components: Interpreter 
[0.468s] -- Found rosidl_default_generators: 1.2.0 (/opt/ros/humble/share/rosidl_default_generators/cmake)
[0.471s] -- Using all available rosidl_typesupport_c: rosidl_typesupport_fastrtps_c;rosidl_typesupport_introspection_c
[0.478s] -- Found rosidl_adapter: 3.1.7 (/opt/ros/humble/share/rosidl_adapter/cmake)
[0.513s] -- Using all available rosidl_typesupport_cpp: rosidl_typesupport_fastrtps_cpp;rosidl_typesupport_introspection_cpp
[0.541s] -- Found std_msgs: 4.9.0 (/opt/ros/humble/share/std_msgs/cmake)
[0.562s] -- Found geometry_msgs: 4.9.0 (/opt/ros/humble/share/geometry_msgs/cmake)
[0.789s] -- Found ament_cmake_ros: 0.10.0 (/opt/ros/humble/share/ament_cmake_ros/cmake)
[0.948s] -- Using all available rosidl_typesupport_c: rosidl_typesupport_fastrtps_c;rosidl_typesupport_introspection_c
[1.151s] -- Using all available rosidl_typesupport_cpp: rosidl_typesupport_fastrtps_cpp;rosidl_typesupport_introspection_cpp
[1.167s] -- Found PythonInterp: /usr/bin/python3 (found suitable version "3.10.12", minimum required is "3.6") 
[1.169s] -- Found python_cmake_module: 0.10.0 (/opt/ros/humble/share/python_cmake_module/cmake)
[1.189s] -- Found PythonLibs: /usr/lib/x86_64-linux-gnu/libpython3.10.so (found suitable version "3.10.12", minimum required is "3.5") 
[1.189s] -- Using PYTHON_EXECUTABLE: /usr/bin/python3
[1.190s] -- Using PYTHON_INCLUDE_DIRS: /usr/include/python3.10
[1.190s] -- Using PYTHON_LIBRARIES: /usr/lib/x86_64-linux-gnu/libpython3.10.so
[1.201s] -- Found PythonExtra: .so  
[1.240s] -- Configuring done
[1.268s] -- Generating done
[1.275s] -- Build files have been written to: /home/user/autonomy_stack_ros_humble/build/yolo_msgs
[1.280s] Invoked command in '/home/user/autonomy_stack_ros_humble/build/yolo_msgs' returned '0': CMAKE_PREFIX_PATH=/opt/ros/humble /usr/bin/cmake /home/user/autonomy_stack_ros_humble/src/detection_ros_pkgs/yolo_ros/yolo_msgs -DCMAKE_INSTALL_PREFIX=/home/user/autonomy_stack_ros_humble/install/yolo_msgs
[1.283s] Invoking command in '/home/user/autonomy_stack_ros_humble/build/yolo_msgs': CMAKE_PREFIX_PATH=/opt/ros/humble /usr/bin/cmake --build /home/user/autonomy_stack_ros_humble/build/yolo_msgs -- -j22 -l22
[1.318s] [  1%] [34m[1mGenerating C code for ROS interfaces[0m
[1.328s] [  1%] [34m[1mGenerating C++ code for ROS interfaces[0m
[1.333s] [  1%] Built target ament_cmake_python_copy_yolo_msgs
[1.473s] running egg_info
[1.473s] creating yolo_msgs.egg-info
[1.473s] writing yolo_msgs.egg-info/PKG-INFO
[1.473s] writing dependency_links to yolo_msgs.egg-info/dependency_links.txt
[1.473s] writing top-level names to yolo_msgs.egg-info/top_level.txt
[1.473s] writing manifest file 'yolo_msgs.egg-info/SOURCES.txt'
[1.474s] reading manifest file 'yolo_msgs.egg-info/SOURCES.txt'
[1.475s] writing manifest file 'yolo_msgs.egg-info/SOURCES.txt'
[1.494s] [  1%] Built target ament_cmake_python_build_yolo_msgs_egg
[1.910s] [  1%] Built target yolo_msgs__cpp
[1.917s] [  2%] [34m[1mGenerating C++ type support dispatch for ROS interfaces[0m
[1.918s] [  3%] [34m[1mGenerating C++ type support for eProsima Fast-RTPS[0m
[1.918s] [  3%] [34m[1mGenerating C++ introspection for ROS interfaces[0m
[1.976s] [  5%] [32mBuilding C object CMakeFiles/yolo_msgs__rosidl_generator_c.dir/rosidl_generator_c/yolo_msgs/msg/detail/pose2_d__functions.c.o[0m
[1.977s] [  5%] [32mBuilding C object CMakeFiles/yolo_msgs__rosidl_generator_c.dir/rosidl_generator_c/yolo_msgs/msg/detail/bounding_box3_d__functions.c.o[0m
[1.977s] [  6%] [32mBuilding C object CMakeFiles/yolo_msgs__rosidl_generator_c.dir/rosidl_generator_c/yolo_msgs/msg/detail/bounding_box2_d__functions.c.o[0m
[1.978s] [  8%] [32mBuilding C object CMakeFiles/yolo_msgs__rosidl_generator_c.dir/rosidl_generator_c/yolo_msgs/msg/detail/mask__functions.c.o[0m
[1.979s] [  8%] [32mBuilding C object CMakeFiles/yolo_msgs__rosidl_generator_c.dir/rosidl_generator_c/yolo_msgs/msg/detail/point2_d__functions.c.o[0m
[1.979s] [  8%] [32mBuilding C object CMakeFiles/yolo_msgs__rosidl_generator_c.dir/rosidl_generator_c/yolo_msgs/msg/detail/vector2__functions.c.o[0m
[1.979s] [  9%] [32mBuilding C object CMakeFiles/yolo_msgs__rosidl_generator_c.dir/rosidl_generator_c/yolo_msgs/srv/detail/set_classes__functions.c.o[0m
[1.980s] [ 10%] [32mBuilding C object CMakeFiles/yolo_msgs__rosidl_generator_c.dir/rosidl_generator_c/yolo_msgs/msg/detail/key_point3_d_array__functions.c.o[0m
[1.980s] [ 11%] [32mBuilding C object CMakeFiles/yolo_msgs__rosidl_generator_c.dir/rosidl_generator_c/yolo_msgs/msg/detail/key_point3_d__functions.c.o[0m
[1.980s] [ 11%] [32mBuilding C object CMakeFiles/yolo_msgs__rosidl_generator_c.dir/rosidl_generator_c/yolo_msgs/msg/detail/key_point2_d__functions.c.o[0m
[1.980s] [ 12%] [32mBuilding C object CMakeFiles/yolo_msgs__rosidl_generator_c.dir/rosidl_generator_c/yolo_msgs/msg/detail/key_point2_d_array__functions.c.o[0m
[1.981s] [ 13%] [32mBuilding C object CMakeFiles/yolo_msgs__rosidl_generator_c.dir/rosidl_generator_c/yolo_msgs/msg/detail/detection__functions.c.o[0m
[1.981s] [ 13%] [32mBuilding C object CMakeFiles/yolo_msgs__rosidl_generator_c.dir/rosidl_generator_c/yolo_msgs/msg/detail/detection_array__functions.c.o[0m
[2.035s] [ 14%] [32m[1mLinking C shared library libyolo_msgs__rosidl_generator_c.so[0m
[2.064s] [ 14%] Built target yolo_msgs__rosidl_generator_c
[2.072s] [ 15%] [34m[1mGenerating C type support dispatch for ROS interfaces[0m
[2.073s] [ 16%] [34m[1mGenerating C introspection for ROS interfaces[0m
[2.074s] [ 17%] [34m[1mGenerating C type support for eProsima Fast-RTPS[0m
[2.370s] [ 18%] [32mBuilding CXX object CMakeFiles/yolo_msgs__rosidl_typesupport_cpp.dir/rosidl_typesupport_cpp/yolo_msgs/msg/bounding_box3_d__type_support.cpp.o[0m
[2.370s] [ 19%] [32mBuilding CXX object CMakeFiles/yolo_msgs__rosidl_typesupport_cpp.dir/rosidl_typesupport_cpp/yolo_msgs/msg/point2_d__type_support.cpp.o[0m
[2.370s] [ 20%] [32mBuilding CXX object CMakeFiles/yolo_msgs__rosidl_typesupport_cpp.dir/rosidl_typesupport_cpp/yolo_msgs/msg/vector2__type_support.cpp.o[0m
[2.371s] [ 21%] [32mBuilding CXX object CMakeFiles/yolo_msgs__rosidl_typesupport_cpp.dir/rosidl_typesupport_cpp/yolo_msgs/msg/key_point3_d__type_support.cpp.o[0m
[2.371s] [ 21%] [32mBuilding CXX object CMakeFiles/yolo_msgs__rosidl_typesupport_cpp.dir/rosidl_typesupport_cpp/yolo_msgs/msg/pose2_d__type_support.cpp.o[0m
[2.371s] [ 21%] [32mBuilding CXX object CMakeFiles/yolo_msgs__rosidl_typesupport_cpp.dir/rosidl_typesupport_cpp/yolo_msgs/msg/key_point2_d_array__type_support.cpp.o[0m
[2.371s] [ 23%] [32mBuilding CXX object CMakeFiles/yolo_msgs__rosidl_typesupport_cpp.dir/rosidl_typesupport_cpp/yolo_msgs/msg/key_point2_d__type_support.cpp.o[0m
[2.371s] [ 23%] [32mBuilding CXX object CMakeFiles/yolo_msgs__rosidl_typesupport_cpp.dir/rosidl_typesupport_cpp/yolo_msgs/msg/bounding_box2_d__type_support.cpp.o[0m
[2.372s] [ 24%] [32mBuilding CXX object CMakeFiles/yolo_msgs__rosidl_typesupport_cpp.dir/rosidl_typesupport_cpp/yolo_msgs/msg/mask__type_support.cpp.o[0m
[2.373s] [ 25%] [32mBuilding CXX object CMakeFiles/yolo_msgs__rosidl_typesupport_cpp.dir/rosidl_typesupport_cpp/yolo_msgs/msg/detection__type_support.cpp.o[0m
[2.374s] [ 26%] [32mBuilding CXX object CMakeFiles/yolo_msgs__rosidl_typesupport_cpp.dir/rosidl_typesupport_cpp/yolo_msgs/msg/key_point3_d_array__type_support.cpp.o[0m
[2.374s] [ 27%] [32mBuilding CXX object CMakeFiles/yolo_msgs__rosidl_typesupport_cpp.dir/rosidl_typesupport_cpp/yolo_msgs/msg/detection_array__type_support.cpp.o[0m
[2.376s] [ 27%] [32mBuilding CXX object CMakeFiles/yolo_msgs__rosidl_typesupport_cpp.dir/rosidl_typesupport_cpp/yolo_msgs/srv/set_classes__type_support.cpp.o[0m
[2.448s] [ 28%] [32mBuilding CXX object CMakeFiles/yolo_msgs__rosidl_typesupport_introspection_cpp.dir/rosidl_typesupport_introspection_cpp/yolo_msgs/msg/detail/point2_d__type_support.cpp.o[0m
[2.450s] [ 29%] [32mBuilding CXX object CMakeFiles/yolo_msgs__rosidl_typesupport_introspection_cpp.dir/rosidl_typesupport_introspection_cpp/yolo_msgs/msg/detail/vector2__type_support.cpp.o[0m
[2.450s] [ 30%] [32mBuilding CXX object CMakeFiles/yolo_msgs__rosidl_typesupport_introspection_cpp.dir/rosidl_typesupport_introspection_cpp/yolo_msgs/msg/detail/pose2_d__type_support.cpp.o[0m
[2.454s] [ 31%] [32mBuilding CXX object CMakeFiles/yolo_msgs__rosidl_typesupport_introspection_cpp.dir/rosidl_typesupport_introspection_cpp/yolo_msgs/msg/detail/bounding_box2_d__type_support.cpp.o[0m
[2.454s] [ 31%] [32mBuilding CXX object CMakeFiles/yolo_msgs__rosidl_typesupport_introspection_cpp.dir/rosidl_typesupport_introspection_cpp/yolo_msgs/msg/detail/bounding_box3_d__type_support.cpp.o[0m
[2.623s] [ 32%] [32mBuilding CXX object CMakeFiles/yolo_msgs__rosidl_typesupport_introspection_cpp.dir/rosidl_typesupport_introspection_cpp/yolo_msgs/msg/detail/mask__type_support.cpp.o[0m
[2.630s] [ 33%] [32mBuilding CXX object CMakeFiles/yolo_msgs__rosidl_typesupport_introspection_cpp.dir/rosidl_typesupport_introspection_cpp/yolo_msgs/msg/detail/key_point2_d__type_support.cpp.o[0m
[2.630s] [ 34%] [32mBuilding CXX object CMakeFiles/yolo_msgs__rosidl_typesupport_introspection_cpp.dir/rosidl_typesupport_introspection_cpp/yolo_msgs/msg/detail/key_point2_d_array__type_support.cpp.o[0m
[2.634s] [ 35%] [32mBuilding CXX object CMakeFiles/yolo_msgs__rosidl_typesupport_introspection_cpp.dir/rosidl_typesupport_introspection_cpp/yolo_msgs/msg/detail/key_point3_d__type_support.cpp.o[0m
[2.635s] [ 35%] [32mBuilding CXX object CMakeFiles/yolo_msgs__rosidl_typesupport_introspection_cpp.dir/rosidl_typesupport_introspection_cpp/yolo_msgs/msg/detail/key_point3_d_array__type_support.cpp.o[0m
[2.641s] [ 36%] [32mBuilding CXX object CMakeFiles/yolo_msgs__rosidl_typesupport_introspection_cpp.dir/rosidl_typesupport_introspection_cpp/yolo_msgs/msg/detail/detection__type_support.cpp.o[0m
[2.676s] [ 37%] [32mBuilding CXX object CMakeFiles/yolo_msgs__rosidl_typesupport_introspection_cpp.dir/rosidl_typesupport_introspection_cpp/yolo_msgs/msg/detail/detection_array__type_support.cpp.o[0m
[2.676s] [ 37%] [32mBuilding CXX object CMakeFiles/yolo_msgs__rosidl_typesupport_c.dir/rosidl_typesupport_c/yolo_msgs/msg/point2_d__type_support.cpp.o[0m
[2.695s] [ 38%] [32mBuilding CXX object CMakeFiles/yolo_msgs__rosidl_typesupport_introspection_cpp.dir/rosidl_typesupport_introspection_cpp/yolo_msgs/srv/detail/set_classes__type_support.cpp.o[0m
[2.703s] [ 39%] [32mBuilding CXX object CMakeFiles/yolo_msgs__rosidl_typesupport_c.dir/rosidl_typesupport_c/yolo_msgs/msg/vector2__type_support.cpp.o[0m
[2.707s] [ 41%] [32mBuilding CXX object CMakeFiles/yolo_msgs__rosidl_typesupport_c.dir/rosidl_typesupport_c/yolo_msgs/msg/bounding_box2_d__type_support.cpp.o[0m
[2.707s] [ 41%] [32mBuilding CXX object CMakeFiles/yolo_msgs__rosidl_typesupport_c.dir/rosidl_typesupport_c/yolo_msgs/msg/pose2_d__type_support.cpp.o[0m
[2.710s] [ 41%] [32mBuilding CXX object CMakeFiles/yolo_msgs__rosidl_typesupport_c.dir/rosidl_typesupport_c/yolo_msgs/msg/mask__type_support.cpp.o[0m
[2.710s] [ 42%] [32mBuilding CXX object CMakeFiles/yolo_msgs__rosidl_typesupport_c.dir/rosidl_typesupport_c/yolo_msgs/msg/bounding_box3_d__type_support.cpp.o[0m
[2.724s] [ 43%] [32m[1mLinking CXX shared library libyolo_msgs__rosidl_typesupport_cpp.so[0m
[2.727s] [ 44%] [32mBuilding CXX object CMakeFiles/yolo_msgs__rosidl_typesupport_fastrtps_cpp.dir/rosidl_typesupport_fastrtps_cpp/yolo_msgs/msg/detail/dds_fastrtps/point2_d__type_support.cpp.o[0m
[2.738s] [ 46%] [32mBuilding CXX object CMakeFiles/yolo_msgs__rosidl_typesupport_c.dir/rosidl_typesupport_c/yolo_msgs/msg/key_point2_d__type_support.cpp.o[0m
[2.738s] [ 46%] [32mBuilding CXX object CMakeFiles/yolo_msgs__rosidl_typesupport_fastrtps_cpp.dir/rosidl_typesupport_fastrtps_cpp/yolo_msgs/msg/detail/dds_fastrtps/pose2_d__type_support.cpp.o[0m
[2.738s] [ 47%] [32mBuilding CXX object CMakeFiles/yolo_msgs__rosidl_typesupport_fastrtps_cpp.dir/rosidl_typesupport_fastrtps_cpp/yolo_msgs/msg/detail/dds_fastrtps/vector2__type_support.cpp.o[0m
[2.746s] [ 47%] [32mBuilding CXX object CMakeFiles/yolo_msgs__rosidl_typesupport_fastrtps_cpp.dir/rosidl_typesupport_fastrtps_cpp/yolo_msgs/msg/detail/dds_fastrtps/bounding_box2_d__type_support.cpp.o[0m
[2.751s] [ 48%] [32mBuilding CXX object CMakeFiles/yolo_msgs__rosidl_typesupport_fastrtps_cpp.dir/rosidl_typesupport_fastrtps_cpp/yolo_msgs/msg/detail/dds_fastrtps/bounding_box3_d__type_support.cpp.o[0m
[2.768s] [ 49%] [32mBuilding CXX object CMakeFiles/yolo_msgs__rosidl_typesupport_c.dir/rosidl_typesupport_c/yolo_msgs/msg/key_point2_d_array__type_support.cpp.o[0m
[2.801s] [ 50%] [32mBuilding CXX object CMakeFiles/yolo_msgs__rosidl_typesupport_c.dir/rosidl_typesupport_c/yolo_msgs/msg/key_point3_d__type_support.cpp.o[0m
[2.805s] [ 50%] Built target yolo_msgs__rosidl_typesupport_cpp
[2.813s] [ 51%] [32mBuilding CXX object CMakeFiles/yolo_msgs__rosidl_typesupport_c.dir/rosidl_typesupport_c/yolo_msgs/msg/key_point3_d_array__type_support.cpp.o[0m
[2.813s] [ 51%] [32mBuilding CXX object CMakeFiles/yolo_msgs__rosidl_typesupport_c.dir/rosidl_typesupport_c/yolo_msgs/msg/detection__type_support.cpp.o[0m
[2.835s] [ 52%] [32mBuilding CXX object CMakeFiles/yolo_msgs__rosidl_typesupport_c.dir/rosidl_typesupport_c/yolo_msgs/msg/detection_array__type_support.cpp.o[0m
[2.846s] [ 53%] [32mBuilding CXX object CMakeFiles/yolo_msgs__rosidl_typesupport_fastrtps_cpp.dir/rosidl_typesupport_fastrtps_cpp/yolo_msgs/msg/detail/dds_fastrtps/mask__type_support.cpp.o[0m
[2.855s] [ 54%] [32mBuilding CXX object CMakeFiles/yolo_msgs__rosidl_typesupport_fastrtps_cpp.dir/rosidl_typesupport_fastrtps_cpp/yolo_msgs/msg/detail/dds_fastrtps/key_point2_d__type_support.cpp.o[0m
[2.877s] [ 55%] [32mBuilding CXX object CMakeFiles/yolo_msgs__rosidl_typesupport_c.dir/rosidl_typesupport_c/yolo_msgs/srv/set_classes__type_support.cpp.o[0m
[2.908s] [ 56%] [32m[1mLinking CXX shared library libyolo_msgs__rosidl_typesupport_c.so[0m
[2.942s] [ 57%] [32mBuilding CXX object CMakeFiles/yolo_msgs__rosidl_typesupport_fastrtps_cpp.dir/rosidl_typesupport_fastrtps_cpp/yolo_msgs/msg/detail/dds_fastrtps/key_point2_d_array__type_support.cpp.o[0m
[2.952s] [ 57%] [32mBuilding CXX object CMakeFiles/yolo_msgs__rosidl_typesupport_fastrtps_cpp.dir/rosidl_typesupport_fastrtps_cpp/yolo_msgs/msg/detail/dds_fastrtps/key_point3_d__type_support.cpp.o[0m
[2.954s] [ 58%] [32mBuilding CXX object CMakeFiles/yolo_msgs__rosidl_typesupport_fastrtps_cpp.dir/rosidl_typesupport_fastrtps_cpp/yolo_msgs/msg/detail/dds_fastrtps/key_point3_d_array__type_support.cpp.o[0m
[2.967s] [ 59%] [32mBuilding CXX object CMakeFiles/yolo_msgs__rosidl_typesupport_fastrtps_cpp.dir/rosidl_typesupport_fastrtps_cpp/yolo_msgs/msg/detail/dds_fastrtps/detection__type_support.cpp.o[0m
[2.973s] [ 59%] Built target yolo_msgs__rosidl_typesupport_c
[2.982s] [ 60%] [32mBuilding CXX object CMakeFiles/yolo_msgs__rosidl_typesupport_fastrtps_cpp.dir/rosidl_typesupport_fastrtps_cpp/yolo_msgs/msg/detail/dds_fastrtps/detection_array__type_support.cpp.o[0m
[2.982s] [ 61%] [32mBuilding CXX object CMakeFiles/yolo_msgs__rosidl_typesupport_fastrtps_cpp.dir/rosidl_typesupport_fastrtps_cpp/yolo_msgs/srv/detail/dds_fastrtps/set_classes__type_support.cpp.o[0m
[3.042s] [ 63%] [32mBuilding C object CMakeFiles/yolo_msgs__rosidl_typesupport_introspection_c.dir/rosidl_typesupport_introspection_c/yolo_msgs/msg/detail/vector2__type_support.c.o[0m
[3.042s] [ 63%] [32mBuilding C object CMakeFiles/yolo_msgs__rosidl_typesupport_introspection_c.dir/rosidl_typesupport_introspection_c/yolo_msgs/msg/detail/point2_d__type_support.c.o[0m
[3.042s] [ 63%] [32mBuilding C object CMakeFiles/yolo_msgs__rosidl_typesupport_introspection_c.dir/rosidl_typesupport_introspection_c/yolo_msgs/msg/detail/pose2_d__type_support.c.o[0m
[3.045s] [ 64%] [32mBuilding C object CMakeFiles/yolo_msgs__rosidl_typesupport_introspection_c.dir/rosidl_typesupport_introspection_c/yolo_msgs/msg/detail/bounding_box2_d__type_support.c.o[0m
[3.049s] [ 65%] [32mBuilding CXX object CMakeFiles/yolo_msgs__rosidl_typesupport_fastrtps_c.dir/rosidl_typesupport_fastrtps_c/yolo_msgs/msg/detail/point2_d__type_support_c.cpp.o[0m
[3.059s] [ 65%] [32mBuilding CXX object CMakeFiles/yolo_msgs__rosidl_typesupport_fastrtps_c.dir/rosidl_typesupport_fastrtps_c/yolo_msgs/msg/detail/vector2__type_support_c.cpp.o[0m
[3.074s] [ 66%] [32mBuilding C object CMakeFiles/yolo_msgs__rosidl_typesupport_introspection_c.dir/rosidl_typesupport_introspection_c/yolo_msgs/msg/detail/bounding_box3_d__type_support.c.o[0m
[3.076s] [ 67%] [32mBuilding CXX object CMakeFiles/yolo_msgs__rosidl_typesupport_fastrtps_c.dir/rosidl_typesupport_fastrtps_c/yolo_msgs/msg/detail/pose2_d__type_support_c.cpp.o[0m
[3.076s] [ 68%] [32mBuilding CXX object CMakeFiles/yolo_msgs__rosidl_typesupport_fastrtps_c.dir/rosidl_typesupport_fastrtps_c/yolo_msgs/msg/detail/bounding_box2_d__type_support_c.cpp.o[0m
[3.082s] [ 69%] [32mBuilding C object CMakeFiles/yolo_msgs__rosidl_typesupport_introspection_c.dir/rosidl_typesupport_introspection_c/yolo_msgs/msg/detail/mask__type_support.c.o[0m
[3.087s] [ 70%] [32mBuilding CXX object CMakeFiles/yolo_msgs__rosidl_typesupport_fastrtps_c.dir/rosidl_typesupport_fastrtps_c/yolo_msgs/msg/detail/bounding_box3_d__type_support_c.cpp.o[0m
[3.118s] [ 70%] [32mBuilding C object CMakeFiles/yolo_msgs__rosidl_typesupport_introspection_c.dir/rosidl_typesupport_introspection_c/yolo_msgs/msg/detail/key_point2_d_array__type_support.c.o[0m
[3.119s] [ 71%] [32mBuilding C object CMakeFiles/yolo_msgs__rosidl_typesupport_introspection_c.dir/rosidl_typesupport_introspection_c/yolo_msgs/msg/detail/key_point2_d__type_support.c.o[0m
[3.120s] [ 72%] [32mBuilding CXX object CMakeFiles/yolo_msgs__rosidl_typesupport_fastrtps_c.dir/rosidl_typesupport_fastrtps_c/yolo_msgs/msg/detail/mask__type_support_c.cpp.o[0m
[3.139s] [ 72%] [32mBuilding CXX object CMakeFiles/yolo_msgs__rosidl_typesupport_fastrtps_c.dir/rosidl_typesupport_fastrtps_c/yolo_msgs/msg/detail/key_point2_d__type_support_c.cpp.o[0m
[3.170s] [ 73%] [32mBuilding CXX object CMakeFiles/yolo_msgs__rosidl_typesupport_fastrtps_c.dir/rosidl_typesupport_fastrtps_c/yolo_msgs/msg/detail/key_point2_d_array__type_support_c.cpp.o[0m
[3.181s] [ 74%] [32mBuilding C object CMakeFiles/yolo_msgs__rosidl_typesupport_introspection_c.dir/rosidl_typesupport_introspection_c/yolo_msgs/msg/detail/key_point3_d__type_support.c.o[0m
[3.239s] [ 75%] [32mBuilding CXX object CMakeFiles/yolo_msgs__rosidl_typesupport_fastrtps_c.dir/rosidl_typesupport_fastrtps_c/yolo_msgs/msg/detail/key_point3_d__type_support_c.cpp.o[0m
[3.243s] [ 76%] [32mBuilding C object CMakeFiles/yolo_msgs__rosidl_typesupport_introspection_c.dir/rosidl_typesupport_introspection_c/yolo_msgs/msg/detail/key_point3_d_array__type_support.c.o[0m
[3.245s] [ 77%] [32mBuilding CXX object CMakeFiles/yolo_msgs__rosidl_typesupport_fastrtps_c.dir/rosidl_typesupport_fastrtps_c/yolo_msgs/msg/detail/key_point3_d_array__type_support_c.cpp.o[0m
[3.247s] [ 78%] [32m[1mLinking CXX shared library libyolo_msgs__rosidl_typesupport_introspection_cpp.so[0m
[3.251s] [ 79%] [32mBuilding CXX object CMakeFiles/yolo_msgs__rosidl_typesupport_fastrtps_c.dir/rosidl_typesupport_fastrtps_c/yolo_msgs/msg/detail/detection__type_support_c.cpp.o[0m
[3.293s] [ 79%] [32mBuilding CXX object CMakeFiles/yolo_msgs__rosidl_typesupport_fastrtps_c.dir/rosidl_typesupport_fastrtps_c/yolo_msgs/msg/detail/detection_array__type_support_c.cpp.o[0m
[3.299s] [ 80%] [32mBuilding C object CMakeFiles/yolo_msgs__rosidl_typesupport_introspection_c.dir/rosidl_typesupport_introspection_c/yolo_msgs/msg/detail/detection__type_support.c.o[0m
[3.342s] [ 82%] [32mBuilding CXX object CMakeFiles/yolo_msgs__rosidl_typesupport_fastrtps_c.dir/rosidl_typesupport_fastrtps_c/yolo_msgs/srv/detail/set_classes__type_support_c.cpp.o[0m
[3.342s] [ 82%] [32mBuilding C object CMakeFiles/yolo_msgs__rosidl_typesupport_introspection_c.dir/rosidl_typesupport_introspection_c/yolo_msgs/msg/detail/detection_array__type_support.c.o[0m
[3.353s] [ 82%] [32mBuilding C object CMakeFiles/yolo_msgs__rosidl_typesupport_introspection_c.dir/rosidl_typesupport_introspection_c/yolo_msgs/srv/detail/set_classes__type_support.c.o[0m
[3.402s] [ 82%] Built target yolo_msgs__rosidl_typesupport_introspection_cpp
[3.405s] [ 83%] [32m[1mLinking C shared library libyolo_msgs__rosidl_typesupport_introspection_c.so[0m
[3.446s] [ 83%] Built target yolo_msgs__rosidl_typesupport_introspection_c
[3.476s] [ 83%] [32m[1mLinking CXX shared library libyolo_msgs__rosidl_typesupport_fastrtps_cpp.so[0m
[3.537s] [ 83%] Built target yolo_msgs__rosidl_typesupport_fastrtps_cpp
[3.594s] [ 84%] [32m[1mLinking CXX shared library libyolo_msgs__rosidl_typesupport_fastrtps_c.so[0m
[3.649s] [ 84%] Built target yolo_msgs__rosidl_typesupport_fastrtps_c
[3.665s] [ 84%] Built target yolo_msgs
[3.680s] [ 85%] [34m[1mGenerating Python code for ROS interfaces[0m
[4.690s] [ 85%] Built target yolo_msgs__py
[4.706s] [ 85%] [32mBuilding C object CMakeFiles/yolo_msgs__rosidl_generator_py.dir/rosidl_generator_py/yolo_msgs/msg/_vector2_s.c.o[0m
[4.706s] [ 86%] [32mBuilding C object CMakeFiles/yolo_msgs__rosidl_generator_py.dir/rosidl_generator_py/yolo_msgs/msg/_bounding_box2_d_s.c.o[0m
[4.707s] [ 87%] [32mBuilding C object CMakeFiles/yolo_msgs__rosidl_generator_py.dir/rosidl_generator_py/yolo_msgs/msg/_mask_s.c.o[0m
[4.707s] [ 88%] [32mBuilding C object CMakeFiles/yolo_msgs__rosidl_generator_py.dir/rosidl_generator_py/yolo_msgs/msg/_bounding_box3_d_s.c.o[0m
[4.707s] [ 89%] [32mBuilding C object CMakeFiles/yolo_msgs__rosidl_generator_py.dir/rosidl_generator_py/yolo_msgs/msg/_key_point2_d_array_s.c.o[0m
[4.707s] [ 90%] [32mBuilding C object CMakeFiles/yolo_msgs__rosidl_generator_py.dir/rosidl_generator_py/yolo_msgs/msg/_key_point3_d_s.c.o[0m
[4.708s] [ 91%] [32mBuilding C object CMakeFiles/yolo_msgs__rosidl_generator_py.dir/rosidl_generator_py/yolo_msgs/msg/_point2_d_s.c.o[0m
[4.708s] [ 92%] [32mBuilding C object CMakeFiles/yolo_msgs__rosidl_generator_py.dir/rosidl_generator_py/yolo_msgs/msg/_key_point3_d_array_s.c.o[0m
[4.709s] [ 93%] [32mBuilding C object CMakeFiles/yolo_msgs__rosidl_generator_py.dir/rosidl_generator_py/yolo_msgs/msg/_pose2_d_s.c.o[0m
[4.710s] [ 93%] [32mBuilding C object CMakeFiles/yolo_msgs__rosidl_generator_py.dir/rosidl_generator_py/yolo_msgs/msg/_detection_array_s.c.o[0m
[4.710s] [ 93%] [32mBuilding C object CMakeFiles/yolo_msgs__rosidl_generator_py.dir/rosidl_generator_py/yolo_msgs/msg/_key_point2_d_s.c.o[0m
[4.710s] [ 94%] [32mBuilding C object CMakeFiles/yolo_msgs__rosidl_generator_py.dir/rosidl_generator_py/yolo_msgs/msg/_detection_s.c.o[0m
[4.711s] [ 95%] [32mBuilding C object CMakeFiles/yolo_msgs__rosidl_generator_py.dir/rosidl_generator_py/yolo_msgs/srv/_set_classes_s.c.o[0m
[4.818s] [ 96%] [32m[1mLinking C shared library rosidl_generator_py/yolo_msgs/libyolo_msgs__rosidl_generator_py.so[0m
[4.849s] [ 96%] Built target yolo_msgs__rosidl_generator_py
[4.865s] [ 97%] [32mBuilding C object CMakeFiles/yolo_msgs__rosidl_typesupport_introspection_c__pyext.dir/rosidl_generator_py/yolo_msgs/_yolo_msgs_s.ep.rosidl_typesupport_introspection_c.c.o[0m
[4.866s] [ 98%] [32mBuilding C object CMakeFiles/yolo_msgs__rosidl_typesupport_c__pyext.dir/rosidl_generator_py/yolo_msgs/_yolo_msgs_s.ep.rosidl_typesupport_c.c.o[0m
[4.866s] [ 99%] [32mBuilding C object CMakeFiles/yolo_msgs__rosidl_typesupport_fastrtps_c__pyext.dir/rosidl_generator_py/yolo_msgs/_yolo_msgs_s.ep.rosidl_typesupport_fastrtps_c.c.o[0m
[4.946s] [ 99%] [32m[1mLinking C shared library rosidl_generator_py/yolo_msgs/yolo_msgs_s__rosidl_typesupport_fastrtps_c.cpython-310-x86_64-linux-gnu.so[0m
[4.946s] [100%] [32m[1mLinking C shared library rosidl_generator_py/yolo_msgs/yolo_msgs_s__rosidl_typesupport_introspection_c.cpython-310-x86_64-linux-gnu.so[0m
[4.947s] [100%] [32m[1mLinking C shared library rosidl_generator_py/yolo_msgs/yolo_msgs_s__rosidl_typesupport_c.cpython-310-x86_64-linux-gnu.so[0m
[4.978s] [100%] Built target yolo_msgs__rosidl_typesupport_introspection_c__pyext
[4.981s] [100%] Built target yolo_msgs__rosidl_typesupport_c__pyext
[4.984s] [100%] Built target yolo_msgs__rosidl_typesupport_fastrtps_c__pyext
[4.992s] Invoked command in '/home/user/autonomy_stack_ros_humble/build/yolo_msgs' returned '0': CMAKE_PREFIX_PATH=/opt/ros/humble /usr/bin/cmake --build /home/user/autonomy_stack_ros_humble/build/yolo_msgs -- -j22 -l22
[4.999s] Invoking command in '/home/user/autonomy_stack_ros_humble/build/yolo_msgs': CMAKE_PREFIX_PATH=/opt/ros/humble /usr/bin/cmake --install /home/user/autonomy_stack_ros_humble/build/yolo_msgs
[5.003s] -- Install configuration: ""
[5.003s] -- Installing: /home/user/autonomy_stack_ros_humble/install/yolo_msgs/share/ament_index/resource_index/rosidl_interfaces/yolo_msgs
[5.003s] -- Installing: /home/user/autonomy_stack_ros_humble/install/yolo_msgs/include/yolo_msgs/yolo_msgs
[5.003s] -- Installing: /home/user/autonomy_stack_ros_humble/install/yolo_msgs/include/yolo_msgs/yolo_msgs/srv
[5.003s] -- Installing: /home/user/autonomy_stack_ros_humble/install/yolo_msgs/include/yolo_msgs/yolo_msgs/srv/set_classes.h
[5.003s] -- Installing: /home/user/autonomy_stack_ros_humble/install/yolo_msgs/include/yolo_msgs/yolo_msgs/srv/detail
[5.003s] -- Installing: /home/user/autonomy_stack_ros_humble/install/yolo_msgs/include/yolo_msgs/yolo_msgs/srv/detail/set_classes__struct.h
[5.003s] -- Installing: /home/user/autonomy_stack_ros_humble/install/yolo_msgs/include/yolo_msgs/yolo_msgs/srv/detail/set_classes__functions.c
[5.003s] -- Installing: /home/user/autonomy_stack_ros_humble/install/yolo_msgs/include/yolo_msgs/yolo_msgs/srv/detail/set_classes__functions.h
[5.003s] -- Installing: /home/user/autonomy_stack_ros_humble/install/yolo_msgs/include/yolo_msgs/yolo_msgs/srv/detail/set_classes__type_support.h
[5.003s] -- Installing: /home/user/autonomy_stack_ros_humble/install/yolo_msgs/include/yolo_msgs/yolo_msgs/msg
[5.004s] -- Installing: /home/user/autonomy_stack_ros_humble/install/yolo_msgs/include/yolo_msgs/yolo_msgs/msg/detection.h
[5.004s] -- Installing: /home/user/autonomy_stack_ros_humble/install/yolo_msgs/include/yolo_msgs/yolo_msgs/msg/vector2.h
[5.004s] -- Installing: /home/user/autonomy_stack_ros_humble/install/yolo_msgs/include/yolo_msgs/yolo_msgs/msg/rosidl_generator_c__visibility_control.h
[5.004s] -- Installing: /home/user/autonomy_stack_ros_humble/install/yolo_msgs/include/yolo_msgs/yolo_msgs/msg/mask.h
[5.004s] -- Installing: /home/user/autonomy_stack_ros_humble/install/yolo_msgs/include/yolo_msgs/yolo_msgs/msg/pose2_d.h
[5.004s] -- Installing: /home/user/autonomy_stack_ros_humble/install/yolo_msgs/include/yolo_msgs/yolo_msgs/msg/bounding_box2_d.h
[5.004s] -- Installing: /home/user/autonomy_stack_ros_humble/install/yolo_msgs/include/yolo_msgs/yolo_msgs/msg/detection_array.h
[5.004s] -- Installing: /home/user/autonomy_stack_ros_humble/install/yolo_msgs/include/yolo_msgs/yolo_msgs/msg/point2_d.h
[5.004s] -- Installing: /home/user/autonomy_stack_ros_humble/install/yolo_msgs/include/yolo_msgs/yolo_msgs/msg/bounding_box3_d.h
[5.004s] -- Installing: /home/user/autonomy_stack_ros_humble/install/yolo_msgs/include/yolo_msgs/yolo_msgs/msg/detail
[5.004s] -- Installing: /home/user/autonomy_stack_ros_humble/install/yolo_msgs/include/yolo_msgs/yolo_msgs/msg/detail/key_point3_d__functions.h
[5.004s] -- Installing: /home/user/autonomy_stack_ros_humble/install/yolo_msgs/include/yolo_msgs/yolo_msgs/msg/detail/key_point2_d__struct.h
[5.004s] -- Installing: /home/user/autonomy_stack_ros_humble/install/yolo_msgs/include/yolo_msgs/yolo_msgs/msg/detail/detection_array__type_support.h
[5.004s] -- Installing: /home/user/autonomy_stack_ros_humble/install/yolo_msgs/include/yolo_msgs/yolo_msgs/msg/detail/detection__functions.c
[5.004s] -- Installing: /home/user/autonomy_stack_ros_humble/install/yolo_msgs/include/yolo_msgs/yolo_msgs/msg/detail/bounding_box3_d__type_support.h
[5.005s] -- Installing: /home/user/autonomy_stack_ros_humble/install/yolo_msgs/include/yolo_msgs/yolo_msgs/msg/detail/mask__struct.h
[5.005s] -- Installing: /home/user/autonomy_stack_ros_humble/install/yolo_msgs/include/yolo_msgs/yolo_msgs/msg/detail/bounding_box2_d__type_support.h
[5.005s] -- Installing: /home/user/autonomy_stack_ros_humble/install/yolo_msgs/include/yolo_msgs/yolo_msgs/msg/detail/pose2_d__struct.h
[5.005s] -- Installing: /home/user/autonomy_stack_ros_humble/install/yolo_msgs/include/yolo_msgs/yolo_msgs/msg/detail/pose2_d__type_support.h
[5.005s] -- Installing: /home/user/autonomy_stack_ros_humble/install/yolo_msgs/include/yolo_msgs/yolo_msgs/msg/detail/key_point3_d_array__struct.h
[5.005s] -- Installing: /home/user/autonomy_stack_ros_humble/install/yolo_msgs/include/yolo_msgs/yolo_msgs/msg/detail/detection__functions.h
[5.005s] -- Installing: /home/user/autonomy_stack_ros_humble/install/yolo_msgs/include/yolo_msgs/yolo_msgs/msg/detail/key_point3_d__functions.c
[5.005s] -- Installing: /home/user/autonomy_stack_ros_humble/install/yolo_msgs/include/yolo_msgs/yolo_msgs/msg/detail/key_point2_d_array__type_support.h
[5.005s] -- Installing: /home/user/autonomy_stack_ros_humble/install/yolo_msgs/include/yolo_msgs/yolo_msgs/msg/detail/key_point2_d__functions.c
[5.005s] -- Installing: /home/user/autonomy_stack_ros_humble/install/yolo_msgs/include/yolo_msgs/yolo_msgs/msg/detail/bounding_box3_d__functions.h
[5.005s] -- Installing: /home/user/autonomy_stack_ros_humble/install/yolo_msgs/include/yolo_msgs/yolo_msgs/msg/detail/key_point3_d_array__functions.h
[5.005s] -- Installing: /home/user/autonomy_stack_ros_humble/install/yolo_msgs/include/yolo_msgs/yolo_msgs/msg/detail/key_point2_d__functions.h
[5.005s] -- Installing: /home/user/autonomy_stack_ros_humble/install/yolo_msgs/include/yolo_msgs/yolo_msgs/msg/detail/pose2_d__functions.h
[5.005s] -- Installing: /home/user/autonomy_stack_ros_humble/install/yolo_msgs/include/yolo_msgs/yolo_msgs/msg/detail/detection_array__functions.h
[5.005s] -- Installing: /home/user/autonomy_stack_ros_humble/install/yolo_msgs/include/yolo_msgs/yolo_msgs/msg/detail/detection_array__struct.h
[5.005s] -- Installing: /home/user/autonomy_stack_ros_humble/install/yolo_msgs/include/yolo_msgs/yolo_msgs/msg/detail/bounding_box3_d__struct.h
[5.005s] -- Installing: /home/user/autonomy_stack_ros_humble/install/yolo_msgs/include/yolo_msgs/yolo_msgs/msg/detail/mask__functions.h
[5.005s] -- Installing: /home/user/autonomy_stack_ros_humble/install/yolo_msgs/include/yolo_msgs/yolo_msgs/msg/detail/bounding_box2_d__functions.c
[5.005s] -- Installing: /home/user/autonomy_stack_ros_humble/install/yolo_msgs/include/yolo_msgs/yolo_msgs/msg/detail/vector2__struct.h
[5.005s] -- Installing: /home/user/autonomy_stack_ros_humble/install/yolo_msgs/include/yolo_msgs/yolo_msgs/msg/detail/key_point2_d__type_support.h
[5.005s] -- Installing: /home/user/autonomy_stack_ros_humble/install/yolo_msgs/include/yolo_msgs/yolo_msgs/msg/detail/detection_array__functions.c
[5.005s] -- Installing: /home/user/autonomy_stack_ros_humble/install/yolo_msgs/include/yolo_msgs/yolo_msgs/msg/detail/key_point2_d_array__functions.h
[5.005s] -- Installing: /home/user/autonomy_stack_ros_humble/install/yolo_msgs/include/yolo_msgs/yolo_msgs/msg/detail/detection__struct.h
[5.005s] -- Installing: /home/user/autonomy_stack_ros_humble/install/yolo_msgs/include/yolo_msgs/yolo_msgs/msg/detail/bounding_box3_d__functions.c
[5.005s] -- Installing: /home/user/autonomy_stack_ros_humble/install/yolo_msgs/include/yolo_msgs/yolo_msgs/msg/detail/mask__type_support.h
[5.005s] -- Installing: /home/user/autonomy_stack_ros_humble/install/yolo_msgs/include/yolo_msgs/yolo_msgs/msg/detail/key_point3_d__struct.h
[5.005s] -- Installing: /home/user/autonomy_stack_ros_humble/install/yolo_msgs/include/yolo_msgs/yolo_msgs/msg/detail/point2_d__functions.c
[5.005s] -- Installing: /home/user/autonomy_stack_ros_humble/install/yolo_msgs/include/yolo_msgs/yolo_msgs/msg/detail/point2_d__functions.h
[5.006s] -- Installing: /home/user/autonomy_stack_ros_humble/install/yolo_msgs/include/yolo_msgs/yolo_msgs/msg/detail/point2_d__type_support.h
[5.006s] -- Installing: /home/user/autonomy_stack_ros_humble/install/yolo_msgs/include/yolo_msgs/yolo_msgs/msg/detail/point2_d__struct.h
[5.006s] -- Installing: /home/user/autonomy_stack_ros_humble/install/yolo_msgs/include/yolo_msgs/yolo_msgs/msg/detail/pose2_d__functions.c
[5.006s] -- Installing: /home/user/autonomy_stack_ros_humble/install/yolo_msgs/include/yolo_msgs/yolo_msgs/msg/detail/bounding_box2_d__functions.h
[5.006s] -- Installing: /home/user/autonomy_stack_ros_humble/install/yolo_msgs/include/yolo_msgs/yolo_msgs/msg/detail/detection__type_support.h
[5.006s] -- Installing: /home/user/autonomy_stack_ros_humble/install/yolo_msgs/include/yolo_msgs/yolo_msgs/msg/detail/key_point2_d_array__functions.c
[5.006s] -- Installing: /home/user/autonomy_stack_ros_humble/install/yolo_msgs/include/yolo_msgs/yolo_msgs/msg/detail/key_point3_d__type_support.h
[5.006s] -- Installing: /home/user/autonomy_stack_ros_humble/install/yolo_msgs/include/yolo_msgs/yolo_msgs/msg/detail/key_point2_d_array__struct.h
[5.006s] -- Installing: /home/user/autonomy_stack_ros_humble/install/yolo_msgs/include/yolo_msgs/yolo_msgs/msg/detail/mask__functions.c
[5.006s] -- Installing: /home/user/autonomy_stack_ros_humble/install/yolo_msgs/include/yolo_msgs/yolo_msgs/msg/detail/key_point3_d_array__type_support.h
[5.006s] -- Installing: /home/user/autonomy_stack_ros_humble/install/yolo_msgs/include/yolo_msgs/yolo_msgs/msg/detail/vector2__type_support.h
[5.006s] -- Installing: /home/user/autonomy_stack_ros_humble/install/yolo_msgs/include/yolo_msgs/yolo_msgs/msg/detail/bounding_box2_d__struct.h
[5.006s] -- Installing: /home/user/autonomy_stack_ros_humble/install/yolo_msgs/include/yolo_msgs/yolo_msgs/msg/detail/key_point3_d_array__functions.c
[5.006s] -- Installing: /home/user/autonomy_stack_ros_humble/install/yolo_msgs/include/yolo_msgs/yolo_msgs/msg/detail/vector2__functions.c
[5.006s] -- Installing: /home/user/autonomy_stack_ros_humble/install/yolo_msgs/include/yolo_msgs/yolo_msgs/msg/detail/vector2__functions.h
[5.006s] -- Installing: /home/user/autonomy_stack_ros_humble/install/yolo_msgs/include/yolo_msgs/yolo_msgs/msg/key_point3_d_array.h
[5.006s] -- Installing: /home/user/autonomy_stack_ros_humble/install/yolo_msgs/include/yolo_msgs/yolo_msgs/msg/key_point2_d.h
[5.006s] -- Installing: /home/user/autonomy_stack_ros_humble/install/yolo_msgs/include/yolo_msgs/yolo_msgs/msg/key_point2_d_array.h
[5.006s] -- Installing: /home/user/autonomy_stack_ros_humble/install/yolo_msgs/include/yolo_msgs/yolo_msgs/msg/key_point3_d.h
[5.006s] -- Installing: /home/user/autonomy_stack_ros_humble/install/yolo_msgs/share/yolo_msgs/environment/library_path.sh
[5.006s] -- Installing: /home/user/autonomy_stack_ros_humble/install/yolo_msgs/share/yolo_msgs/environment/library_path.dsv
[5.006s] -- Installing: /home/user/autonomy_stack_ros_humble/install/yolo_msgs/lib/libyolo_msgs__rosidl_generator_c.so
[5.006s] -- Set runtime path of "/home/user/autonomy_stack_ros_humble/install/yolo_msgs/lib/libyolo_msgs__rosidl_generator_c.so" to ""
[5.006s] -- Up-to-date: /home/user/autonomy_stack_ros_humble/install/yolo_msgs/include/yolo_msgs/yolo_msgs
[5.006s] -- Up-to-date: /home/user/autonomy_stack_ros_humble/install/yolo_msgs/include/yolo_msgs/yolo_msgs/srv
[5.006s] -- Up-to-date: /home/user/autonomy_stack_ros_humble/install/yolo_msgs/include/yolo_msgs/yolo_msgs/srv/detail
[5.006s] -- Installing: /home/user/autonomy_stack_ros_humble/install/yolo_msgs/include/yolo_msgs/yolo_msgs/srv/detail/set_classes__rosidl_typesupport_fastrtps_c.h
[5.006s] -- Up-to-date: /home/user/autonomy_stack_ros_humble/install/yolo_msgs/include/yolo_msgs/yolo_msgs/msg
[5.006s] -- Installing: /home/user/autonomy_stack_ros_humble/install/yolo_msgs/include/yolo_msgs/yolo_msgs/msg/rosidl_typesupport_fastrtps_c__visibility_control.h
[5.007s] -- Up-to-date: /home/user/autonomy_stack_ros_humble/install/yolo_msgs/include/yolo_msgs/yolo_msgs/msg/detail
[5.007s] -- Installing: /home/user/autonomy_stack_ros_humble/install/yolo_msgs/include/yolo_msgs/yolo_msgs/msg/detail/point2_d__rosidl_typesupport_fastrtps_c.h
[5.007s] -- Installing: /home/user/autonomy_stack_ros_humble/install/yolo_msgs/include/yolo_msgs/yolo_msgs/msg/detail/bounding_box3_d__rosidl_typesupport_fastrtps_c.h
[5.007s] -- Installing: /home/user/autonomy_stack_ros_humble/install/yolo_msgs/include/yolo_msgs/yolo_msgs/msg/detail/key_point3_d__rosidl_typesupport_fastrtps_c.h
[5.007s] -- Installing: /home/user/autonomy_stack_ros_humble/install/yolo_msgs/include/yolo_msgs/yolo_msgs/msg/detail/key_point2_d__rosidl_typesupport_fastrtps_c.h
[5.007s] -- Installing: /home/user/autonomy_stack_ros_humble/install/yolo_msgs/include/yolo_msgs/yolo_msgs/msg/detail/key_point3_d_array__rosidl_typesupport_fastrtps_c.h
[5.007s] -- Installing: /home/user/autonomy_stack_ros_humble/install/yolo_msgs/include/yolo_msgs/yolo_msgs/msg/detail/detection_array__rosidl_typesupport_fastrtps_c.h
[5.007s] -- Installing: /home/user/autonomy_stack_ros_humble/install/yolo_msgs/include/yolo_msgs/yolo_msgs/msg/detail/key_point2_d_array__rosidl_typesupport_fastrtps_c.h
[5.007s] -- Installing: /home/user/autonomy_stack_ros_humble/install/yolo_msgs/include/yolo_msgs/yolo_msgs/msg/detail/vector2__rosidl_typesupport_fastrtps_c.h
[5.007s] -- Installing: /home/user/autonomy_stack_ros_humble/install/yolo_msgs/include/yolo_msgs/yolo_msgs/msg/detail/mask__rosidl_typesupport_fastrtps_c.h
[5.007s] -- Installing: /home/user/autonomy_stack_ros_humble/install/yolo_msgs/include/yolo_msgs/yolo_msgs/msg/detail/bounding_box2_d__rosidl_typesupport_fastrtps_c.h
[5.007s] -- Installing: /home/user/autonomy_stack_ros_humble/install/yolo_msgs/include/yolo_msgs/yolo_msgs/msg/detail/detection__rosidl_typesupport_fastrtps_c.h
[5.007s] -- Installing: /home/user/autonomy_stack_ros_humble/install/yolo_msgs/include/yolo_msgs/yolo_msgs/msg/detail/pose2_d__rosidl_typesupport_fastrtps_c.h
[5.007s] -- Installing: /home/user/autonomy_stack_ros_humble/install/yolo_msgs/lib/libyolo_msgs__rosidl_typesupport_fastrtps_c.so
[5.007s] -- Set runtime path of "/home/user/autonomy_stack_ros_humble/install/yolo_msgs/lib/libyolo_msgs__rosidl_typesupport_fastrtps_c.so" to ""
[5.007s] -- Up-to-date: /home/user/autonomy_stack_ros_humble/install/yolo_msgs/include/yolo_msgs/yolo_msgs
[5.007s] -- Up-to-date: /home/user/autonomy_stack_ros_humble/install/yolo_msgs/include/yolo_msgs/yolo_msgs/srv
[5.007s] -- Up-to-date: /home/user/autonomy_stack_ros_humble/install/yolo_msgs/include/yolo_msgs/yolo_msgs/srv/detail
[5.007s] -- Installing: /home/user/autonomy_stack_ros_humble/install/yolo_msgs/include/yolo_msgs/yolo_msgs/srv/detail/set_classes__type_support.c
[5.007s] -- Installing: /home/user/autonomy_stack_ros_humble/install/yolo_msgs/include/yolo_msgs/yolo_msgs/srv/detail/set_classes__rosidl_typesupport_introspection_c.h
[5.007s] -- Up-to-date: /home/user/autonomy_stack_ros_humble/install/yolo_msgs/include/yolo_msgs/yolo_msgs/msg
[5.007s] -- Installing: /home/user/autonomy_stack_ros_humble/install/yolo_msgs/include/yolo_msgs/yolo_msgs/msg/rosidl_typesupport_introspection_c__visibility_control.h
[5.008s] -- Up-to-date: /home/user/autonomy_stack_ros_humble/install/yolo_msgs/include/yolo_msgs/yolo_msgs/msg/detail
[5.008s] -- Installing: /home/user/autonomy_stack_ros_humble/install/yolo_msgs/include/yolo_msgs/yolo_msgs/msg/detail/detection_array__rosidl_typesupport_introspection_c.h
[5.008s] -- Installing: /home/user/autonomy_stack_ros_humble/install/yolo_msgs/include/yolo_msgs/yolo_msgs/msg/detail/key_point3_d__type_support.c
[5.008s] -- Installing: /home/user/autonomy_stack_ros_humble/install/yolo_msgs/include/yolo_msgs/yolo_msgs/msg/detail/bounding_box3_d__rosidl_typesupport_introspection_c.h
[5.008s] -- Installing: /home/user/autonomy_stack_ros_humble/install/yolo_msgs/include/yolo_msgs/yolo_msgs/msg/detail/key_point3_d_array__rosidl_typesupport_introspection_c.h
[5.008s] -- Installing: /home/user/autonomy_stack_ros_humble/install/yolo_msgs/include/yolo_msgs/yolo_msgs/msg/detail/vector2__rosidl_typesupport_introspection_c.h
[5.008s] -- Installing: /home/user/autonomy_stack_ros_humble/install/yolo_msgs/include/yolo_msgs/yolo_msgs/msg/detail/key_point3_d_array__type_support.c
[5.008s] -- Installing: /home/user/autonomy_stack_ros_humble/install/yolo_msgs/include/yolo_msgs/yolo_msgs/msg/detail/detection_array__type_support.c
[5.008s] -- Installing: /home/user/autonomy_stack_ros_humble/install/yolo_msgs/include/yolo_msgs/yolo_msgs/msg/detail/key_point2_d_array__type_support.c
[5.008s] -- Installing: /home/user/autonomy_stack_ros_humble/install/yolo_msgs/include/yolo_msgs/yolo_msgs/msg/detail/bounding_box3_d__type_support.c
[5.008s] -- Installing: /home/user/autonomy_stack_ros_humble/install/yolo_msgs/include/yolo_msgs/yolo_msgs/msg/detail/point2_d__rosidl_typesupport_introspection_c.h
[5.008s] -- Installing: /home/user/autonomy_stack_ros_humble/install/yolo_msgs/include/yolo_msgs/yolo_msgs/msg/detail/vector2__type_support.c
[5.008s] -- Installing: /home/user/autonomy_stack_ros_humble/install/yolo_msgs/include/yolo_msgs/yolo_msgs/msg/detail/bounding_box2_d__rosidl_typesupport_introspection_c.h
[5.008s] -- Installing: /home/user/autonomy_stack_ros_humble/install/yolo_msgs/include/yolo_msgs/yolo_msgs/msg/detail/key_point2_d__rosidl_typesupport_introspection_c.h
[5.008s] -- Installing: /home/user/autonomy_stack_ros_humble/install/yolo_msgs/include/yolo_msgs/yolo_msgs/msg/detail/key_point2_d_array__rosidl_typesupport_introspection_c.h
[5.008s] -- Installing: /home/user/autonomy_stack_ros_humble/install/yolo_msgs/include/yolo_msgs/yolo_msgs/msg/detail/detection__rosidl_typesupport_introspection_c.h
[5.008s] -- Installing: /home/user/autonomy_stack_ros_humble/install/yolo_msgs/include/yolo_msgs/yolo_msgs/msg/detail/detection__type_support.c
[5.008s] -- Installing: /home/user/autonomy_stack_ros_humble/install/yolo_msgs/include/yolo_msgs/yolo_msgs/msg/detail/key_point3_d__rosidl_typesupport_introspection_c.h
[5.008s] -- Installing: /home/user/autonomy_stack_ros_humble/install/yolo_msgs/include/yolo_msgs/yolo_msgs/msg/detail/pose2_d__rosidl_typesupport_introspection_c.h
[5.008s] -- Installing: /home/user/autonomy_stack_ros_humble/install/yolo_msgs/include/yolo_msgs/yolo_msgs/msg/detail/bounding_box2_d__type_support.c
[5.008s] -- Installing: /home/user/autonomy_stack_ros_humble/install/yolo_msgs/include/yolo_msgs/yolo_msgs/msg/detail/point2_d__type_support.c
[5.008s] -- Installing: /home/user/autonomy_stack_ros_humble/install/yolo_msgs/include/yolo_msgs/yolo_msgs/msg/detail/key_point2_d__type_support.c
[5.008s] -- Installing: /home/user/autonomy_stack_ros_humble/install/yolo_msgs/include/yolo_msgs/yolo_msgs/msg/detail/pose2_d__type_support.c
[5.009s] -- Installing: /home/user/autonomy_stack_ros_humble/install/yolo_msgs/include/yolo_msgs/yolo_msgs/msg/detail/mask__type_support.c
[5.009s] -- Installing: /home/user/autonomy_stack_ros_humble/install/yolo_msgs/include/yolo_msgs/yolo_msgs/msg/detail/mask__rosidl_typesupport_introspection_c.h
[5.009s] -- Installing: /home/user/autonomy_stack_ros_humble/install/yolo_msgs/lib/libyolo_msgs__rosidl_typesupport_introspection_c.so
[5.009s] -- Set runtime path of "/home/user/autonomy_stack_ros_humble/install/yolo_msgs/lib/libyolo_msgs__rosidl_typesupport_introspection_c.so" to ""
[5.009s] -- Installing: /home/user/autonomy_stack_ros_humble/install/yolo_msgs/lib/libyolo_msgs__rosidl_typesupport_c.so
[5.009s] -- Set runtime path of "/home/user/autonomy_stack_ros_humble/install/yolo_msgs/lib/libyolo_msgs__rosidl_typesupport_c.so" to ""
[5.009s] -- Up-to-date: /home/user/autonomy_stack_ros_humble/install/yolo_msgs/include/yolo_msgs/yolo_msgs
[5.009s] -- Up-to-date: /home/user/autonomy_stack_ros_humble/install/yolo_msgs/include/yolo_msgs/yolo_msgs/srv
[5.009s] -- Up-to-date: /home/user/autonomy_stack_ros_humble/install/yolo_msgs/include/yolo_msgs/yolo_msgs/srv/detail
[5.009s] -- Installing: /home/user/autonomy_stack_ros_humble/install/yolo_msgs/include/yolo_msgs/yolo_msgs/srv/detail/set_classes__struct.hpp
[5.009s] -- Installing: /home/user/autonomy_stack_ros_humble/install/yolo_msgs/include/yolo_msgs/yolo_msgs/srv/detail/set_classes__traits.hpp
[5.009s] -- Installing: /home/user/autonomy_stack_ros_humble/install/yolo_msgs/include/yolo_msgs/yolo_msgs/srv/detail/set_classes__type_support.hpp
[5.009s] -- Installing: /home/user/autonomy_stack_ros_humble/install/yolo_msgs/include/yolo_msgs/yolo_msgs/srv/detail/set_classes__builder.hpp
[5.009s] -- Installing: /home/user/autonomy_stack_ros_humble/install/yolo_msgs/include/yolo_msgs/yolo_msgs/srv/set_classes.hpp
[5.009s] -- Up-to-date: /home/user/autonomy_stack_ros_humble/install/yolo_msgs/include/yolo_msgs/yolo_msgs/msg
[5.009s] -- Installing: /home/user/autonomy_stack_ros_humble/install/yolo_msgs/include/yolo_msgs/yolo_msgs/msg/key_point3_d.hpp
[5.009s] -- Installing: /home/user/autonomy_stack_ros_humble/install/yolo_msgs/include/yolo_msgs/yolo_msgs/msg/detection.hpp
[5.009s] -- Installing: /home/user/autonomy_stack_ros_humble/install/yolo_msgs/include/yolo_msgs/yolo_msgs/msg/key_point3_d_array.hpp
[5.009s] -- Installing: /home/user/autonomy_stack_ros_humble/install/yolo_msgs/include/yolo_msgs/yolo_msgs/msg/detection_array.hpp
[5.009s] -- Installing: /home/user/autonomy_stack_ros_humble/install/yolo_msgs/include/yolo_msgs/yolo_msgs/msg/pose2_d.hpp
[5.010s] -- Installing: /home/user/autonomy_stack_ros_humble/install/yolo_msgs/include/yolo_msgs/yolo_msgs/msg/bounding_box2_d.hpp
[5.010s] -- Installing: /home/user/autonomy_stack_ros_humble/install/yolo_msgs/include/yolo_msgs/yolo_msgs/msg/bounding_box3_d.hpp
[5.010s] -- Installing: /home/user/autonomy_stack_ros_humble/install/yolo_msgs/include/yolo_msgs/yolo_msgs/msg/point2_d.hpp
[5.010s] -- Installing: /home/user/autonomy_stack_ros_humble/install/yolo_msgs/include/yolo_msgs/yolo_msgs/msg/key_point2_d_array.hpp
[5.010s] -- Installing: /home/user/autonomy_stack_ros_humble/install/yolo_msgs/include/yolo_msgs/yolo_msgs/msg/vector2.hpp
[5.010s] -- Installing: /home/user/autonomy_stack_ros_humble/install/yolo_msgs/include/yolo_msgs/yolo_msgs/msg/key_point2_d.hpp
[5.010s] -- Up-to-date: /home/user/autonomy_stack_ros_humble/install/yolo_msgs/include/yolo_msgs/yolo_msgs/msg/detail
[5.010s] -- Installing: /home/user/autonomy_stack_ros_humble/install/yolo_msgs/include/yolo_msgs/yolo_msgs/msg/detail/key_point2_d_array__traits.hpp
[5.010s] -- Installing: /home/user/autonomy_stack_ros_humble/install/yolo_msgs/include/yolo_msgs/yolo_msgs/msg/detail/key_point2_d_array__type_support.hpp
[5.010s] -- Installing: /home/user/autonomy_stack_ros_humble/install/yolo_msgs/include/yolo_msgs/yolo_msgs/msg/detail/bounding_box3_d__type_support.hpp
[5.010s] -- Installing: /home/user/autonomy_stack_ros_humble/install/yolo_msgs/include/yolo_msgs/yolo_msgs/msg/detail/point2_d__traits.hpp
[5.010s] -- Installing: /home/user/autonomy_stack_ros_humble/install/yolo_msgs/include/yolo_msgs/yolo_msgs/msg/detail/vector2__traits.hpp
[5.010s] -- Installing: /home/user/autonomy_stack_ros_humble/install/yolo_msgs/include/yolo_msgs/yolo_msgs/msg/detail/bounding_box2_d__struct.hpp
[5.010s] -- Installing: /home/user/autonomy_stack_ros_humble/install/yolo_msgs/include/yolo_msgs/yolo_msgs/msg/detail/key_point2_d__traits.hpp
[5.010s] -- Installing: /home/user/autonomy_stack_ros_humble/install/yolo_msgs/include/yolo_msgs/yolo_msgs/msg/detail/point2_d__type_support.hpp
[5.010s] -- Installing: /home/user/autonomy_stack_ros_humble/install/yolo_msgs/include/yolo_msgs/yolo_msgs/msg/detail/point2_d__struct.hpp
[5.010s] -- Installing: /home/user/autonomy_stack_ros_humble/install/yolo_msgs/include/yolo_msgs/yolo_msgs/msg/detail/bounding_box2_d__traits.hpp
[5.010s] -- Installing: /home/user/autonomy_stack_ros_humble/install/yolo_msgs/include/yolo_msgs/yolo_msgs/msg/detail/key_point2_d__struct.hpp
[5.010s] -- Installing: /home/user/autonomy_stack_ros_humble/install/yolo_msgs/include/yolo_msgs/yolo_msgs/msg/detail/point2_d__builder.hpp
[5.010s] -- Installing: /home/user/autonomy_stack_ros_humble/install/yolo_msgs/include/yolo_msgs/yolo_msgs/msg/detail/key_point3_d_array__type_support.hpp
[5.010s] -- Installing: /home/user/autonomy_stack_ros_humble/install/yolo_msgs/include/yolo_msgs/yolo_msgs/msg/detail/key_point2_d_array__struct.hpp
[5.010s] -- Installing: /home/user/autonomy_stack_ros_humble/install/yolo_msgs/include/yolo_msgs/yolo_msgs/msg/detail/detection_array__type_support.hpp
[5.010s] -- Installing: /home/user/autonomy_stack_ros_humble/install/yolo_msgs/include/yolo_msgs/yolo_msgs/msg/detail/detection__traits.hpp
[5.010s] -- Installing: /home/user/autonomy_stack_ros_humble/install/yolo_msgs/include/yolo_msgs/yolo_msgs/msg/detail/vector2__builder.hpp
[5.011s] -- Installing: /home/user/autonomy_stack_ros_humble/install/yolo_msgs/include/yolo_msgs/yolo_msgs/msg/detail/bounding_box3_d__builder.hpp
[5.011s] -- Installing: /home/user/autonomy_stack_ros_humble/install/yolo_msgs/include/yolo_msgs/yolo_msgs/msg/detail/key_point2_d__builder.hpp
[5.011s] -- Installing: /home/user/autonomy_stack_ros_humble/install/yolo_msgs/include/yolo_msgs/yolo_msgs/msg/detail/bounding_box2_d__type_support.hpp
[5.011s] -- Installing: /home/user/autonomy_stack_ros_humble/install/yolo_msgs/include/yolo_msgs/yolo_msgs/msg/detail/pose2_d__builder.hpp
[5.011s] -- Installing: /home/user/autonomy_stack_ros_humble/install/yolo_msgs/include/yolo_msgs/yolo_msgs/msg/detail/key_point3_d_array__traits.hpp
[5.011s] -- Installing: /home/user/autonomy_stack_ros_humble/install/yolo_msgs/include/yolo_msgs/yolo_msgs/msg/detail/bounding_box3_d__struct.hpp
[5.011s] -- Installing: /home/user/autonomy_stack_ros_humble/install/yolo_msgs/include/yolo_msgs/yolo_msgs/msg/detail/vector2__type_support.hpp
[5.011s] -- Installing: /home/user/autonomy_stack_ros_humble/install/yolo_msgs/include/yolo_msgs/yolo_msgs/msg/detail/key_point3_d__builder.hpp
[5.011s] -- Installing: /home/user/autonomy_stack_ros_humble/install/yolo_msgs/include/yolo_msgs/yolo_msgs/msg/detail/mask__struct.hpp
[5.011s] -- Installing: /home/user/autonomy_stack_ros_humble/install/yolo_msgs/include/yolo_msgs/yolo_msgs/msg/detail/key_point3_d_array__struct.hpp
[5.011s] -- Installing: /home/user/autonomy_stack_ros_humble/install/yolo_msgs/include/yolo_msgs/yolo_msgs/msg/detail/mask__builder.hpp
[5.011s] -- Installing: /home/user/autonomy_stack_ros_humble/install/yolo_msgs/include/yolo_msgs/yolo_msgs/msg/detail/key_point3_d__type_support.hpp
[5.011s] -- Installing: /home/user/autonomy_stack_ros_humble/install/yolo_msgs/include/yolo_msgs/yolo_msgs/msg/detail/vector2__struct.hpp
[5.011s] -- Installing: /home/user/autonomy_stack_ros_humble/install/yolo_msgs/include/yolo_msgs/yolo_msgs/msg/detail/pose2_d__struct.hpp
[5.011s] -- Installing: /home/user/autonomy_stack_ros_humble/install/yolo_msgs/include/yolo_msgs/yolo_msgs/msg/detail/pose2_d__type_support.hpp
[5.011s] -- Installing: /home/user/autonomy_stack_ros_humble/install/yolo_msgs/include/yolo_msgs/yolo_msgs/msg/detail/detection__struct.hpp
[5.011s] -- Installing: /home/user/autonomy_stack_ros_humble/install/yolo_msgs/include/yolo_msgs/yolo_msgs/msg/detail/detection__type_support.hpp
[5.011s] -- Installing: /home/user/autonomy_stack_ros_humble/install/yolo_msgs/include/yolo_msgs/yolo_msgs/msg/detail/key_point2_d_array__builder.hpp
[5.012s] -- Installing: /home/user/autonomy_stack_ros_humble/install/yolo_msgs/include/yolo_msgs/yolo_msgs/msg/detail/key_point3_d__struct.hpp
[5.012s] -- Installing: /home/user/autonomy_stack_ros_humble/install/yolo_msgs/include/yolo_msgs/yolo_msgs/msg/detail/detection_array__traits.hpp
[5.012s] -- Installing: /home/user/autonomy_stack_ros_humble/install/yolo_msgs/include/yolo_msgs/yolo_msgs/msg/detail/key_point3_d__traits.hpp
[5.013s] -- Installing: /home/user/autonomy_stack_ros_humble/install/yolo_msgs/include/yolo_msgs/yolo_msgs/msg/detail/mask__type_support.hpp
[5.013s] -- Installing: /home/user/autonomy_stack_ros_humble/install/yolo_msgs/include/yolo_msgs/yolo_msgs/msg/detail/bounding_box2_d__builder.hpp
[5.013s] -- Installing: /home/user/autonomy_stack_ros_humble/install/yolo_msgs/include/yolo_msgs/yolo_msgs/msg/detail/mask__traits.hpp
[5.013s] -- Installing: /home/user/autonomy_stack_ros_humble/install/yolo_msgs/include/yolo_msgs/yolo_msgs/msg/detail/detection_array__builder.hpp
[5.013s] -- Installing: /home/user/autonomy_stack_ros_humble/install/yolo_msgs/include/yolo_msgs/yolo_msgs/msg/detail/detection__builder.hpp
[5.013s] -- Installing: /home/user/autonomy_stack_ros_humble/install/yolo_msgs/include/yolo_msgs/yolo_msgs/msg/detail/pose2_d__traits.hpp
[5.013s] -- Installing: /home/user/autonomy_stack_ros_humble/install/yolo_msgs/include/yolo_msgs/yolo_msgs/msg/detail/bounding_box3_d__traits.hpp
[5.013s] -- Installing: /home/user/autonomy_stack_ros_humble/install/yolo_msgs/include/yolo_msgs/yolo_msgs/msg/detail/key_point2_d__type_support.hpp
[5.013s] -- Installing: /home/user/autonomy_stack_ros_humble/install/yolo_msgs/include/yolo_msgs/yolo_msgs/msg/detail/key_point3_d_array__builder.hpp
[5.013s] -- Installing: /home/user/autonomy_stack_ros_humble/install/yolo_msgs/include/yolo_msgs/yolo_msgs/msg/detail/detection_array__struct.hpp
[5.014s] -- Installing: /home/user/autonomy_stack_ros_humble/install/yolo_msgs/include/yolo_msgs/yolo_msgs/msg/mask.hpp
[5.014s] -- Installing: /home/user/autonomy_stack_ros_humble/install/yolo_msgs/include/yolo_msgs/yolo_msgs/msg/rosidl_generator_cpp__visibility_control.hpp
[5.014s] -- Up-to-date: /home/user/autonomy_stack_ros_humble/install/yolo_msgs/include/yolo_msgs/yolo_msgs
[5.014s] -- Up-to-date: /home/user/autonomy_stack_ros_humble/install/yolo_msgs/include/yolo_msgs/yolo_msgs/srv
[5.014s] -- Up-to-date: /home/user/autonomy_stack_ros_humble/install/yolo_msgs/include/yolo_msgs/yolo_msgs/srv/detail
[5.014s] -- Installing: /home/user/autonomy_stack_ros_humble/install/yolo_msgs/include/yolo_msgs/yolo_msgs/srv/detail/set_classes__rosidl_typesupport_fastrtps_cpp.hpp
[5.014s] -- Installing: /home/user/autonomy_stack_ros_humble/install/yolo_msgs/include/yolo_msgs/yolo_msgs/srv/detail/dds_fastrtps
[5.014s] -- Up-to-date: /home/user/autonomy_stack_ros_humble/install/yolo_msgs/include/yolo_msgs/yolo_msgs/msg
[5.014s] -- Installing: /home/user/autonomy_stack_ros_humble/install/yolo_msgs/include/yolo_msgs/yolo_msgs/msg/rosidl_typesupport_fastrtps_cpp__visibility_control.h
[5.014s] -- Up-to-date: /home/user/autonomy_stack_ros_humble/install/yolo_msgs/include/yolo_msgs/yolo_msgs/msg/detail
[5.014s] -- Installing: /home/user/autonomy_stack_ros_humble/install/yolo_msgs/include/yolo_msgs/yolo_msgs/msg/detail/key_point2_d_array__rosidl_typesupport_fastrtps_cpp.hpp
[5.014s] -- Installing: /home/user/autonomy_stack_ros_humble/install/yolo_msgs/include/yolo_msgs/yolo_msgs/msg/detail/detection_array__rosidl_typesupport_fastrtps_cpp.hpp
[5.014s] -- Installing: /home/user/autonomy_stack_ros_humble/install/yolo_msgs/include/yolo_msgs/yolo_msgs/msg/detail/key_point3_d__rosidl_typesupport_fastrtps_cpp.hpp
[5.014s] -- Installing: /home/user/autonomy_stack_ros_humble/install/yolo_msgs/include/yolo_msgs/yolo_msgs/msg/detail/detection__rosidl_typesupport_fastrtps_cpp.hpp
[5.014s] -- Installing: /home/user/autonomy_stack_ros_humble/install/yolo_msgs/include/yolo_msgs/yolo_msgs/msg/detail/bounding_box2_d__rosidl_typesupport_fastrtps_cpp.hpp
[5.014s] -- Installing: /home/user/autonomy_stack_ros_humble/install/yolo_msgs/include/yolo_msgs/yolo_msgs/msg/detail/mask__rosidl_typesupport_fastrtps_cpp.hpp
[5.014s] -- Installing: /home/user/autonomy_stack_ros_humble/install/yolo_msgs/include/yolo_msgs/yolo_msgs/msg/detail/vector2__rosidl_typesupport_fastrtps_cpp.hpp
[5.014s] -- Installing: /home/user/autonomy_stack_ros_humble/install/yolo_msgs/include/yolo_msgs/yolo_msgs/msg/detail/pose2_d__rosidl_typesupport_fastrtps_cpp.hpp
[5.014s] -- Installing: /home/user/autonomy_stack_ros_humble/install/yolo_msgs/include/yolo_msgs/yolo_msgs/msg/detail/bounding_box3_d__rosidl_typesupport_fastrtps_cpp.hpp
[5.014s] -- Installing: /home/user/autonomy_stack_ros_humble/install/yolo_msgs/include/yolo_msgs/yolo_msgs/msg/detail/key_point2_d__rosidl_typesupport_fastrtps_cpp.hpp
[5.014s] -- Installing: /home/user/autonomy_stack_ros_humble/install/yolo_msgs/include/yolo_msgs/yolo_msgs/msg/detail/dds_fastrtps
[5.014s] -- Installing: /home/user/autonomy_stack_ros_humble/install/yolo_msgs/include/yolo_msgs/yolo_msgs/msg/detail/key_point3_d_array__rosidl_typesupport_fastrtps_cpp.hpp
[5.014s] -- Installing: /home/user/autonomy_stack_ros_humble/install/yolo_msgs/include/yolo_msgs/yolo_msgs/msg/detail/point2_d__rosidl_typesupport_fastrtps_cpp.hpp
[5.014s] -- Installing: /home/user/autonomy_stack_ros_humble/install/yolo_msgs/lib/libyolo_msgs__rosidl_typesupport_fastrtps_cpp.so
[5.014s] -- Set runtime path of "/home/user/autonomy_stack_ros_humble/install/yolo_msgs/lib/libyolo_msgs__rosidl_typesupport_fastrtps_cpp.so" to ""
[5.014s] -- Up-to-date: /home/user/autonomy_stack_ros_humble/install/yolo_msgs/include/yolo_msgs/yolo_msgs
[5.015s] -- Up-to-date: /home/user/autonomy_stack_ros_humble/install/yolo_msgs/include/yolo_msgs/yolo_msgs/srv
[5.015s] -- Up-to-date: /home/user/autonomy_stack_ros_humble/install/yolo_msgs/include/yolo_msgs/yolo_msgs/srv/detail
[5.015s] -- Installing: /home/user/autonomy_stack_ros_humble/install/yolo_msgs/include/yolo_msgs/yolo_msgs/srv/detail/set_classes__rosidl_typesupport_introspection_cpp.hpp
[5.015s] -- Installing: /home/user/autonomy_stack_ros_humble/install/yolo_msgs/include/yolo_msgs/yolo_msgs/srv/detail/set_classes__type_support.cpp
[5.015s] -- Up-to-date: /home/user/autonomy_stack_ros_humble/install/yolo_msgs/include/yolo_msgs/yolo_msgs/msg
[5.015s] -- Up-to-date: /home/user/autonomy_stack_ros_humble/install/yolo_msgs/include/yolo_msgs/yolo_msgs/msg/detail
[5.015s] -- Installing: /home/user/autonomy_stack_ros_humble/install/yolo_msgs/include/yolo_msgs/yolo_msgs/msg/detail/vector2__type_support.cpp
[5.015s] -- Installing: /home/user/autonomy_stack_ros_humble/install/yolo_msgs/include/yolo_msgs/yolo_msgs/msg/detail/point2_d__rosidl_typesupport_introspection_cpp.hpp
[5.015s] -- Installing: /home/user/autonomy_stack_ros_humble/install/yolo_msgs/include/yolo_msgs/yolo_msgs/msg/detail/key_point2_d_array__type_support.cpp
[5.015s] -- Installing: /home/user/autonomy_stack_ros_humble/install/yolo_msgs/include/yolo_msgs/yolo_msgs/msg/detail/key_point3_d__rosidl_typesupport_introspection_cpp.hpp
[5.015s] -- Installing: /home/user/autonomy_stack_ros_humble/install/yolo_msgs/include/yolo_msgs/yolo_msgs/msg/detail/bounding_box3_d__rosidl_typesupport_introspection_cpp.hpp
[5.015s] -- Installing: /home/user/autonomy_stack_ros_humble/install/yolo_msgs/include/yolo_msgs/yolo_msgs/msg/detail/key_point2_d__type_support.cpp
[5.015s] -- Installing: /home/user/autonomy_stack_ros_humble/install/yolo_msgs/include/yolo_msgs/yolo_msgs/msg/detail/key_point3_d_array__rosidl_typesupport_introspection_cpp.hpp
[5.015s] -- Installing: /home/user/autonomy_stack_ros_humble/install/yolo_msgs/include/yolo_msgs/yolo_msgs/msg/detail/key_point2_d_array__rosidl_typesupport_introspection_cpp.hpp
[5.015s] -- Installing: /home/user/autonomy_stack_ros_humble/install/yolo_msgs/include/yolo_msgs/yolo_msgs/msg/detail/key_point3_d_array__type_support.cpp
[5.015s] -- Installing: /home/user/autonomy_stack_ros_humble/install/yolo_msgs/include/yolo_msgs/yolo_msgs/msg/detail/detection__rosidl_typesupport_introspection_cpp.hpp
[5.015s] -- Installing: /home/user/autonomy_stack_ros_humble/install/yolo_msgs/include/yolo_msgs/yolo_msgs/msg/detail/pose2_d__rosidl_typesupport_introspection_cpp.hpp
[5.015s] -- Installing: /home/user/autonomy_stack_ros_humble/install/yolo_msgs/include/yolo_msgs/yolo_msgs/msg/detail/vector2__rosidl_typesupport_introspection_cpp.hpp
[5.015s] -- Installing: /home/user/autonomy_stack_ros_humble/install/yolo_msgs/include/yolo_msgs/yolo_msgs/msg/detail/key_point2_d__rosidl_typesupport_introspection_cpp.hpp
[5.015s] -- Installing: /home/user/autonomy_stack_ros_humble/install/yolo_msgs/include/yolo_msgs/yolo_msgs/msg/detail/bounding_box2_d__rosidl_typesupport_introspection_cpp.hpp
[5.015s] -- Installing: /home/user/autonomy_stack_ros_humble/install/yolo_msgs/include/yolo_msgs/yolo_msgs/msg/detail/detection_array__type_support.cpp
[5.015s] -- Installing: /home/user/autonomy_stack_ros_humble/install/yolo_msgs/include/yolo_msgs/yolo_msgs/msg/detail/bounding_box2_d__type_support.cpp
[5.015s] -- Installing: /home/user/autonomy_stack_ros_humble/install/yolo_msgs/include/yolo_msgs/yolo_msgs/msg/detail/point2_d__type_support.cpp
[5.015s] -- Installing: /home/user/autonomy_stack_ros_humble/install/yolo_msgs/include/yolo_msgs/yolo_msgs/msg/detail/mask__rosidl_typesupport_introspection_cpp.hpp
[5.015s] -- Installing: /home/user/autonomy_stack_ros_humble/install/yolo_msgs/include/yolo_msgs/yolo_msgs/msg/detail/detection_array__rosidl_typesupport_introspection_cpp.hpp
[5.015s] -- Installing: /home/user/autonomy_stack_ros_humble/install/yolo_msgs/include/yolo_msgs/yolo_msgs/msg/detail/bounding_box3_d__type_support.cpp
[5.015s] -- Installing: /home/user/autonomy_stack_ros_humble/install/yolo_msgs/include/yolo_msgs/yolo_msgs/msg/detail/detection__type_support.cpp
[5.015s] -- Installing: /home/user/autonomy_stack_ros_humble/install/yolo_msgs/include/yolo_msgs/yolo_msgs/msg/detail/mask__type_support.cpp
[5.015s] -- Installing: /home/user/autonomy_stack_ros_humble/install/yolo_msgs/include/yolo_msgs/yolo_msgs/msg/detail/pose2_d__type_support.cpp
[5.015s] -- Installing: /home/user/autonomy_stack_ros_humble/install/yolo_msgs/include/yolo_msgs/yolo_msgs/msg/detail/key_point3_d__type_support.cpp
[5.015s] -- Installing: /home/user/autonomy_stack_ros_humble/install/yolo_msgs/lib/libyolo_msgs__rosidl_typesupport_introspection_cpp.so
[5.015s] -- Set runtime path of "/home/user/autonomy_stack_ros_humble/install/yolo_msgs/lib/libyolo_msgs__rosidl_typesupport_introspection_cpp.so" to ""
[5.015s] -- Installing: /home/user/autonomy_stack_ros_humble/install/yolo_msgs/lib/libyolo_msgs__rosidl_typesupport_cpp.so
[5.015s] -- Set runtime path of "/home/user/autonomy_stack_ros_humble/install/yolo_msgs/lib/libyolo_msgs__rosidl_typesupport_cpp.so" to ""
[5.016s] -- Installing: /home/user/autonomy_stack_ros_humble/install/yolo_msgs/share/yolo_msgs/environment/pythonpath.sh
[5.016s] -- Installing: /home/user/autonomy_stack_ros_humble/install/yolo_msgs/share/yolo_msgs/environment/pythonpath.dsv
[5.016s] -- Installing: /home/user/autonomy_stack_ros_humble/install/yolo_msgs/local/lib/python3.10/dist-packages/yolo_msgs-4.3.1-py3.10.egg-info
[5.016s] -- Installing: /home/user/autonomy_stack_ros_humble/install/yolo_msgs/local/lib/python3.10/dist-packages/yolo_msgs-4.3.1-py3.10.egg-info/dependency_links.txt
[5.016s] -- Installing: /home/user/autonomy_stack_ros_humble/install/yolo_msgs/local/lib/python3.10/dist-packages/yolo_msgs-4.3.1-py3.10.egg-info/SOURCES.txt
[5.016s] -- Installing: /home/user/autonomy_stack_ros_humble/install/yolo_msgs/local/lib/python3.10/dist-packages/yolo_msgs-4.3.1-py3.10.egg-info/PKG-INFO
[5.016s] -- Installing: /home/user/autonomy_stack_ros_humble/install/yolo_msgs/local/lib/python3.10/dist-packages/yolo_msgs-4.3.1-py3.10.egg-info/top_level.txt
[5.016s] -- Installing: /home/user/autonomy_stack_ros_humble/install/yolo_msgs/local/lib/python3.10/dist-packages/yolo_msgs
[5.016s] -- Installing: /home/user/autonomy_stack_ros_humble/install/yolo_msgs/local/lib/python3.10/dist-packages/yolo_msgs/yolo_msgs_s__rosidl_typesupport_introspection_c.cpython-310-x86_64-linux-gnu.so
[5.016s] -- Installing: /home/user/autonomy_stack_ros_humble/install/yolo_msgs/local/lib/python3.10/dist-packages/yolo_msgs/yolo_msgs_s__rosidl_typesupport_c.cpython-310-x86_64-linux-gnu.so
[5.016s] -- Installing: /home/user/autonomy_stack_ros_humble/install/yolo_msgs/local/lib/python3.10/dist-packages/yolo_msgs/__init__.py
[5.016s] -- Installing: /home/user/autonomy_stack_ros_humble/install/yolo_msgs/local/lib/python3.10/dist-packages/yolo_msgs/_yolo_msgs_s.ep.rosidl_typesupport_c.c
[5.016s] -- Installing: /home/user/autonomy_stack_ros_humble/install/yolo_msgs/local/lib/python3.10/dist-packages/yolo_msgs/_yolo_msgs_s.ep.rosidl_typesupport_fastrtps_c.c
[5.016s] -- Installing: /home/user/autonomy_stack_ros_humble/install/yolo_msgs/local/lib/python3.10/dist-packages/yolo_msgs/srv
[5.016s] -- Installing: /home/user/autonomy_stack_ros_humble/install/yolo_msgs/local/lib/python3.10/dist-packages/yolo_msgs/srv/__init__.py
[5.016s] -- Installing: /home/user/autonomy_stack_ros_humble/install/yolo_msgs/local/lib/python3.10/dist-packages/yolo_msgs/srv/_set_classes.py
[5.016s] -- Installing: /home/user/autonomy_stack_ros_humble/install/yolo_msgs/local/lib/python3.10/dist-packages/yolo_msgs/srv/_set_classes_s.c
[5.016s] -- Installing: /home/user/autonomy_stack_ros_humble/install/yolo_msgs/local/lib/python3.10/dist-packages/yolo_msgs/yolo_msgs_s__rosidl_typesupport_fastrtps_c.cpython-310-x86_64-linux-gnu.so
[5.016s] -- Installing: /home/user/autonomy_stack_ros_humble/install/yolo_msgs/local/lib/python3.10/dist-packages/yolo_msgs/msg
[5.016s] -- Installing: /home/user/autonomy_stack_ros_humble/install/yolo_msgs/local/lib/python3.10/dist-packages/yolo_msgs/msg/__init__.py
[5.016s] -- Installing: /home/user/autonomy_stack_ros_humble/install/yolo_msgs/local/lib/python3.10/dist-packages/yolo_msgs/msg/_key_point3_d_array_s.c
[5.016s] -- Installing: /home/user/autonomy_stack_ros_humble/install/yolo_msgs/local/lib/python3.10/dist-packages/yolo_msgs/msg/_point2_d.py
[5.016s] -- Installing: /home/user/autonomy_stack_ros_humble/install/yolo_msgs/local/lib/python3.10/dist-packages/yolo_msgs/msg/_key_point3_d_s.c
[5.016s] -- Installing: /home/user/autonomy_stack_ros_humble/install/yolo_msgs/local/lib/python3.10/dist-packages/yolo_msgs/msg/_key_point3_d.py
[5.016s] -- Installing: /home/user/autonomy_stack_ros_humble/install/yolo_msgs/local/lib/python3.10/dist-packages/yolo_msgs/msg/_mask.py
[5.016s] -- Installing: /home/user/autonomy_stack_ros_humble/install/yolo_msgs/local/lib/python3.10/dist-packages/yolo_msgs/msg/_detection.py
[5.016s] -- Installing: /home/user/autonomy_stack_ros_humble/install/yolo_msgs/local/lib/python3.10/dist-packages/yolo_msgs/msg/_point2_d_s.c
[5.016s] -- Installing: /home/user/autonomy_stack_ros_humble/install/yolo_msgs/local/lib/python3.10/dist-packages/yolo_msgs/msg/_bounding_box2_d_s.c
[5.016s] -- Installing: /home/user/autonomy_stack_ros_humble/install/yolo_msgs/local/lib/python3.10/dist-packages/yolo_msgs/msg/_vector2_s.c
[5.017s] -- Installing: /home/user/autonomy_stack_ros_humble/install/yolo_msgs/local/lib/python3.10/dist-packages/yolo_msgs/msg/_vector2.py
[5.017s] -- Installing: /home/user/autonomy_stack_ros_humble/install/yolo_msgs/local/lib/python3.10/dist-packages/yolo_msgs/msg/_key_point2_d.py
[5.017s] -- Installing: /home/user/autonomy_stack_ros_humble/install/yolo_msgs/local/lib/python3.10/dist-packages/yolo_msgs/msg/_key_point3_d_array.py
[5.017s] -- Installing: /home/user/autonomy_stack_ros_humble/install/yolo_msgs/local/lib/python3.10/dist-packages/yolo_msgs/msg/_bounding_box3_d.py
[5.017s] -- Installing: /home/user/autonomy_stack_ros_humble/install/yolo_msgs/local/lib/python3.10/dist-packages/yolo_msgs/msg/_detection_array_s.c
[5.017s] -- Installing: /home/user/autonomy_stack_ros_humble/install/yolo_msgs/local/lib/python3.10/dist-packages/yolo_msgs/msg/_detection_array.py
[5.017s] -- Installing: /home/user/autonomy_stack_ros_humble/install/yolo_msgs/local/lib/python3.10/dist-packages/yolo_msgs/msg/_bounding_box2_d.py
[5.017s] -- Installing: /home/user/autonomy_stack_ros_humble/install/yolo_msgs/local/lib/python3.10/dist-packages/yolo_msgs/msg/_detection_s.c
[5.017s] -- Installing: /home/user/autonomy_stack_ros_humble/install/yolo_msgs/local/lib/python3.10/dist-packages/yolo_msgs/msg/_pose2_d.py
[5.017s] -- Installing: /home/user/autonomy_stack_ros_humble/install/yolo_msgs/local/lib/python3.10/dist-packages/yolo_msgs/msg/_bounding_box3_d_s.c
[5.017s] -- Installing: /home/user/autonomy_stack_ros_humble/install/yolo_msgs/local/lib/python3.10/dist-packages/yolo_msgs/msg/_mask_s.c
[5.017s] -- Installing: /home/user/autonomy_stack_ros_humble/install/yolo_msgs/local/lib/python3.10/dist-packages/yolo_msgs/msg/_key_point2_d_s.c
[5.017s] -- Installing: /home/user/autonomy_stack_ros_humble/install/yolo_msgs/local/lib/python3.10/dist-packages/yolo_msgs/msg/_pose2_d_s.c
[5.017s] -- Installing: /home/user/autonomy_stack_ros_humble/install/yolo_msgs/local/lib/python3.10/dist-packages/yolo_msgs/msg/_key_point2_d_array.py
[5.017s] -- Installing: /home/user/autonomy_stack_ros_humble/install/yolo_msgs/local/lib/python3.10/dist-packages/yolo_msgs/msg/_key_point2_d_array_s.c
[5.017s] -- Installing: /home/user/autonomy_stack_ros_humble/install/yolo_msgs/local/lib/python3.10/dist-packages/yolo_msgs/libyolo_msgs__rosidl_generator_py.so
[5.017s] -- Installing: /home/user/autonomy_stack_ros_humble/install/yolo_msgs/local/lib/python3.10/dist-packages/yolo_msgs/_yolo_msgs_s.ep.rosidl_typesupport_introspection_c.c
[5.043s] Listing '/home/user/autonomy_stack_ros_humble/install/yolo_msgs/local/lib/python3.10/dist-packages/yolo_msgs'...
[5.043s] Compiling '/home/user/autonomy_stack_ros_humble/install/yolo_msgs/local/lib/python3.10/dist-packages/yolo_msgs/__init__.py'...
[5.043s] Listing '/home/user/autonomy_stack_ros_humble/install/yolo_msgs/local/lib/python3.10/dist-packages/yolo_msgs/msg'...
[5.044s] Compiling '/home/user/autonomy_stack_ros_humble/install/yolo_msgs/local/lib/python3.10/dist-packages/yolo_msgs/msg/__init__.py'...
[5.044s] Compiling '/home/user/autonomy_stack_ros_humble/install/yolo_msgs/local/lib/python3.10/dist-packages/yolo_msgs/msg/_bounding_box2_d.py'...
[5.044s] Compiling '/home/user/autonomy_stack_ros_humble/install/yolo_msgs/local/lib/python3.10/dist-packages/yolo_msgs/msg/_bounding_box3_d.py'...
[5.044s] Compiling '/home/user/autonomy_stack_ros_humble/install/yolo_msgs/local/lib/python3.10/dist-packages/yolo_msgs/msg/_detection.py'...
[5.044s] Compiling '/home/user/autonomy_stack_ros_humble/install/yolo_msgs/local/lib/python3.10/dist-packages/yolo_msgs/msg/_detection_array.py'...
[5.044s] Compiling '/home/user/autonomy_stack_ros_humble/install/yolo_msgs/local/lib/python3.10/dist-packages/yolo_msgs/msg/_key_point2_d.py'...
[5.044s] Compiling '/home/user/autonomy_stack_ros_humble/install/yolo_msgs/local/lib/python3.10/dist-packages/yolo_msgs/msg/_key_point2_d_array.py'...
[5.044s] Compiling '/home/user/autonomy_stack_ros_humble/install/yolo_msgs/local/lib/python3.10/dist-packages/yolo_msgs/msg/_key_point3_d.py'...
[5.044s] Compiling '/home/user/autonomy_stack_ros_humble/install/yolo_msgs/local/lib/python3.10/dist-packages/yolo_msgs/msg/_key_point3_d_array.py'...
[5.044s] Compiling '/home/user/autonomy_stack_ros_humble/install/yolo_msgs/local/lib/python3.10/dist-packages/yolo_msgs/msg/_mask.py'...
[5.044s] Compiling '/home/user/autonomy_stack_ros_humble/install/yolo_msgs/local/lib/python3.10/dist-packages/yolo_msgs/msg/_point2_d.py'...
[5.044s] Compiling '/home/user/autonomy_stack_ros_humble/install/yolo_msgs/local/lib/python3.10/dist-packages/yolo_msgs/msg/_pose2_d.py'...
[5.044s] Compiling '/home/user/autonomy_stack_ros_humble/install/yolo_msgs/local/lib/python3.10/dist-packages/yolo_msgs/msg/_vector2.py'...
[5.044s] Listing '/home/user/autonomy_stack_ros_humble/install/yolo_msgs/local/lib/python3.10/dist-packages/yolo_msgs/srv'...
[5.044s] Compiling '/home/user/autonomy_stack_ros_humble/install/yolo_msgs/local/lib/python3.10/dist-packages/yolo_msgs/srv/__init__.py'...
[5.044s] Compiling '/home/user/autonomy_stack_ros_humble/install/yolo_msgs/local/lib/python3.10/dist-packages/yolo_msgs/srv/_set_classes.py'...
[5.046s] -- Installing: /home/user/autonomy_stack_ros_humble/install/yolo_msgs/local/lib/python3.10/dist-packages/yolo_msgs/yolo_msgs_s__rosidl_typesupport_fastrtps_c.cpython-310-x86_64-linux-gnu.so
[5.046s] -- Set runtime path of "/home/user/autonomy_stack_ros_humble/install/yolo_msgs/local/lib/python3.10/dist-packages/yolo_msgs/yolo_msgs_s__rosidl_typesupport_fastrtps_c.cpython-310-x86_64-linux-gnu.so" to ""
[5.046s] -- Installing: /home/user/autonomy_stack_ros_humble/install/yolo_msgs/local/lib/python3.10/dist-packages/yolo_msgs/yolo_msgs_s__rosidl_typesupport_introspection_c.cpython-310-x86_64-linux-gnu.so
[5.046s] -- Set runtime path of "/home/user/autonomy_stack_ros_humble/install/yolo_msgs/local/lib/python3.10/dist-packages/yolo_msgs/yolo_msgs_s__rosidl_typesupport_introspection_c.cpython-310-x86_64-linux-gnu.so" to ""
[5.046s] -- Installing: /home/user/autonomy_stack_ros_humble/install/yolo_msgs/local/lib/python3.10/dist-packages/yolo_msgs/yolo_msgs_s__rosidl_typesupport_c.cpython-310-x86_64-linux-gnu.so
[5.046s] -- Set runtime path of "/home/user/autonomy_stack_ros_humble/install/yolo_msgs/local/lib/python3.10/dist-packages/yolo_msgs/yolo_msgs_s__rosidl_typesupport_c.cpython-310-x86_64-linux-gnu.so" to ""
[5.046s] -- Installing: /home/user/autonomy_stack_ros_humble/install/yolo_msgs/lib/libyolo_msgs__rosidl_generator_py.so
[5.047s] -- Set runtime path of "/home/user/autonomy_stack_ros_humble/install/yolo_msgs/lib/libyolo_msgs__rosidl_generator_py.so" to ""
[5.047s] -- Installing: /home/user/autonomy_stack_ros_humble/install/yolo_msgs/share/yolo_msgs/msg/Point2D.idl
[5.047s] -- Installing: /home/user/autonomy_stack_ros_humble/install/yolo_msgs/share/yolo_msgs/msg/Vector2.idl
[5.047s] -- Installing: /home/user/autonomy_stack_ros_humble/install/yolo_msgs/share/yolo_msgs/msg/Pose2D.idl
[5.047s] -- Installing: /home/user/autonomy_stack_ros_humble/install/yolo_msgs/share/yolo_msgs/msg/BoundingBox2D.idl
[5.047s] -- Installing: /home/user/autonomy_stack_ros_humble/install/yolo_msgs/share/yolo_msgs/msg/BoundingBox3D.idl
[5.047s] -- Installing: /home/user/autonomy_stack_ros_humble/install/yolo_msgs/share/yolo_msgs/msg/Mask.idl
[5.047s] -- Installing: /home/user/autonomy_stack_ros_humble/install/yolo_msgs/share/yolo_msgs/msg/KeyPoint2D.idl
[5.047s] -- Installing: /home/user/autonomy_stack_ros_humble/install/yolo_msgs/share/yolo_msgs/msg/KeyPoint2DArray.idl
[5.047s] -- Installing: /home/user/autonomy_stack_ros_humble/install/yolo_msgs/share/yolo_msgs/msg/KeyPoint3D.idl
[5.047s] -- Installing: /home/user/autonomy_stack_ros_humble/install/yolo_msgs/share/yolo_msgs/msg/KeyPoint3DArray.idl
[5.047s] -- Installing: /home/user/autonomy_stack_ros_humble/install/yolo_msgs/share/yolo_msgs/msg/Detection.idl
[5.047s] -- Installing: /home/user/autonomy_stack_ros_humble/install/yolo_msgs/share/yolo_msgs/msg/DetectionArray.idl
[5.047s] -- Installing: /home/user/autonomy_stack_ros_humble/install/yolo_msgs/share/yolo_msgs/srv/SetClasses.idl
[5.047s] -- Installing: /home/user/autonomy_stack_ros_humble/install/yolo_msgs/share/yolo_msgs/msg/Point2D.msg
[5.048s] -- Installing: /home/user/autonomy_stack_ros_humble/install/yolo_msgs/share/yolo_msgs/msg/Vector2.msg
[5.048s] -- Installing: /home/user/autonomy_stack_ros_humble/install/yolo_msgs/share/yolo_msgs/msg/Pose2D.msg
[5.048s] -- Installing: /home/user/autonomy_stack_ros_humble/install/yolo_msgs/share/yolo_msgs/msg/BoundingBox2D.msg
[5.048s] -- Installing: /home/user/autonomy_stack_ros_humble/install/yolo_msgs/share/yolo_msgs/msg/BoundingBox3D.msg
[5.048s] -- Installing: /home/user/autonomy_stack_ros_humble/install/yolo_msgs/share/yolo_msgs/msg/Mask.msg
[5.048s] -- Installing: /home/user/autonomy_stack_ros_humble/install/yolo_msgs/share/yolo_msgs/msg/KeyPoint2D.msg
[5.048s] -- Installing: /home/user/autonomy_stack_ros_humble/install/yolo_msgs/share/yolo_msgs/msg/KeyPoint2DArray.msg
[5.048s] -- Installing: /home/user/autonomy_stack_ros_humble/install/yolo_msgs/share/yolo_msgs/msg/KeyPoint3D.msg
[5.048s] -- Installing: /home/user/autonomy_stack_ros_humble/install/yolo_msgs/share/yolo_msgs/msg/KeyPoint3DArray.msg
[5.048s] -- Installing: /home/user/autonomy_stack_ros_humble/install/yolo_msgs/share/yolo_msgs/msg/Detection.msg
[5.048s] -- Installing: /home/user/autonomy_stack_ros_humble/install/yolo_msgs/share/yolo_msgs/msg/DetectionArray.msg
[5.048s] -- Installing: /home/user/autonomy_stack_ros_humble/install/yolo_msgs/share/yolo_msgs/srv/SetClasses.srv
[5.048s] -- Installing: /home/user/autonomy_stack_ros_humble/install/yolo_msgs/share/yolo_msgs/srv/SetClasses_Request.msg
[5.048s] -- Installing: /home/user/autonomy_stack_ros_humble/install/yolo_msgs/share/yolo_msgs/srv/SetClasses_Response.msg
[5.048s] -- Installing: /home/user/autonomy_stack_ros_humble/install/yolo_msgs/share/ament_index/resource_index/package_run_dependencies/yolo_msgs
[5.048s] -- Installing: /home/user/autonomy_stack_ros_humble/install/yolo_msgs/share/ament_index/resource_index/parent_prefix_path/yolo_msgs
[5.048s] -- Installing: /home/user/autonomy_stack_ros_humble/install/yolo_msgs/share/yolo_msgs/environment/ament_prefix_path.sh
[5.048s] -- Installing: /home/user/autonomy_stack_ros_humble/install/yolo_msgs/share/yolo_msgs/environment/ament_prefix_path.dsv
[5.048s] -- Installing: /home/user/autonomy_stack_ros_humble/install/yolo_msgs/share/yolo_msgs/environment/path.sh
[5.049s] -- Installing: /home/user/autonomy_stack_ros_humble/install/yolo_msgs/share/yolo_msgs/environment/path.dsv
[5.049s] -- Installing: /home/user/autonomy_stack_ros_humble/install/yolo_msgs/share/yolo_msgs/local_setup.bash
[5.049s] -- Installing: /home/user/autonomy_stack_ros_humble/install/yolo_msgs/share/yolo_msgs/local_setup.sh
[5.049s] -- Installing: /home/user/autonomy_stack_ros_humble/install/yolo_msgs/share/yolo_msgs/local_setup.zsh
[5.049s] -- Installing: /home/user/autonomy_stack_ros_humble/install/yolo_msgs/share/yolo_msgs/local_setup.dsv
[5.049s] -- Installing: /home/user/autonomy_stack_ros_humble/install/yolo_msgs/share/yolo_msgs/package.dsv
[5.049s] -- Installing: /home/user/autonomy_stack_ros_humble/install/yolo_msgs/share/ament_index/resource_index/packages/yolo_msgs
[5.049s] -- Installing: /home/user/autonomy_stack_ros_humble/install/yolo_msgs/share/yolo_msgs/cmake/export_yolo_msgs__rosidl_generator_cExport.cmake
[5.049s] -- Installing: /home/user/autonomy_stack_ros_humble/install/yolo_msgs/share/yolo_msgs/cmake/export_yolo_msgs__rosidl_generator_cExport-noconfig.cmake
[5.049s] -- Installing: /home/user/autonomy_stack_ros_humble/install/yolo_msgs/share/yolo_msgs/cmake/export_yolo_msgs__rosidl_typesupport_fastrtps_cExport.cmake
[5.049s] -- Installing: /home/user/autonomy_stack_ros_humble/install/yolo_msgs/share/yolo_msgs/cmake/export_yolo_msgs__rosidl_typesupport_fastrtps_cExport-noconfig.cmake
[5.049s] -- Installing: /home/user/autonomy_stack_ros_humble/install/yolo_msgs/share/yolo_msgs/cmake/yolo_msgs__rosidl_typesupport_introspection_cExport.cmake
[5.049s] -- Installing: /home/user/autonomy_stack_ros_humble/install/yolo_msgs/share/yolo_msgs/cmake/yolo_msgs__rosidl_typesupport_introspection_cExport-noconfig.cmake
[5.049s] -- Installing: /home/user/autonomy_stack_ros_humble/install/yolo_msgs/share/yolo_msgs/cmake/yolo_msgs__rosidl_typesupport_cExport.cmake
[5.049s] -- Installing: /home/user/autonomy_stack_ros_humble/install/yolo_msgs/share/yolo_msgs/cmake/yolo_msgs__rosidl_typesupport_cExport-noconfig.cmake
[5.050s] -- Installing: /home/user/autonomy_stack_ros_humble/install/yolo_msgs/share/yolo_msgs/cmake/export_yolo_msgs__rosidl_generator_cppExport.cmake
[5.050s] -- Installing: /home/user/autonomy_stack_ros_humble/install/yolo_msgs/share/yolo_msgs/cmake/export_yolo_msgs__rosidl_typesupport_fastrtps_cppExport.cmake
[5.050s] -- Installing: /home/user/autonomy_stack_ros_humble/install/yolo_msgs/share/yolo_msgs/cmake/export_yolo_msgs__rosidl_typesupport_fastrtps_cppExport-noconfig.cmake
[5.050s] -- Installing: /home/user/autonomy_stack_ros_humble/install/yolo_msgs/share/yolo_msgs/cmake/yolo_msgs__rosidl_typesupport_introspection_cppExport.cmake
[5.050s] -- Installing: /home/user/autonomy_stack_ros_humble/install/yolo_msgs/share/yolo_msgs/cmake/yolo_msgs__rosidl_typesupport_introspection_cppExport-noconfig.cmake
[5.050s] -- Installing: /home/user/autonomy_stack_ros_humble/install/yolo_msgs/share/yolo_msgs/cmake/yolo_msgs__rosidl_typesupport_cppExport.cmake
[5.050s] -- Installing: /home/user/autonomy_stack_ros_humble/install/yolo_msgs/share/yolo_msgs/cmake/yolo_msgs__rosidl_typesupport_cppExport-noconfig.cmake
[5.050s] -- Installing: /home/user/autonomy_stack_ros_humble/install/yolo_msgs/share/yolo_msgs/cmake/export_yolo_msgs__rosidl_generator_pyExport.cmake
[5.050s] -- Installing: /home/user/autonomy_stack_ros_humble/install/yolo_msgs/share/yolo_msgs/cmake/export_yolo_msgs__rosidl_generator_pyExport-noconfig.cmake
[5.050s] -- Installing: /home/user/autonomy_stack_ros_humble/install/yolo_msgs/share/yolo_msgs/cmake/rosidl_cmake-extras.cmake
[5.050s] -- Installing: /home/user/autonomy_stack_ros_humble/install/yolo_msgs/share/yolo_msgs/cmake/ament_cmake_export_dependencies-extras.cmake
[5.050s] -- Installing: /home/user/autonomy_stack_ros_humble/install/yolo_msgs/share/yolo_msgs/cmake/ament_cmake_export_include_directories-extras.cmake
[5.050s] -- Installing: /home/user/autonomy_stack_ros_humble/install/yolo_msgs/share/yolo_msgs/cmake/ament_cmake_export_libraries-extras.cmake
[5.050s] -- Installing: /home/user/autonomy_stack_ros_humble/install/yolo_msgs/share/yolo_msgs/cmake/ament_cmake_export_targets-extras.cmake
[5.050s] -- Installing: /home/user/autonomy_stack_ros_humble/install/yolo_msgs/share/yolo_msgs/cmake/rosidl_cmake_export_typesupport_targets-extras.cmake
[5.050s] -- Installing: /home/user/autonomy_stack_ros_humble/install/yolo_msgs/share/yolo_msgs/cmake/rosidl_cmake_export_typesupport_libraries-extras.cmake
[5.050s] -- Installing: /home/user/autonomy_stack_ros_humble/install/yolo_msgs/share/yolo_msgs/cmake/yolo_msgsConfig.cmake
[5.051s] -- Installing: /home/user/autonomy_stack_ros_humble/install/yolo_msgs/share/yolo_msgs/cmake/yolo_msgsConfig-version.cmake
[5.051s] -- Installing: /home/user/autonomy_stack_ros_humble/install/yolo_msgs/share/yolo_msgs/package.xml
[5.053s] Invoked command in '/home/user/autonomy_stack_ros_humble/build/yolo_msgs' returned '0': CMAKE_PREFIX_PATH=/opt/ros/humble /usr/bin/cmake --install /home/user/autonomy_stack_ros_humble/build/yolo_msgs
