[0.008s] Invoking command in '/home/user/autonomy_stack_ros_jazzy/build/yolo_msgs': CMAKE_PREFIX_PATH=${CMAKE_PREFIX_PATH}:/opt/ros/jazzy /usr/bin/cmake /home/user/autonomy_stack_ros_jazzy/src/detection_ros_pkgs/yolo_ros/yolo_msgs -DCMAKE_BUILD_TYPE=Release -DAMENT_CMAKE_SYMLINK_INSTALL=1 -DCMAKE_INSTALL_PREFIX=/home/user/autonomy_stack_ros_jazzy/install/yolo_msgs
[0.088s] -- The C compiler identification is GNU 13.3.0
[0.147s] -- The CXX compiler identification is GNU 13.3.0
[0.158s] -- Detecting C compiler ABI info
[0.232s] -- Detecting C compiler ABI info - done
[0.237s] -- Check for working C compiler: /usr/bin/cc - skipped
[0.237s] -- Detecting C compile features
[0.237s] -- Detecting C compile features - done
[0.245s] -- Detecting CXX compiler ABI info
[0.323s] -- Detecting CXX compiler ABI info - done
[0.328s] -- Check for working CXX compiler: /usr/bin/c++ - skipped
[0.328s] -- Detecting CXX compile features
[0.328s] -- Detecting CXX compile features - done
[0.332s] -- Found ament_cmake: 2.5.6 (/opt/ros/jazzy/share/ament_cmake/cmake)
[0.441s] -- Found Python3: /usr/bin/python3 (found version "3.12.3") found components: Interpreter 
[0.499s] -- Override CMake install command with custom implementation using symlinks instead of copying resources
[0.541s] -- Found rosidl_default_generators: 1.6.1 (/opt/ros/jazzy/share/rosidl_default_generators/cmake)
[0.546s] -- Using all available rosidl_typesupport_c: rosidl_typesupport_fastrtps_c;rosidl_typesupport_introspection_c
[0.590s] -- Using all available rosidl_typesupport_cpp: rosidl_typesupport_fastrtps_cpp;rosidl_typesupport_introspection_cpp
[0.629s] -- Found rosidl_adapter: 4.6.9 (/opt/ros/jazzy/share/rosidl_adapter/cmake)
[0.632s] -- Found std_msgs: 5.3.8 (/opt/ros/jazzy/share/std_msgs/cmake)
[0.654s] -- Found geometry_msgs: 5.3.8 (/opt/ros/jazzy/share/geometry_msgs/cmake)
[1.163s] -- Found ament_cmake_ros: 0.12.1 (/opt/ros/jazzy/share/ament_cmake_ros/cmake)
[1.465s] -- Using all available rosidl_typesupport_c: rosidl_typesupport_fastrtps_c;rosidl_typesupport_introspection_c
[2.066s] -- Using all available rosidl_typesupport_cpp: rosidl_typesupport_fastrtps_cpp;rosidl_typesupport_introspection_cpp
[2.070s] -- Found python_cmake_module: 0.11.1 (/opt/ros/jazzy/share/python_cmake_module/cmake)
[2.147s] -- Found PythonExtra: /usr/bin/python3  
[2.369s] -- Found Python3: /usr/bin/python3 (found version "3.12.3") found components: Interpreter Development NumPy Development.Module Development.Embed 
[2.451s] -- Found Python3: /usr/bin/python3 (found version "3.12.3") found components: Interpreter 
[2.457s] -- Configuring done (2.4s)
[2.488s] -- Generating done (0.0s)
[2.495s] -- Build files have been written to: /home/user/autonomy_stack_ros_jazzy/build/yolo_msgs
[2.504s] Invoked command in '/home/user/autonomy_stack_ros_jazzy/build/yolo_msgs' returned '0': CMAKE_PREFIX_PATH=${CMAKE_PREFIX_PATH}:/opt/ros/jazzy /usr/bin/cmake /home/user/autonomy_stack_ros_jazzy/src/detection_ros_pkgs/yolo_ros/yolo_msgs -DCMAKE_BUILD_TYPE=Release -DAMENT_CMAKE_SYMLINK_INSTALL=1 -DCMAKE_INSTALL_PREFIX=/home/user/autonomy_stack_ros_jazzy/install/yolo_msgs
[2.505s] Invoking command in '/home/user/autonomy_stack_ros_jazzy/build/yolo_msgs': CMAKE_PREFIX_PATH=${CMAKE_PREFIX_PATH}:/opt/ros/jazzy /usr/bin/cmake --build /home/user/autonomy_stack_ros_jazzy/build/yolo_msgs -- -j20 -l20
[2.554s] [  1%] [34m[1mGenerating Rust code for ROS interfaces[0m
[2.558s] [  2%] [34m[1mGenerating type hashes for ROS interfaces[0m
[2.564s] [  2%] Built target ament_cmake_python_symlink_yolo_msgs
[2.666s] running egg_info
[2.667s] creating yolo_msgs.egg-info
[2.675s] writing yolo_msgs.egg-info/PKG-INFO
[2.675s] writing dependency_links to yolo_msgs.egg-info/dependency_links.txt
[2.675s] writing top-level names to yolo_msgs.egg-info/top_level.txt
[2.675s] writing manifest file 'yolo_msgs.egg-info/SOURCES.txt'
[2.698s] reading manifest file 'yolo_msgs.egg-info/SOURCES.txt'
[2.698s] writing manifest file 'yolo_msgs.egg-info/SOURCES.txt'
[2.716s] [  2%] Built target ament_cmake_python_build_yolo_msgs_egg
[2.820s] [  2%] Built target yolo_msgs__rs
[2.842s] [  2%] Built target yolo_msgs__rosidl_generator_type_description
[2.854s] [  2%] [34m[1mGenerating C code for ROS interfaces[0m
[2.862s] [  2%] [34m[1mGenerating C++ code for ROS interfaces[0m
[3.292s] [  2%] Built target yolo_msgs__cpp
[3.381s] [  3%] [32mBuilding C object CMakeFiles/yolo_msgs__rosidl_generator_c.dir/rosidl_generator_c/yolo_msgs/msg/detail/point2_d__functions.c.o[0m
[3.382s] [  5%] [32mBuilding C object CMakeFiles/yolo_msgs__rosidl_generator_c.dir/rosidl_generator_c/yolo_msgs/msg/detail/vector2__description.c.o[0m
[3.382s] [  5%] [32mBuilding C object CMakeFiles/yolo_msgs__rosidl_generator_c.dir/rosidl_generator_c/yolo_msgs/msg/detail/vector2__functions.c.o[0m
[3.382s] [  6%] [32mBuilding C object CMakeFiles/yolo_msgs__rosidl_generator_c.dir/rosidl_generator_c/yolo_msgs/msg/detail/pose2_d__description.c.o[0m
[3.382s] [  6%] [32mBuilding C object CMakeFiles/yolo_msgs__rosidl_generator_c.dir/rosidl_generator_c/yolo_msgs/msg/detail/vector2__type_support.c.o[0m
[3.384s] [  6%] [32mBuilding C object CMakeFiles/yolo_msgs__rosidl_generator_c.dir/rosidl_generator_c/yolo_msgs/msg/detail/bounding_box2_d__type_support.c.o[0m
[3.384s] [  7%] [32mBuilding C object CMakeFiles/yolo_msgs__rosidl_generator_c.dir/rosidl_generator_c/yolo_msgs/msg/detail/bounding_box3_d__description.c.o[0m
[3.384s] [  8%] [32mBuilding C object CMakeFiles/yolo_msgs__rosidl_generator_c.dir/rosidl_generator_c/yolo_msgs/msg/detail/point2_d__description.c.o[0m
[3.384s] [  8%] [32mBuilding C object CMakeFiles/yolo_msgs__rosidl_generator_c.dir/rosidl_generator_c/yolo_msgs/msg/detail/point2_d__type_support.c.o[0m
[3.385s] [  8%] [32mBuilding C object CMakeFiles/yolo_msgs__rosidl_generator_c.dir/rosidl_generator_c/yolo_msgs/msg/detail/key_point2_d__functions.c.o[0m
[3.385s] [  9%] [32mBuilding C object CMakeFiles/yolo_msgs__rosidl_generator_c.dir/rosidl_generator_c/yolo_msgs/msg/detail/mask__type_support.c.o[0m
[3.386s] [  9%] [32mBuilding C object CMakeFiles/yolo_msgs__rosidl_generator_c.dir/rosidl_generator_c/yolo_msgs/msg/detail/pose2_d__type_support.c.o[0m
[3.386s] [ 10%] [32mBuilding C object CMakeFiles/yolo_msgs__rosidl_generator_c.dir/rosidl_generator_c/yolo_msgs/msg/detail/key_point2_d__description.c.o[0m
[3.386s] [ 12%] [32mBuilding C object CMakeFiles/yolo_msgs__rosidl_generator_c.dir/rosidl_generator_c/yolo_msgs/msg/detail/bounding_box2_d__functions.c.o[0m
[3.386s] [ 12%] [32mBuilding C object CMakeFiles/yolo_msgs__rosidl_generator_c.dir/rosidl_generator_c/yolo_msgs/msg/detail/pose2_d__functions.c.o[0m
[3.387s] [ 13%] [32mBuilding C object CMakeFiles/yolo_msgs__rosidl_generator_c.dir/rosidl_generator_c/yolo_msgs/msg/detail/bounding_box2_d__description.c.o[0m
[3.388s] [ 13%] [32mBuilding C object CMakeFiles/yolo_msgs__rosidl_generator_c.dir/rosidl_generator_c/yolo_msgs/msg/detail/mask__functions.c.o[0m
[3.388s] [ 14%] [32mBuilding C object CMakeFiles/yolo_msgs__rosidl_generator_c.dir/rosidl_generator_c/yolo_msgs/msg/detail/bounding_box3_d__type_support.c.o[0m
[3.389s] [ 14%] [32mBuilding C object CMakeFiles/yolo_msgs__rosidl_generator_c.dir/rosidl_generator_c/yolo_msgs/msg/detail/bounding_box3_d__functions.c.o[0m
[3.393s] [ 15%] [32mBuilding C object CMakeFiles/yolo_msgs__rosidl_generator_c.dir/rosidl_generator_c/yolo_msgs/msg/detail/mask__description.c.o[0m
[3.407s] [ 16%] [32mBuilding C object CMakeFiles/yolo_msgs__rosidl_generator_c.dir/rosidl_generator_c/yolo_msgs/msg/detail/key_point2_d__type_support.c.o[0m
[3.407s] [ 17%] [32mBuilding C object CMakeFiles/yolo_msgs__rosidl_generator_c.dir/rosidl_generator_c/yolo_msgs/msg/detail/key_point2_d_array__description.c.o[0m
[3.409s] [ 17%] [32mBuilding C object CMakeFiles/yolo_msgs__rosidl_generator_c.dir/rosidl_generator_c/yolo_msgs/msg/detail/key_point2_d_array__functions.c.o[0m
[3.413s] [ 18%] [32mBuilding C object CMakeFiles/yolo_msgs__rosidl_generator_c.dir/rosidl_generator_c/yolo_msgs/msg/detail/key_point2_d_array__type_support.c.o[0m
[3.417s] [ 19%] [32mBuilding C object CMakeFiles/yolo_msgs__rosidl_generator_c.dir/rosidl_generator_c/yolo_msgs/msg/detail/key_point3_d__description.c.o[0m
[3.422s] [ 20%] [32mBuilding C object CMakeFiles/yolo_msgs__rosidl_generator_c.dir/rosidl_generator_c/yolo_msgs/msg/detail/key_point3_d__functions.c.o[0m
[3.423s] [ 20%] [32mBuilding C object CMakeFiles/yolo_msgs__rosidl_generator_c.dir/rosidl_generator_c/yolo_msgs/msg/detail/key_point3_d__type_support.c.o[0m
[3.426s] [ 21%] [32mBuilding C object CMakeFiles/yolo_msgs__rosidl_generator_c.dir/rosidl_generator_c/yolo_msgs/msg/detail/key_point3_d_array__functions.c.o[0m
[3.426s] [ 21%] [32mBuilding C object CMakeFiles/yolo_msgs__rosidl_generator_c.dir/rosidl_generator_c/yolo_msgs/msg/detail/key_point3_d_array__type_support.c.o[0m
[3.427s] [ 22%] [32mBuilding C object CMakeFiles/yolo_msgs__rosidl_generator_c.dir/rosidl_generator_c/yolo_msgs/msg/detail/key_point3_d_array__description.c.o[0m
[3.434s] [ 23%] [32mBuilding C object CMakeFiles/yolo_msgs__rosidl_generator_c.dir/rosidl_generator_c/yolo_msgs/msg/detail/detection__type_support.c.o[0m
[3.436s] [ 25%] [32mBuilding C object CMakeFiles/yolo_msgs__rosidl_generator_c.dir/rosidl_generator_c/yolo_msgs/msg/detail/detection_array__functions.c.o[0m
[3.436s] [ 25%] [32mBuilding C object CMakeFiles/yolo_msgs__rosidl_generator_c.dir/rosidl_generator_c/yolo_msgs/msg/detail/detection_array__type_support.c.o[0m
[3.437s] [ 26%] [32mBuilding C object CMakeFiles/yolo_msgs__rosidl_generator_c.dir/rosidl_generator_c/yolo_msgs/msg/detail/detection__functions.c.o[0m
[3.437s] [ 26%] [32mBuilding C object CMakeFiles/yolo_msgs__rosidl_generator_c.dir/rosidl_generator_c/yolo_msgs/msg/detail/detection__description.c.o[0m
[3.438s] [ 26%] [32mBuilding C object CMakeFiles/yolo_msgs__rosidl_generator_c.dir/rosidl_generator_c/yolo_msgs/srv/detail/set_classes__description.c.o[0m
[3.441s] [ 27%] [32mBuilding C object CMakeFiles/yolo_msgs__rosidl_generator_c.dir/rosidl_generator_c/yolo_msgs/srv/detail/set_classes__functions.c.o[0m
[3.442s] [ 28%] [32mBuilding C object CMakeFiles/yolo_msgs__rosidl_generator_c.dir/rosidl_generator_c/yolo_msgs/srv/detail/set_classes__type_support.c.o[0m
[3.448s] [ 28%] [32mBuilding C object CMakeFiles/yolo_msgs__rosidl_generator_c.dir/rosidl_generator_c/yolo_msgs/msg/detail/detection_array__description.c.o[0m
[3.541s] [ 28%] [32m[1mLinking C shared library libyolo_msgs__rosidl_generator_c.so[0m
[3.568s] [ 28%] Built target yolo_msgs__rosidl_generator_c
[3.577s] [ 29%] [34m[1mGenerating C type support dispatch for ROS interfaces[0m
[3.577s] [ 30%] [34m[1mGenerating C++ type support for eProsima Fast-RTPS[0m
[3.579s] [ 31%] [34m[1mGenerating C++ introspection for ROS interfaces[0m
[3.579s] [ 31%] [34m[1mGenerating C++ type support dispatch for ROS interfaces[0m
[3.579s] [ 31%] [34m[1mGenerating C introspection for ROS interfaces[0m
[3.580s] [ 32%] [34m[1mGenerating C type support for eProsima Fast-RTPS[0m
[3.881s] [ 32%] [32mBuilding CXX object CMakeFiles/yolo_msgs__rosidl_typesupport_c.dir/rosidl_typesupport_c/yolo_msgs/msg/mask__type_support.cpp.o[0m
[3.881s] [ 33%] [32mBuilding CXX object CMakeFiles/yolo_msgs__rosidl_typesupport_c.dir/rosidl_typesupport_c/yolo_msgs/msg/bounding_box3_d__type_support.cpp.o[0m
[3.881s] [ 35%] [32mBuilding CXX object CMakeFiles/yolo_msgs__rosidl_typesupport_c.dir/rosidl_typesupport_c/yolo_msgs/msg/key_point2_d__type_support.cpp.o[0m
[3.881s] [ 35%] [32mBuilding CXX object CMakeFiles/yolo_msgs__rosidl_typesupport_c.dir/rosidl_typesupport_c/yolo_msgs/msg/key_point3_d__type_support.cpp.o[0m
[3.881s] [ 35%] [32mBuilding CXX object CMakeFiles/yolo_msgs__rosidl_typesupport_c.dir/rosidl_typesupport_c/yolo_msgs/msg/key_point2_d_array__type_support.cpp.o[0m
[3.881s] [ 35%] [32mBuilding CXX object CMakeFiles/yolo_msgs__rosidl_typesupport_c.dir/rosidl_typesupport_c/yolo_msgs/msg/point2_d__type_support.cpp.o[0m
[3.881s] [ 36%] [32mBuilding CXX object CMakeFiles/yolo_msgs__rosidl_typesupport_c.dir/rosidl_typesupport_c/yolo_msgs/msg/vector2__type_support.cpp.o[0m
[3.882s] [ 37%] [32mBuilding CXX object CMakeFiles/yolo_msgs__rosidl_typesupport_c.dir/rosidl_typesupport_c/yolo_msgs/msg/pose2_d__type_support.cpp.o[0m
[3.882s] [ 38%] [32mBuilding CXX object CMakeFiles/yolo_msgs__rosidl_typesupport_c.dir/rosidl_typesupport_c/yolo_msgs/msg/key_point3_d_array__type_support.cpp.o[0m
[3.886s] [ 39%] [32mBuilding CXX object CMakeFiles/yolo_msgs__rosidl_typesupport_c.dir/rosidl_typesupport_c/yolo_msgs/msg/detection__type_support.cpp.o[0m
[3.889s] [ 39%] [32mBuilding CXX object CMakeFiles/yolo_msgs__rosidl_typesupport_c.dir/rosidl_typesupport_c/yolo_msgs/msg/detection_array__type_support.cpp.o[0m
[3.890s] [ 39%] [32mBuilding CXX object CMakeFiles/yolo_msgs__rosidl_typesupport_c.dir/rosidl_typesupport_c/yolo_msgs/msg/bounding_box2_d__type_support.cpp.o[0m
[3.890s] [ 40%] [32mBuilding CXX object CMakeFiles/yolo_msgs__rosidl_typesupport_c.dir/rosidl_typesupport_c/yolo_msgs/srv/set_classes__type_support.cpp.o[0m
[3.905s] [ 41%] [32mBuilding CXX object CMakeFiles/yolo_msgs__rosidl_typesupport_cpp.dir/rosidl_typesupport_cpp/yolo_msgs/msg/vector2__type_support.cpp.o[0m
[3.906s] [ 42%] [32mBuilding CXX object CMakeFiles/yolo_msgs__rosidl_typesupport_cpp.dir/rosidl_typesupport_cpp/yolo_msgs/msg/point2_d__type_support.cpp.o[0m
[3.910s] [ 42%] [32mBuilding CXX object CMakeFiles/yolo_msgs__rosidl_typesupport_cpp.dir/rosidl_typesupport_cpp/yolo_msgs/msg/pose2_d__type_support.cpp.o[0m
[3.913s] [ 42%] [32mBuilding CXX object CMakeFiles/yolo_msgs__rosidl_typesupport_cpp.dir/rosidl_typesupport_cpp/yolo_msgs/msg/bounding_box3_d__type_support.cpp.o[0m
[3.913s] [ 43%] [32mBuilding CXX object CMakeFiles/yolo_msgs__rosidl_typesupport_cpp.dir/rosidl_typesupport_cpp/yolo_msgs/msg/mask__type_support.cpp.o[0m
[3.916s] [ 44%] [32mBuilding CXX object CMakeFiles/yolo_msgs__rosidl_typesupport_cpp.dir/rosidl_typesupport_cpp/yolo_msgs/msg/key_point2_d__type_support.cpp.o[0m
[3.916s] [ 45%] [32mBuilding CXX object CMakeFiles/yolo_msgs__rosidl_typesupport_cpp.dir/rosidl_typesupport_cpp/yolo_msgs/msg/bounding_box2_d__type_support.cpp.o[0m
[3.921s] [ 45%] [32mBuilding CXX object CMakeFiles/yolo_msgs__rosidl_typesupport_cpp.dir/rosidl_typesupport_cpp/yolo_msgs/msg/key_point2_d_array__type_support.cpp.o[0m
[3.921s] [ 46%] [32mBuilding CXX object CMakeFiles/yolo_msgs__rosidl_typesupport_cpp.dir/rosidl_typesupport_cpp/yolo_msgs/msg/key_point3_d__type_support.cpp.o[0m
[3.940s] [ 47%] [32mBuilding CXX object CMakeFiles/yolo_msgs__rosidl_typesupport_cpp.dir/rosidl_typesupport_cpp/yolo_msgs/msg/key_point3_d_array__type_support.cpp.o[0m
[3.940s] [ 47%] [32mBuilding CXX object CMakeFiles/yolo_msgs__rosidl_typesupport_cpp.dir/rosidl_typesupport_cpp/yolo_msgs/msg/detection__type_support.cpp.o[0m
[3.940s] [ 48%] [32mBuilding CXX object CMakeFiles/yolo_msgs__rosidl_typesupport_cpp.dir/rosidl_typesupport_cpp/yolo_msgs/msg/detection_array__type_support.cpp.o[0m
[3.944s] [ 49%] [32mBuilding CXX object CMakeFiles/yolo_msgs__rosidl_typesupport_cpp.dir/rosidl_typesupport_cpp/yolo_msgs/srv/set_classes__type_support.cpp.o[0m
[3.946s] [ 50%] [32m[1mLinking CXX shared library libyolo_msgs__rosidl_typesupport_c.so[0m
[3.984s] [ 50%] Built target yolo_msgs__rosidl_typesupport_c
[4.027s] [ 51%] [32mBuilding CXX object CMakeFiles/yolo_msgs__rosidl_typesupport_introspection_cpp.dir/rosidl_typesupport_introspection_cpp/yolo_msgs/msg/detail/point2_d__type_support.cpp.o[0m
[4.029s] [ 51%] [32mBuilding CXX object CMakeFiles/yolo_msgs__rosidl_typesupport_introspection_cpp.dir/rosidl_typesupport_introspection_cpp/yolo_msgs/msg/detail/vector2__type_support.cpp.o[0m
[4.031s] [ 52%] [32mBuilding CXX object CMakeFiles/yolo_msgs__rosidl_typesupport_introspection_cpp.dir/rosidl_typesupport_introspection_cpp/yolo_msgs/msg/detail/bounding_box2_d__type_support.cpp.o[0m
[4.032s] [ 53%] [32mBuilding CXX object CMakeFiles/yolo_msgs__rosidl_typesupport_introspection_cpp.dir/rosidl_typesupport_introspection_cpp/yolo_msgs/msg/detail/pose2_d__type_support.cpp.o[0m
[4.063s] [ 53%] [32mBuilding CXX object CMakeFiles/yolo_msgs__rosidl_typesupport_introspection_cpp.dir/rosidl_typesupport_introspection_cpp/yolo_msgs/msg/detail/bounding_box3_d__type_support.cpp.o[0m
[4.077s] [ 54%] [32mBuilding C object CMakeFiles/yolo_msgs__rosidl_typesupport_introspection_c.dir/rosidl_typesupport_introspection_c/yolo_msgs/msg/detail/vector2__type_support.c.o[0m
[4.077s] [ 55%] [32mBuilding CXX object CMakeFiles/yolo_msgs__rosidl_typesupport_introspection_cpp.dir/rosidl_typesupport_introspection_cpp/yolo_msgs/msg/detail/mask__type_support.cpp.o[0m
[4.077s] [ 56%] [32mBuilding C object CMakeFiles/yolo_msgs__rosidl_typesupport_introspection_c.dir/rosidl_typesupport_introspection_c/yolo_msgs/msg/detail/point2_d__type_support.c.o[0m
[4.078s] [ 56%] [32mBuilding C object CMakeFiles/yolo_msgs__rosidl_typesupport_introspection_c.dir/rosidl_typesupport_introspection_c/yolo_msgs/msg/detail/pose2_d__type_support.c.o[0m
[4.083s] [ 56%] [32mBuilding CXX object CMakeFiles/yolo_msgs__rosidl_typesupport_introspection_cpp.dir/rosidl_typesupport_introspection_cpp/yolo_msgs/msg/detail/key_point2_d__type_support.cpp.o[0m
[4.099s] [ 57%] [32mBuilding CXX object CMakeFiles/yolo_msgs__rosidl_typesupport_introspection_cpp.dir/rosidl_typesupport_introspection_cpp/yolo_msgs/msg/detail/key_point2_d_array__type_support.cpp.o[0m
[4.101s] [ 58%] [32mBuilding CXX object CMakeFiles/yolo_msgs__rosidl_typesupport_introspection_cpp.dir/rosidl_typesupport_introspection_cpp/yolo_msgs/msg/detail/key_point3_d__type_support.cpp.o[0m
[4.109s] [ 58%] [32mBuilding CXX object CMakeFiles/yolo_msgs__rosidl_typesupport_introspection_cpp.dir/rosidl_typesupport_introspection_cpp/yolo_msgs/msg/detail/key_point3_d_array__type_support.cpp.o[0m
[4.118s] [ 59%] [32mBuilding C object CMakeFiles/yolo_msgs__rosidl_typesupport_introspection_c.dir/rosidl_typesupport_introspection_c/yolo_msgs/msg/detail/bounding_box3_d__type_support.c.o[0m
[4.120s] [ 60%] [32mBuilding C object CMakeFiles/yolo_msgs__rosidl_typesupport_introspection_c.dir/rosidl_typesupport_introspection_c/yolo_msgs/msg/detail/bounding_box2_d__type_support.c.o[0m
[4.123s] [ 60%] [32mBuilding C object CMakeFiles/yolo_msgs__rosidl_typesupport_introspection_c.dir/rosidl_typesupport_introspection_c/yolo_msgs/msg/detail/mask__type_support.c.o[0m
[4.148s] [ 61%] [32mBuilding CXX object CMakeFiles/yolo_msgs__rosidl_typesupport_introspection_cpp.dir/rosidl_typesupport_introspection_cpp/yolo_msgs/msg/detail/detection__type_support.cpp.o[0m
[4.152s] [ 62%] [32mBuilding CXX object CMakeFiles/yolo_msgs__rosidl_typesupport_introspection_cpp.dir/rosidl_typesupport_introspection_cpp/yolo_msgs/msg/detail/detection_array__type_support.cpp.o[0m
[4.157s] [ 63%] [32mBuilding C object CMakeFiles/yolo_msgs__rosidl_typesupport_introspection_c.dir/rosidl_typesupport_introspection_c/yolo_msgs/msg/detail/key_point2_d__type_support.c.o[0m
[4.160s] [ 63%] [32mBuilding CXX object CMakeFiles/yolo_msgs__rosidl_typesupport_fastrtps_cpp.dir/rosidl_typesupport_fastrtps_cpp/yolo_msgs/msg/detail/dds_fastrtps/point2_d__type_support.cpp.o[0m
[4.171s] [ 64%] [32mBuilding CXX object CMakeFiles/yolo_msgs__rosidl_typesupport_fastrtps_cpp.dir/rosidl_typesupport_fastrtps_cpp/yolo_msgs/msg/detail/dds_fastrtps/vector2__type_support.cpp.o[0m
[4.173s] [ 65%] [32mBuilding CXX object CMakeFiles/yolo_msgs__rosidl_typesupport_fastrtps_cpp.dir/rosidl_typesupport_fastrtps_cpp/yolo_msgs/msg/detail/dds_fastrtps/pose2_d__type_support.cpp.o[0m
[4.198s] [ 65%] [32mBuilding C object CMakeFiles/yolo_msgs__rosidl_typesupport_introspection_c.dir/rosidl_typesupport_introspection_c/yolo_msgs/msg/detail/key_point2_d_array__type_support.c.o[0m
[4.206s] [ 66%] [32mBuilding C object CMakeFiles/yolo_msgs__rosidl_typesupport_introspection_c.dir/rosidl_typesupport_introspection_c/yolo_msgs/msg/detail/key_point3_d__type_support.c.o[0m
[4.222s] [ 66%] [32mBuilding CXX object CMakeFiles/yolo_msgs__rosidl_typesupport_fastrtps_cpp.dir/rosidl_typesupport_fastrtps_cpp/yolo_msgs/msg/detail/dds_fastrtps/bounding_box2_d__type_support.cpp.o[0m
[4.222s] [ 67%] [32mBuilding C object CMakeFiles/yolo_msgs__rosidl_typesupport_introspection_c.dir/rosidl_typesupport_introspection_c/yolo_msgs/msg/detail/key_point3_d_array__type_support.c.o[0m
[4.229s] [ 67%] [32mBuilding C object CMakeFiles/yolo_msgs__rosidl_typesupport_introspection_c.dir/rosidl_typesupport_introspection_c/yolo_msgs/msg/detail/detection__type_support.c.o[0m
[4.229s] [ 68%] [32mBuilding CXX object CMakeFiles/yolo_msgs__rosidl_typesupport_fastrtps_cpp.dir/rosidl_typesupport_fastrtps_cpp/yolo_msgs/msg/detail/dds_fastrtps/bounding_box3_d__type_support.cpp.o[0m
[4.237s] [ 69%] [32mBuilding CXX object CMakeFiles/yolo_msgs__rosidl_typesupport_fastrtps_c.dir/rosidl_typesupport_fastrtps_c/yolo_msgs/msg/detail/point2_d__type_support_c.cpp.o[0m
[4.240s] [ 69%] [32mBuilding CXX object CMakeFiles/yolo_msgs__rosidl_typesupport_fastrtps_cpp.dir/rosidl_typesupport_fastrtps_cpp/yolo_msgs/msg/detail/dds_fastrtps/mask__type_support.cpp.o[0m
[4.243s] [ 69%] [32mBuilding CXX object CMakeFiles/yolo_msgs__rosidl_typesupport_introspection_cpp.dir/rosidl_typesupport_introspection_cpp/yolo_msgs/srv/detail/set_classes__type_support.cpp.o[0m
[4.246s] [ 70%] [32mBuilding CXX object CMakeFiles/yolo_msgs__rosidl_typesupport_fastrtps_cpp.dir/rosidl_typesupport_fastrtps_cpp/yolo_msgs/msg/detail/dds_fastrtps/key_point2_d__type_support.cpp.o[0m
[4.253s] [ 71%] [32mBuilding CXX object CMakeFiles/yolo_msgs__rosidl_typesupport_fastrtps_cpp.dir/rosidl_typesupport_fastrtps_cpp/yolo_msgs/msg/detail/dds_fastrtps/key_point2_d_array__type_support.cpp.o[0m
[4.258s] [ 71%] [32mBuilding CXX object CMakeFiles/yolo_msgs__rosidl_typesupport_fastrtps_cpp.dir/rosidl_typesupport_fastrtps_cpp/yolo_msgs/msg/detail/dds_fastrtps/key_point3_d__type_support.cpp.o[0m
[4.269s] [ 71%] [32m[1mLinking CXX shared library libyolo_msgs__rosidl_typesupport_cpp.so[0m
[4.270s] [ 72%] [32mBuilding CXX object CMakeFiles/yolo_msgs__rosidl_typesupport_fastrtps_cpp.dir/rosidl_typesupport_fastrtps_cpp/yolo_msgs/msg/detail/dds_fastrtps/key_point3_d_array__type_support.cpp.o[0m
[4.273s] [ 73%] [32mBuilding C object CMakeFiles/yolo_msgs__rosidl_typesupport_introspection_c.dir/rosidl_typesupport_introspection_c/yolo_msgs/msg/detail/detection_array__type_support.c.o[0m
[4.287s] [ 74%] [32mBuilding CXX object CMakeFiles/yolo_msgs__rosidl_typesupport_fastrtps_cpp.dir/rosidl_typesupport_fastrtps_cpp/yolo_msgs/msg/detail/dds_fastrtps/detection__type_support.cpp.o[0m
[4.304s] [ 74%] [32mBuilding CXX object CMakeFiles/yolo_msgs__rosidl_typesupport_fastrtps_c.dir/rosidl_typesupport_fastrtps_c/yolo_msgs/msg/detail/vector2__type_support_c.cpp.o[0m
[4.331s] [ 75%] [32mBuilding C object CMakeFiles/yolo_msgs__rosidl_typesupport_introspection_c.dir/rosidl_typesupport_introspection_c/yolo_msgs/srv/detail/set_classes__type_support.c.o[0m
[4.332s] [ 75%] [32mBuilding CXX object CMakeFiles/yolo_msgs__rosidl_typesupport_fastrtps_cpp.dir/rosidl_typesupport_fastrtps_cpp/yolo_msgs/msg/detail/dds_fastrtps/detection_array__type_support.cpp.o[0m
[4.343s] [ 75%] Built target yolo_msgs__rosidl_typesupport_cpp
[4.352s] [ 76%] [32mBuilding CXX object CMakeFiles/yolo_msgs__rosidl_typesupport_fastrtps_c.dir/rosidl_typesupport_fastrtps_c/yolo_msgs/msg/detail/pose2_d__type_support_c.cpp.o[0m
[4.355s] [ 77%] [32mBuilding CXX object CMakeFiles/yolo_msgs__rosidl_typesupport_fastrtps_cpp.dir/rosidl_typesupport_fastrtps_cpp/yolo_msgs/srv/detail/dds_fastrtps/set_classes__type_support.cpp.o[0m
[4.415s] [ 77%] [32m[1mLinking C shared library libyolo_msgs__rosidl_typesupport_introspection_c.so[0m
[4.419s] [ 78%] [32mBuilding CXX object CMakeFiles/yolo_msgs__rosidl_typesupport_fastrtps_c.dir/rosidl_typesupport_fastrtps_c/yolo_msgs/msg/detail/bounding_box2_d__type_support_c.cpp.o[0m
[4.463s] [ 78%] [32mBuilding CXX object CMakeFiles/yolo_msgs__rosidl_typesupport_fastrtps_c.dir/rosidl_typesupport_fastrtps_c/yolo_msgs/msg/detail/bounding_box3_d__type_support_c.cpp.o[0m
[4.463s] [ 78%] Built target yolo_msgs__rosidl_typesupport_introspection_c
[4.470s] [ 78%] [32mBuilding CXX object CMakeFiles/yolo_msgs__rosidl_typesupport_fastrtps_c.dir/rosidl_typesupport_fastrtps_c/yolo_msgs/msg/detail/key_point2_d__type_support_c.cpp.o[0m
[4.473s] [ 79%] [32mBuilding CXX object CMakeFiles/yolo_msgs__rosidl_typesupport_fastrtps_c.dir/rosidl_typesupport_fastrtps_c/yolo_msgs/msg/detail/mask__type_support_c.cpp.o[0m
[4.479s] [ 80%] [32mBuilding CXX object CMakeFiles/yolo_msgs__rosidl_typesupport_fastrtps_c.dir/rosidl_typesupport_fastrtps_c/yolo_msgs/msg/detail/key_point2_d_array__type_support_c.cpp.o[0m
[4.501s] [ 81%] [32mBuilding CXX object CMakeFiles/yolo_msgs__rosidl_typesupport_fastrtps_c.dir/rosidl_typesupport_fastrtps_c/yolo_msgs/msg/detail/key_point3_d__type_support_c.cpp.o[0m
[4.504s] [ 82%] [32mBuilding CXX object CMakeFiles/yolo_msgs__rosidl_typesupport_fastrtps_c.dir/rosidl_typesupport_fastrtps_c/yolo_msgs/msg/detail/detection__type_support_c.cpp.o[0m
[4.507s] [ 82%] [32mBuilding CXX object CMakeFiles/yolo_msgs__rosidl_typesupport_fastrtps_c.dir/rosidl_typesupport_fastrtps_c/yolo_msgs/msg/detail/key_point3_d_array__type_support_c.cpp.o[0m
[4.526s] [ 83%] [32mBuilding CXX object CMakeFiles/yolo_msgs__rosidl_typesupport_fastrtps_c.dir/rosidl_typesupport_fastrtps_c/yolo_msgs/msg/detail/detection_array__type_support_c.cpp.o[0m
[4.546s] [ 83%] [32mBuilding CXX object CMakeFiles/yolo_msgs__rosidl_typesupport_fastrtps_c.dir/rosidl_typesupport_fastrtps_c/yolo_msgs/srv/detail/set_classes__type_support_c.cpp.o[0m
[4.802s] [ 84%] [32m[1mLinking CXX shared library libyolo_msgs__rosidl_typesupport_introspection_cpp.so[0m
[4.841s] [ 85%] [32m[1mLinking CXX shared library libyolo_msgs__rosidl_typesupport_fastrtps_cpp.so[0m
[4.852s] [ 86%] [32m[1mLinking CXX shared library libyolo_msgs__rosidl_typesupport_fastrtps_c.so[0m
[4.855s] [ 86%] Built target yolo_msgs__rosidl_typesupport_introspection_cpp
[4.889s] [ 86%] Built target yolo_msgs__rosidl_typesupport_fastrtps_cpp
[4.912s] [ 86%] Built target yolo_msgs__rosidl_typesupport_fastrtps_c
[4.934s] [ 86%] Built target yolo_msgs
[4.955s] [ 87%] [34m[1mGenerating Python code for ROS interfaces[0m
[5.645s] [ 87%] Built target yolo_msgs__py
[5.659s] [ 88%] [32mBuilding C object CMakeFiles/yolo_msgs__rosidl_generator_py.dir/rosidl_generator_py/yolo_msgs/msg/_mask_s.c.o[0m
[5.659s] [ 88%] [32mBuilding C object CMakeFiles/yolo_msgs__rosidl_generator_py.dir/rosidl_generator_py/yolo_msgs/msg/_key_point2_d_array_s.c.o[0m
[5.660s] [ 90%] [32mBuilding C object CMakeFiles/yolo_msgs__rosidl_generator_py.dir/rosidl_generator_py/yolo_msgs/msg/_key_point3_d_s.c.o[0m
[5.660s] [ 90%] [32mBuilding C object CMakeFiles/yolo_msgs__rosidl_generator_py.dir/rosidl_generator_py/yolo_msgs/msg/_bounding_box3_d_s.c.o[0m
[5.660s] [ 90%] [32mBuilding C object CMakeFiles/yolo_msgs__rosidl_generator_py.dir/rosidl_generator_py/yolo_msgs/msg/_bounding_box2_d_s.c.o[0m
[5.661s] [ 90%] [32mBuilding C object CMakeFiles/yolo_msgs__rosidl_generator_py.dir/rosidl_generator_py/yolo_msgs/msg/_detection_s.c.o[0m
[5.662s] [ 91%] [32mBuilding C object CMakeFiles/yolo_msgs__rosidl_generator_py.dir/rosidl_generator_py/yolo_msgs/msg/_point2_d_s.c.o[0m
[5.662s] [ 91%] [32mBuilding C object CMakeFiles/yolo_msgs__rosidl_generator_py.dir/rosidl_generator_py/yolo_msgs/msg/_pose2_d_s.c.o[0m
[5.663s] [ 92%] [32mBuilding C object CMakeFiles/yolo_msgs__rosidl_generator_py.dir/rosidl_generator_py/yolo_msgs/msg/_vector2_s.c.o[0m
[5.663s] [ 93%] [32mBuilding C object CMakeFiles/yolo_msgs__rosidl_generator_py.dir/rosidl_generator_py/yolo_msgs/msg/_key_point2_d_s.c.o[0m
[5.664s] [ 94%] [32mBuilding C object CMakeFiles/yolo_msgs__rosidl_generator_py.dir/rosidl_generator_py/yolo_msgs/msg/_key_point3_d_array_s.c.o[0m
[5.664s] [ 95%] [32mBuilding C object CMakeFiles/yolo_msgs__rosidl_generator_py.dir/rosidl_generator_py/yolo_msgs/msg/_detection_array_s.c.o[0m
[5.665s] [ 96%] [32mBuilding C object CMakeFiles/yolo_msgs__rosidl_generator_py.dir/rosidl_generator_py/yolo_msgs/srv/_set_classes_s.c.o[0m
[5.827s] [ 96%] [32m[1mLinking C shared library libyolo_msgs__rosidl_generator_py.so[0m
[5.874s] [ 96%] Built target yolo_msgs__rosidl_generator_py
[5.892s] [ 96%] [32mBuilding C object CMakeFiles/yolo_msgs_s__rosidl_typesupport_c.dir/rosidl_generator_py/yolo_msgs/_yolo_msgs_s.ep.rosidl_typesupport_c.c.o[0m
[5.893s] [ 97%] [32mBuilding C object CMakeFiles/yolo_msgs_s__rosidl_typesupport_fastrtps_c.dir/rosidl_generator_py/yolo_msgs/_yolo_msgs_s.ep.rosidl_typesupport_fastrtps_c.c.o[0m
[5.895s] [ 98%] [32mBuilding C object CMakeFiles/yolo_msgs_s__rosidl_typesupport_introspection_c.dir/rosidl_generator_py/yolo_msgs/_yolo_msgs_s.ep.rosidl_typesupport_introspection_c.c.o[0m
[6.041s] [ 99%] [32m[1mLinking C shared module rosidl_generator_py/yolo_msgs/yolo_msgs_s__rosidl_typesupport_introspection_c.so[0m
[6.045s] [100%] [32m[1mLinking C shared module rosidl_generator_py/yolo_msgs/yolo_msgs_s__rosidl_typesupport_c.so[0m
[6.071s] [100%] Built target yolo_msgs_s__rosidl_typesupport_c
[6.077s] [100%] Built target yolo_msgs_s__rosidl_typesupport_introspection_c
[6.078s] [100%] [32m[1mLinking C shared module rosidl_generator_py/yolo_msgs/yolo_msgs_s__rosidl_typesupport_fastrtps_c.so[0m
[6.108s] [100%] Built target yolo_msgs_s__rosidl_typesupport_fastrtps_c
[6.123s] Invoked command in '/home/user/autonomy_stack_ros_jazzy/build/yolo_msgs' returned '0': CMAKE_PREFIX_PATH=${CMAKE_PREFIX_PATH}:/opt/ros/jazzy /usr/bin/cmake --build /home/user/autonomy_stack_ros_jazzy/build/yolo_msgs -- -j20 -l20
[6.129s] Invoking command in '/home/user/autonomy_stack_ros_jazzy/build/yolo_msgs': CMAKE_PREFIX_PATH=${CMAKE_PREFIX_PATH}:/opt/ros/jazzy /usr/bin/cmake --install /home/user/autonomy_stack_ros_jazzy/build/yolo_msgs
[6.135s] -- Install configuration: "Release"
[6.135s] -- Execute custom install script
[6.135s] -- Symlinking: /home/user/autonomy_stack_ros_jazzy/install/yolo_msgs/share/ament_index/resource_index/rosidl_interfaces/yolo_msgs
[6.140s] -- Symlinking: /home/user/autonomy_stack_ros_jazzy/install/yolo_msgs/share/yolo_msgs/msg/Point2D.json
[6.145s] -- Symlinking: /home/user/autonomy_stack_ros_jazzy/install/yolo_msgs/share/yolo_msgs/msg/Vector2.json
[6.150s] -- Symlinking: /home/user/autonomy_stack_ros_jazzy/install/yolo_msgs/share/yolo_msgs/msg/Pose2D.json
[6.155s] -- Symlinking: /home/user/autonomy_stack_ros_jazzy/install/yolo_msgs/share/yolo_msgs/msg/BoundingBox2D.json
[6.164s] -- Symlinking: /home/user/autonomy_stack_ros_jazzy/install/yolo_msgs/share/yolo_msgs/msg/BoundingBox3D.json
[6.172s] -- Symlinking: /home/user/autonomy_stack_ros_jazzy/install/yolo_msgs/share/yolo_msgs/msg/Mask.json
[6.177s] -- Symlinking: /home/user/autonomy_stack_ros_jazzy/install/yolo_msgs/share/yolo_msgs/msg/KeyPoint2D.json
[6.182s] -- Symlinking: /home/user/autonomy_stack_ros_jazzy/install/yolo_msgs/share/yolo_msgs/msg/KeyPoint2DArray.json
[6.191s] -- Symlinking: /home/user/autonomy_stack_ros_jazzy/install/yolo_msgs/share/yolo_msgs/msg/KeyPoint3D.json
[6.196s] -- Symlinking: /home/user/autonomy_stack_ros_jazzy/install/yolo_msgs/share/yolo_msgs/msg/KeyPoint3DArray.json
[6.204s] -- Symlinking: /home/user/autonomy_stack_ros_jazzy/install/yolo_msgs/share/yolo_msgs/msg/Detection.json
[6.209s] -- Symlinking: /home/user/autonomy_stack_ros_jazzy/install/yolo_msgs/share/yolo_msgs/msg/DetectionArray.json
[6.218s] -- Symlinking: /home/user/autonomy_stack_ros_jazzy/install/yolo_msgs/share/yolo_msgs/srv/SetClasses.json
[6.227s] -- Symlinking: /home/user/autonomy_stack_ros_jazzy/install/yolo_msgs/include/yolo_msgs/yolo_msgs/msg/bounding_box2_d.h
[6.232s] -- Symlinking: /home/user/autonomy_stack_ros_jazzy/install/yolo_msgs/include/yolo_msgs/yolo_msgs/msg/bounding_box3_d.h
[6.237s] -- Symlinking: /home/user/autonomy_stack_ros_jazzy/install/yolo_msgs/include/yolo_msgs/yolo_msgs/msg/detail/bounding_box2_d__functions.h
[6.242s] -- Symlinking: /home/user/autonomy_stack_ros_jazzy/install/yolo_msgs/include/yolo_msgs/yolo_msgs/msg/detail/bounding_box2_d__struct.h
[6.251s] -- Symlinking: /home/user/autonomy_stack_ros_jazzy/install/yolo_msgs/include/yolo_msgs/yolo_msgs/msg/detail/bounding_box2_d__type_support.h
[6.259s] -- Symlinking: /home/user/autonomy_stack_ros_jazzy/install/yolo_msgs/include/yolo_msgs/yolo_msgs/msg/detail/bounding_box3_d__functions.h
[6.264s] -- Symlinking: /home/user/autonomy_stack_ros_jazzy/install/yolo_msgs/include/yolo_msgs/yolo_msgs/msg/detail/bounding_box3_d__struct.h
[6.269s] -- Symlinking: /home/user/autonomy_stack_ros_jazzy/install/yolo_msgs/include/yolo_msgs/yolo_msgs/msg/detail/bounding_box3_d__type_support.h
[6.277s] -- Symlinking: /home/user/autonomy_stack_ros_jazzy/install/yolo_msgs/include/yolo_msgs/yolo_msgs/msg/detail/detection__functions.h
[6.286s] -- Symlinking: /home/user/autonomy_stack_ros_jazzy/install/yolo_msgs/include/yolo_msgs/yolo_msgs/msg/detail/detection__struct.h
[6.294s] -- Symlinking: /home/user/autonomy_stack_ros_jazzy/install/yolo_msgs/include/yolo_msgs/yolo_msgs/msg/detail/detection__type_support.h
[6.299s] -- Symlinking: /home/user/autonomy_stack_ros_jazzy/install/yolo_msgs/include/yolo_msgs/yolo_msgs/msg/detail/detection_array__functions.h
[6.308s] -- Symlinking: /home/user/autonomy_stack_ros_jazzy/install/yolo_msgs/include/yolo_msgs/yolo_msgs/msg/detail/detection_array__struct.h
[6.313s] -- Symlinking: /home/user/autonomy_stack_ros_jazzy/install/yolo_msgs/include/yolo_msgs/yolo_msgs/msg/detail/detection_array__type_support.h
[6.318s] -- Symlinking: /home/user/autonomy_stack_ros_jazzy/install/yolo_msgs/include/yolo_msgs/yolo_msgs/msg/detail/key_point2_d__functions.h
[6.327s] -- Symlinking: /home/user/autonomy_stack_ros_jazzy/install/yolo_msgs/include/yolo_msgs/yolo_msgs/msg/detail/key_point2_d__struct.h
[6.333s] -- Symlinking: /home/user/autonomy_stack_ros_jazzy/install/yolo_msgs/include/yolo_msgs/yolo_msgs/msg/detail/key_point2_d__type_support.h
[6.338s] -- Symlinking: /home/user/autonomy_stack_ros_jazzy/install/yolo_msgs/include/yolo_msgs/yolo_msgs/msg/detail/key_point2_d_array__functions.h
[6.343s] -- Symlinking: /home/user/autonomy_stack_ros_jazzy/install/yolo_msgs/include/yolo_msgs/yolo_msgs/msg/detail/key_point2_d_array__struct.h
[6.348s] -- Symlinking: /home/user/autonomy_stack_ros_jazzy/install/yolo_msgs/include/yolo_msgs/yolo_msgs/msg/detail/key_point2_d_array__type_support.h
[6.353s] -- Symlinking: /home/user/autonomy_stack_ros_jazzy/install/yolo_msgs/include/yolo_msgs/yolo_msgs/msg/detail/key_point3_d__functions.h
[6.362s] -- Symlinking: /home/user/autonomy_stack_ros_jazzy/install/yolo_msgs/include/yolo_msgs/yolo_msgs/msg/detail/key_point3_d__struct.h
[6.370s] -- Symlinking: /home/user/autonomy_stack_ros_jazzy/install/yolo_msgs/include/yolo_msgs/yolo_msgs/msg/detail/key_point3_d__type_support.h
[6.378s] -- Symlinking: /home/user/autonomy_stack_ros_jazzy/install/yolo_msgs/include/yolo_msgs/yolo_msgs/msg/detail/key_point3_d_array__functions.h
[6.387s] -- Symlinking: /home/user/autonomy_stack_ros_jazzy/install/yolo_msgs/include/yolo_msgs/yolo_msgs/msg/detail/key_point3_d_array__struct.h
[6.395s] -- Symlinking: /home/user/autonomy_stack_ros_jazzy/install/yolo_msgs/include/yolo_msgs/yolo_msgs/msg/detail/key_point3_d_array__type_support.h
[6.402s] -- Symlinking: /home/user/autonomy_stack_ros_jazzy/install/yolo_msgs/include/yolo_msgs/yolo_msgs/msg/detail/mask__functions.h
[6.410s] -- Symlinking: /home/user/autonomy_stack_ros_jazzy/install/yolo_msgs/include/yolo_msgs/yolo_msgs/msg/detail/mask__struct.h
[6.418s] -- Symlinking: /home/user/autonomy_stack_ros_jazzy/install/yolo_msgs/include/yolo_msgs/yolo_msgs/msg/detail/mask__type_support.h
[6.426s] -- Symlinking: /home/user/autonomy_stack_ros_jazzy/install/yolo_msgs/include/yolo_msgs/yolo_msgs/msg/detail/point2_d__functions.h
[6.434s] -- Symlinking: /home/user/autonomy_stack_ros_jazzy/install/yolo_msgs/include/yolo_msgs/yolo_msgs/msg/detail/point2_d__struct.h
[6.442s] -- Symlinking: /home/user/autonomy_stack_ros_jazzy/install/yolo_msgs/include/yolo_msgs/yolo_msgs/msg/detail/point2_d__type_support.h
[6.450s] -- Symlinking: /home/user/autonomy_stack_ros_jazzy/install/yolo_msgs/include/yolo_msgs/yolo_msgs/msg/detail/pose2_d__functions.h
[6.458s] -- Symlinking: /home/user/autonomy_stack_ros_jazzy/install/yolo_msgs/include/yolo_msgs/yolo_msgs/msg/detail/pose2_d__struct.h
[6.466s] -- Symlinking: /home/user/autonomy_stack_ros_jazzy/install/yolo_msgs/include/yolo_msgs/yolo_msgs/msg/detail/pose2_d__type_support.h
[6.474s] -- Symlinking: /home/user/autonomy_stack_ros_jazzy/install/yolo_msgs/include/yolo_msgs/yolo_msgs/msg/detail/vector2__functions.h
[6.482s] -- Symlinking: /home/user/autonomy_stack_ros_jazzy/install/yolo_msgs/include/yolo_msgs/yolo_msgs/msg/detail/vector2__struct.h
[6.490s] -- Symlinking: /home/user/autonomy_stack_ros_jazzy/install/yolo_msgs/include/yolo_msgs/yolo_msgs/msg/detail/vector2__type_support.h
[6.498s] -- Symlinking: /home/user/autonomy_stack_ros_jazzy/install/yolo_msgs/include/yolo_msgs/yolo_msgs/msg/detection.h
[6.506s] -- Symlinking: /home/user/autonomy_stack_ros_jazzy/install/yolo_msgs/include/yolo_msgs/yolo_msgs/msg/detection_array.h
[6.514s] -- Symlinking: /home/user/autonomy_stack_ros_jazzy/install/yolo_msgs/include/yolo_msgs/yolo_msgs/msg/key_point2_d.h
[6.522s] -- Symlinking: /home/user/autonomy_stack_ros_jazzy/install/yolo_msgs/include/yolo_msgs/yolo_msgs/msg/key_point2_d_array.h
[6.529s] -- Symlinking: /home/user/autonomy_stack_ros_jazzy/install/yolo_msgs/include/yolo_msgs/yolo_msgs/msg/key_point3_d.h
[6.537s] -- Symlinking: /home/user/autonomy_stack_ros_jazzy/install/yolo_msgs/include/yolo_msgs/yolo_msgs/msg/key_point3_d_array.h
[6.545s] -- Symlinking: /home/user/autonomy_stack_ros_jazzy/install/yolo_msgs/include/yolo_msgs/yolo_msgs/msg/mask.h
[6.553s] -- Symlinking: /home/user/autonomy_stack_ros_jazzy/install/yolo_msgs/include/yolo_msgs/yolo_msgs/msg/point2_d.h
[6.561s] -- Symlinking: /home/user/autonomy_stack_ros_jazzy/install/yolo_msgs/include/yolo_msgs/yolo_msgs/msg/pose2_d.h
[6.569s] -- Symlinking: /home/user/autonomy_stack_ros_jazzy/install/yolo_msgs/include/yolo_msgs/yolo_msgs/msg/rosidl_generator_c__visibility_control.h
[6.577s] -- Symlinking: /home/user/autonomy_stack_ros_jazzy/install/yolo_msgs/include/yolo_msgs/yolo_msgs/msg/vector2.h
[6.585s] -- Symlinking: /home/user/autonomy_stack_ros_jazzy/install/yolo_msgs/include/yolo_msgs/yolo_msgs/srv/detail/set_classes__functions.h
[6.593s] -- Symlinking: /home/user/autonomy_stack_ros_jazzy/install/yolo_msgs/include/yolo_msgs/yolo_msgs/srv/detail/set_classes__struct.h
[6.601s] -- Symlinking: /home/user/autonomy_stack_ros_jazzy/install/yolo_msgs/include/yolo_msgs/yolo_msgs/srv/detail/set_classes__type_support.h
[6.609s] -- Symlinking: /home/user/autonomy_stack_ros_jazzy/install/yolo_msgs/include/yolo_msgs/yolo_msgs/srv/set_classes.h
[6.617s] -- Symlinking: /home/user/autonomy_stack_ros_jazzy/install/yolo_msgs/share/yolo_msgs/environment/library_path.sh
[6.626s] -- Symlinking: /home/user/autonomy_stack_ros_jazzy/install/yolo_msgs/share/yolo_msgs/environment/library_path.dsv
[6.635s] -- Symlinking: /home/user/autonomy_stack_ros_jazzy/install/yolo_msgs/include/yolo_msgs/yolo_msgs/msg/detail/bounding_box2_d__rosidl_typesupport_fastrtps_c.h
[6.643s] -- Symlinking: /home/user/autonomy_stack_ros_jazzy/install/yolo_msgs/include/yolo_msgs/yolo_msgs/msg/detail/bounding_box3_d__rosidl_typesupport_fastrtps_c.h
[6.651s] -- Symlinking: /home/user/autonomy_stack_ros_jazzy/install/yolo_msgs/include/yolo_msgs/yolo_msgs/msg/detail/detection__rosidl_typesupport_fastrtps_c.h
[6.659s] -- Symlinking: /home/user/autonomy_stack_ros_jazzy/install/yolo_msgs/include/yolo_msgs/yolo_msgs/msg/detail/detection_array__rosidl_typesupport_fastrtps_c.h
[6.669s] -- Symlinking: /home/user/autonomy_stack_ros_jazzy/install/yolo_msgs/include/yolo_msgs/yolo_msgs/msg/detail/key_point2_d__rosidl_typesupport_fastrtps_c.h
[6.677s] -- Symlinking: /home/user/autonomy_stack_ros_jazzy/install/yolo_msgs/include/yolo_msgs/yolo_msgs/msg/detail/key_point2_d_array__rosidl_typesupport_fastrtps_c.h
[6.685s] -- Symlinking: /home/user/autonomy_stack_ros_jazzy/install/yolo_msgs/include/yolo_msgs/yolo_msgs/msg/detail/key_point3_d__rosidl_typesupport_fastrtps_c.h
[6.693s] -- Symlinking: /home/user/autonomy_stack_ros_jazzy/install/yolo_msgs/include/yolo_msgs/yolo_msgs/msg/detail/key_point3_d_array__rosidl_typesupport_fastrtps_c.h
[6.701s] -- Symlinking: /home/user/autonomy_stack_ros_jazzy/install/yolo_msgs/include/yolo_msgs/yolo_msgs/msg/detail/mask__rosidl_typesupport_fastrtps_c.h
[6.709s] -- Symlinking: /home/user/autonomy_stack_ros_jazzy/install/yolo_msgs/include/yolo_msgs/yolo_msgs/msg/detail/point2_d__rosidl_typesupport_fastrtps_c.h
[6.717s] -- Symlinking: /home/user/autonomy_stack_ros_jazzy/install/yolo_msgs/include/yolo_msgs/yolo_msgs/msg/detail/pose2_d__rosidl_typesupport_fastrtps_c.h
[6.725s] -- Symlinking: /home/user/autonomy_stack_ros_jazzy/install/yolo_msgs/include/yolo_msgs/yolo_msgs/msg/detail/vector2__rosidl_typesupport_fastrtps_c.h
[6.733s] -- Symlinking: /home/user/autonomy_stack_ros_jazzy/install/yolo_msgs/include/yolo_msgs/yolo_msgs/msg/rosidl_typesupport_fastrtps_c__visibility_control.h
[6.741s] -- Symlinking: /home/user/autonomy_stack_ros_jazzy/install/yolo_msgs/include/yolo_msgs/yolo_msgs/srv/detail/set_classes__rosidl_typesupport_fastrtps_c.h
[6.749s] -- Symlinking: /home/user/autonomy_stack_ros_jazzy/install/yolo_msgs/include/yolo_msgs/yolo_msgs/msg/detail/bounding_box2_d__rosidl_typesupport_introspection_c.h
[6.757s] -- Symlinking: /home/user/autonomy_stack_ros_jazzy/install/yolo_msgs/include/yolo_msgs/yolo_msgs/msg/detail/bounding_box3_d__rosidl_typesupport_introspection_c.h
[6.765s] -- Symlinking: /home/user/autonomy_stack_ros_jazzy/install/yolo_msgs/include/yolo_msgs/yolo_msgs/msg/detail/detection__rosidl_typesupport_introspection_c.h
[6.773s] -- Symlinking: /home/user/autonomy_stack_ros_jazzy/install/yolo_msgs/include/yolo_msgs/yolo_msgs/msg/detail/detection_array__rosidl_typesupport_introspection_c.h
[6.781s] -- Symlinking: /home/user/autonomy_stack_ros_jazzy/install/yolo_msgs/include/yolo_msgs/yolo_msgs/msg/detail/key_point2_d__rosidl_typesupport_introspection_c.h
[6.789s] -- Symlinking: /home/user/autonomy_stack_ros_jazzy/install/yolo_msgs/include/yolo_msgs/yolo_msgs/msg/detail/key_point2_d_array__rosidl_typesupport_introspection_c.h
[6.797s] -- Symlinking: /home/user/autonomy_stack_ros_jazzy/install/yolo_msgs/include/yolo_msgs/yolo_msgs/msg/detail/key_point3_d__rosidl_typesupport_introspection_c.h
[6.805s] -- Symlinking: /home/user/autonomy_stack_ros_jazzy/install/yolo_msgs/include/yolo_msgs/yolo_msgs/msg/detail/key_point3_d_array__rosidl_typesupport_introspection_c.h
[6.813s] -- Symlinking: /home/user/autonomy_stack_ros_jazzy/install/yolo_msgs/include/yolo_msgs/yolo_msgs/msg/detail/mask__rosidl_typesupport_introspection_c.h
[6.821s] -- Symlinking: /home/user/autonomy_stack_ros_jazzy/install/yolo_msgs/include/yolo_msgs/yolo_msgs/msg/detail/point2_d__rosidl_typesupport_introspection_c.h
[6.829s] -- Symlinking: /home/user/autonomy_stack_ros_jazzy/install/yolo_msgs/include/yolo_msgs/yolo_msgs/msg/detail/pose2_d__rosidl_typesupport_introspection_c.h
[6.837s] -- Symlinking: /home/user/autonomy_stack_ros_jazzy/install/yolo_msgs/include/yolo_msgs/yolo_msgs/msg/detail/vector2__rosidl_typesupport_introspection_c.h
[6.845s] -- Symlinking: /home/user/autonomy_stack_ros_jazzy/install/yolo_msgs/include/yolo_msgs/yolo_msgs/msg/rosidl_typesupport_introspection_c__visibility_control.h
[6.853s] -- Symlinking: /home/user/autonomy_stack_ros_jazzy/install/yolo_msgs/include/yolo_msgs/yolo_msgs/srv/detail/set_classes__rosidl_typesupport_introspection_c.h
[6.862s] -- Symlinking: /home/user/autonomy_stack_ros_jazzy/install/yolo_msgs/include/yolo_msgs/yolo_msgs/msg/bounding_box2_d.hpp
[6.870s] -- Symlinking: /home/user/autonomy_stack_ros_jazzy/install/yolo_msgs/include/yolo_msgs/yolo_msgs/msg/bounding_box3_d.hpp
[6.878s] -- Symlinking: /home/user/autonomy_stack_ros_jazzy/install/yolo_msgs/include/yolo_msgs/yolo_msgs/msg/detail/bounding_box2_d__builder.hpp
[6.886s] -- Symlinking: /home/user/autonomy_stack_ros_jazzy/install/yolo_msgs/include/yolo_msgs/yolo_msgs/msg/detail/bounding_box2_d__struct.hpp
[6.894s] -- Symlinking: /home/user/autonomy_stack_ros_jazzy/install/yolo_msgs/include/yolo_msgs/yolo_msgs/msg/detail/bounding_box2_d__traits.hpp
[6.901s] -- Symlinking: /home/user/autonomy_stack_ros_jazzy/install/yolo_msgs/include/yolo_msgs/yolo_msgs/msg/detail/bounding_box2_d__type_support.hpp
[6.909s] -- Symlinking: /home/user/autonomy_stack_ros_jazzy/install/yolo_msgs/include/yolo_msgs/yolo_msgs/msg/detail/bounding_box3_d__builder.hpp
[6.917s] -- Symlinking: /home/user/autonomy_stack_ros_jazzy/install/yolo_msgs/include/yolo_msgs/yolo_msgs/msg/detail/bounding_box3_d__struct.hpp
[6.925s] -- Symlinking: /home/user/autonomy_stack_ros_jazzy/install/yolo_msgs/include/yolo_msgs/yolo_msgs/msg/detail/bounding_box3_d__traits.hpp
[6.934s] -- Symlinking: /home/user/autonomy_stack_ros_jazzy/install/yolo_msgs/include/yolo_msgs/yolo_msgs/msg/detail/bounding_box3_d__type_support.hpp
[6.942s] -- Symlinking: /home/user/autonomy_stack_ros_jazzy/install/yolo_msgs/include/yolo_msgs/yolo_msgs/msg/detail/detection__builder.hpp
[6.950s] -- Symlinking: /home/user/autonomy_stack_ros_jazzy/install/yolo_msgs/include/yolo_msgs/yolo_msgs/msg/detail/detection__struct.hpp
[6.958s] -- Symlinking: /home/user/autonomy_stack_ros_jazzy/install/yolo_msgs/include/yolo_msgs/yolo_msgs/msg/detail/detection__traits.hpp
[6.965s] -- Symlinking: /home/user/autonomy_stack_ros_jazzy/install/yolo_msgs/include/yolo_msgs/yolo_msgs/msg/detail/detection__type_support.hpp
[6.973s] -- Symlinking: /home/user/autonomy_stack_ros_jazzy/install/yolo_msgs/include/yolo_msgs/yolo_msgs/msg/detail/detection_array__builder.hpp
[6.981s] -- Symlinking: /home/user/autonomy_stack_ros_jazzy/install/yolo_msgs/include/yolo_msgs/yolo_msgs/msg/detail/detection_array__struct.hpp
[6.989s] -- Symlinking: /home/user/autonomy_stack_ros_jazzy/install/yolo_msgs/include/yolo_msgs/yolo_msgs/msg/detail/detection_array__traits.hpp
[6.997s] -- Symlinking: /home/user/autonomy_stack_ros_jazzy/install/yolo_msgs/include/yolo_msgs/yolo_msgs/msg/detail/detection_array__type_support.hpp
[7.005s] -- Symlinking: /home/user/autonomy_stack_ros_jazzy/install/yolo_msgs/include/yolo_msgs/yolo_msgs/msg/detail/key_point2_d__builder.hpp
[7.013s] -- Symlinking: /home/user/autonomy_stack_ros_jazzy/install/yolo_msgs/include/yolo_msgs/yolo_msgs/msg/detail/key_point2_d__struct.hpp
[7.021s] -- Symlinking: /home/user/autonomy_stack_ros_jazzy/install/yolo_msgs/include/yolo_msgs/yolo_msgs/msg/detail/key_point2_d__traits.hpp
[7.026s] -- Symlinking: /home/user/autonomy_stack_ros_jazzy/install/yolo_msgs/include/yolo_msgs/yolo_msgs/msg/detail/key_point2_d__type_support.hpp
[7.031s] -- Symlinking: /home/user/autonomy_stack_ros_jazzy/install/yolo_msgs/include/yolo_msgs/yolo_msgs/msg/detail/key_point2_d_array__builder.hpp
[7.036s] -- Symlinking: /home/user/autonomy_stack_ros_jazzy/install/yolo_msgs/include/yolo_msgs/yolo_msgs/msg/detail/key_point2_d_array__struct.hpp
[7.041s] -- Symlinking: /home/user/autonomy_stack_ros_jazzy/install/yolo_msgs/include/yolo_msgs/yolo_msgs/msg/detail/key_point2_d_array__traits.hpp
[7.045s] -- Symlinking: /home/user/autonomy_stack_ros_jazzy/install/yolo_msgs/include/yolo_msgs/yolo_msgs/msg/detail/key_point2_d_array__type_support.hpp
[7.050s] -- Symlinking: /home/user/autonomy_stack_ros_jazzy/install/yolo_msgs/include/yolo_msgs/yolo_msgs/msg/detail/key_point3_d__builder.hpp
[7.055s] -- Symlinking: /home/user/autonomy_stack_ros_jazzy/install/yolo_msgs/include/yolo_msgs/yolo_msgs/msg/detail/key_point3_d__struct.hpp
[7.060s] -- Symlinking: /home/user/autonomy_stack_ros_jazzy/install/yolo_msgs/include/yolo_msgs/yolo_msgs/msg/detail/key_point3_d__traits.hpp
[7.065s] -- Symlinking: /home/user/autonomy_stack_ros_jazzy/install/yolo_msgs/include/yolo_msgs/yolo_msgs/msg/detail/key_point3_d__type_support.hpp
[7.070s] -- Symlinking: /home/user/autonomy_stack_ros_jazzy/install/yolo_msgs/include/yolo_msgs/yolo_msgs/msg/detail/key_point3_d_array__builder.hpp
[7.075s] -- Symlinking: /home/user/autonomy_stack_ros_jazzy/install/yolo_msgs/include/yolo_msgs/yolo_msgs/msg/detail/key_point3_d_array__struct.hpp
[7.079s] -- Symlinking: /home/user/autonomy_stack_ros_jazzy/install/yolo_msgs/include/yolo_msgs/yolo_msgs/msg/detail/key_point3_d_array__traits.hpp
[7.084s] -- Symlinking: /home/user/autonomy_stack_ros_jazzy/install/yolo_msgs/include/yolo_msgs/yolo_msgs/msg/detail/key_point3_d_array__type_support.hpp
[7.089s] -- Symlinking: /home/user/autonomy_stack_ros_jazzy/install/yolo_msgs/include/yolo_msgs/yolo_msgs/msg/detail/mask__builder.hpp
[7.094s] -- Symlinking: /home/user/autonomy_stack_ros_jazzy/install/yolo_msgs/include/yolo_msgs/yolo_msgs/msg/detail/mask__struct.hpp
[7.098s] -- Symlinking: /home/user/autonomy_stack_ros_jazzy/install/yolo_msgs/include/yolo_msgs/yolo_msgs/msg/detail/mask__traits.hpp
[7.103s] -- Symlinking: /home/user/autonomy_stack_ros_jazzy/install/yolo_msgs/include/yolo_msgs/yolo_msgs/msg/detail/mask__type_support.hpp
[7.108s] -- Symlinking: /home/user/autonomy_stack_ros_jazzy/install/yolo_msgs/include/yolo_msgs/yolo_msgs/msg/detail/point2_d__builder.hpp
[7.113s] -- Symlinking: /home/user/autonomy_stack_ros_jazzy/install/yolo_msgs/include/yolo_msgs/yolo_msgs/msg/detail/point2_d__struct.hpp
[7.117s] -- Symlinking: /home/user/autonomy_stack_ros_jazzy/install/yolo_msgs/include/yolo_msgs/yolo_msgs/msg/detail/point2_d__traits.hpp
[7.122s] -- Symlinking: /home/user/autonomy_stack_ros_jazzy/install/yolo_msgs/include/yolo_msgs/yolo_msgs/msg/detail/point2_d__type_support.hpp
[7.127s] -- Symlinking: /home/user/autonomy_stack_ros_jazzy/install/yolo_msgs/include/yolo_msgs/yolo_msgs/msg/detail/pose2_d__builder.hpp
[7.132s] -- Symlinking: /home/user/autonomy_stack_ros_jazzy/install/yolo_msgs/include/yolo_msgs/yolo_msgs/msg/detail/pose2_d__struct.hpp
[7.137s] -- Symlinking: /home/user/autonomy_stack_ros_jazzy/install/yolo_msgs/include/yolo_msgs/yolo_msgs/msg/detail/pose2_d__traits.hpp
[7.141s] -- Symlinking: /home/user/autonomy_stack_ros_jazzy/install/yolo_msgs/include/yolo_msgs/yolo_msgs/msg/detail/pose2_d__type_support.hpp
[7.146s] -- Symlinking: /home/user/autonomy_stack_ros_jazzy/install/yolo_msgs/include/yolo_msgs/yolo_msgs/msg/detail/vector2__builder.hpp
[7.151s] -- Symlinking: /home/user/autonomy_stack_ros_jazzy/install/yolo_msgs/include/yolo_msgs/yolo_msgs/msg/detail/vector2__struct.hpp
[7.155s] -- Symlinking: /home/user/autonomy_stack_ros_jazzy/install/yolo_msgs/include/yolo_msgs/yolo_msgs/msg/detail/vector2__traits.hpp
[7.160s] -- Symlinking: /home/user/autonomy_stack_ros_jazzy/install/yolo_msgs/include/yolo_msgs/yolo_msgs/msg/detail/vector2__type_support.hpp
[7.165s] -- Symlinking: /home/user/autonomy_stack_ros_jazzy/install/yolo_msgs/include/yolo_msgs/yolo_msgs/msg/detection.hpp
[7.169s] -- Symlinking: /home/user/autonomy_stack_ros_jazzy/install/yolo_msgs/include/yolo_msgs/yolo_msgs/msg/detection_array.hpp
[7.174s] -- Symlinking: /home/user/autonomy_stack_ros_jazzy/install/yolo_msgs/include/yolo_msgs/yolo_msgs/msg/key_point2_d.hpp
[7.178s] -- Symlinking: /home/user/autonomy_stack_ros_jazzy/install/yolo_msgs/include/yolo_msgs/yolo_msgs/msg/key_point2_d_array.hpp
[7.183s] -- Symlinking: /home/user/autonomy_stack_ros_jazzy/install/yolo_msgs/include/yolo_msgs/yolo_msgs/msg/key_point3_d.hpp
[7.188s] -- Symlinking: /home/user/autonomy_stack_ros_jazzy/install/yolo_msgs/include/yolo_msgs/yolo_msgs/msg/key_point3_d_array.hpp
[7.192s] -- Symlinking: /home/user/autonomy_stack_ros_jazzy/install/yolo_msgs/include/yolo_msgs/yolo_msgs/msg/mask.hpp
[7.197s] -- Symlinking: /home/user/autonomy_stack_ros_jazzy/install/yolo_msgs/include/yolo_msgs/yolo_msgs/msg/point2_d.hpp
[7.202s] -- Symlinking: /home/user/autonomy_stack_ros_jazzy/install/yolo_msgs/include/yolo_msgs/yolo_msgs/msg/pose2_d.hpp
[7.206s] -- Symlinking: /home/user/autonomy_stack_ros_jazzy/install/yolo_msgs/include/yolo_msgs/yolo_msgs/msg/rosidl_generator_cpp__visibility_control.hpp
[7.211s] -- Symlinking: /home/user/autonomy_stack_ros_jazzy/install/yolo_msgs/include/yolo_msgs/yolo_msgs/msg/vector2.hpp
[7.215s] -- Symlinking: /home/user/autonomy_stack_ros_jazzy/install/yolo_msgs/include/yolo_msgs/yolo_msgs/srv/detail/set_classes__builder.hpp
[7.220s] -- Symlinking: /home/user/autonomy_stack_ros_jazzy/install/yolo_msgs/include/yolo_msgs/yolo_msgs/srv/detail/set_classes__struct.hpp
[7.225s] -- Symlinking: /home/user/autonomy_stack_ros_jazzy/install/yolo_msgs/include/yolo_msgs/yolo_msgs/srv/detail/set_classes__traits.hpp
[7.233s] -- Symlinking: /home/user/autonomy_stack_ros_jazzy/install/yolo_msgs/include/yolo_msgs/yolo_msgs/srv/detail/set_classes__type_support.hpp
[7.241s] -- Symlinking: /home/user/autonomy_stack_ros_jazzy/install/yolo_msgs/include/yolo_msgs/yolo_msgs/srv/set_classes.hpp
[7.250s] -- Symlinking: /home/user/autonomy_stack_ros_jazzy/install/yolo_msgs/include/yolo_msgs/yolo_msgs/msg/detail/bounding_box2_d__rosidl_typesupport_fastrtps_cpp.hpp
[7.258s] -- Symlinking: /home/user/autonomy_stack_ros_jazzy/install/yolo_msgs/include/yolo_msgs/yolo_msgs/msg/detail/bounding_box3_d__rosidl_typesupport_fastrtps_cpp.hpp
[7.266s] -- Symlinking: /home/user/autonomy_stack_ros_jazzy/install/yolo_msgs/include/yolo_msgs/yolo_msgs/msg/detail/detection__rosidl_typesupport_fastrtps_cpp.hpp
[7.274s] -- Symlinking: /home/user/autonomy_stack_ros_jazzy/install/yolo_msgs/include/yolo_msgs/yolo_msgs/msg/detail/detection_array__rosidl_typesupport_fastrtps_cpp.hpp
[7.282s] -- Symlinking: /home/user/autonomy_stack_ros_jazzy/install/yolo_msgs/include/yolo_msgs/yolo_msgs/msg/detail/key_point2_d__rosidl_typesupport_fastrtps_cpp.hpp
[7.290s] -- Symlinking: /home/user/autonomy_stack_ros_jazzy/install/yolo_msgs/include/yolo_msgs/yolo_msgs/msg/detail/key_point2_d_array__rosidl_typesupport_fastrtps_cpp.hpp
[7.297s] -- Symlinking: /home/user/autonomy_stack_ros_jazzy/install/yolo_msgs/include/yolo_msgs/yolo_msgs/msg/detail/key_point3_d__rosidl_typesupport_fastrtps_cpp.hpp
[7.305s] -- Symlinking: /home/user/autonomy_stack_ros_jazzy/install/yolo_msgs/include/yolo_msgs/yolo_msgs/msg/detail/key_point3_d_array__rosidl_typesupport_fastrtps_cpp.hpp
[7.313s] -- Symlinking: /home/user/autonomy_stack_ros_jazzy/install/yolo_msgs/include/yolo_msgs/yolo_msgs/msg/detail/mask__rosidl_typesupport_fastrtps_cpp.hpp
[7.323s] -- Symlinking: /home/user/autonomy_stack_ros_jazzy/install/yolo_msgs/include/yolo_msgs/yolo_msgs/msg/detail/point2_d__rosidl_typesupport_fastrtps_cpp.hpp
[7.331s] -- Symlinking: /home/user/autonomy_stack_ros_jazzy/install/yolo_msgs/include/yolo_msgs/yolo_msgs/msg/detail/pose2_d__rosidl_typesupport_fastrtps_cpp.hpp
[7.339s] -- Symlinking: /home/user/autonomy_stack_ros_jazzy/install/yolo_msgs/include/yolo_msgs/yolo_msgs/msg/detail/vector2__rosidl_typesupport_fastrtps_cpp.hpp
[7.347s] -- Symlinking: /home/user/autonomy_stack_ros_jazzy/install/yolo_msgs/include/yolo_msgs/yolo_msgs/msg/rosidl_typesupport_fastrtps_cpp__visibility_control.h
[7.355s] -- Symlinking: /home/user/autonomy_stack_ros_jazzy/install/yolo_msgs/include/yolo_msgs/yolo_msgs/srv/detail/set_classes__rosidl_typesupport_fastrtps_cpp.hpp
[7.364s] -- Symlinking: /home/user/autonomy_stack_ros_jazzy/install/yolo_msgs/include/yolo_msgs/yolo_msgs/msg/detail/bounding_box2_d__rosidl_typesupport_introspection_cpp.hpp
[7.372s] -- Symlinking: /home/user/autonomy_stack_ros_jazzy/install/yolo_msgs/include/yolo_msgs/yolo_msgs/msg/detail/bounding_box3_d__rosidl_typesupport_introspection_cpp.hpp
[7.380s] -- Symlinking: /home/user/autonomy_stack_ros_jazzy/install/yolo_msgs/include/yolo_msgs/yolo_msgs/msg/detail/detection__rosidl_typesupport_introspection_cpp.hpp
[7.388s] -- Symlinking: /home/user/autonomy_stack_ros_jazzy/install/yolo_msgs/include/yolo_msgs/yolo_msgs/msg/detail/detection_array__rosidl_typesupport_introspection_cpp.hpp
[7.396s] -- Symlinking: /home/user/autonomy_stack_ros_jazzy/install/yolo_msgs/include/yolo_msgs/yolo_msgs/msg/detail/key_point2_d__rosidl_typesupport_introspection_cpp.hpp
[7.404s] -- Symlinking: /home/user/autonomy_stack_ros_jazzy/install/yolo_msgs/include/yolo_msgs/yolo_msgs/msg/detail/key_point2_d_array__rosidl_typesupport_introspection_cpp.hpp
[7.412s] -- Symlinking: /home/user/autonomy_stack_ros_jazzy/install/yolo_msgs/include/yolo_msgs/yolo_msgs/msg/detail/key_point3_d__rosidl_typesupport_introspection_cpp.hpp
[7.420s] -- Symlinking: /home/user/autonomy_stack_ros_jazzy/install/yolo_msgs/include/yolo_msgs/yolo_msgs/msg/detail/key_point3_d_array__rosidl_typesupport_introspection_cpp.hpp
[7.429s] -- Symlinking: /home/user/autonomy_stack_ros_jazzy/install/yolo_msgs/include/yolo_msgs/yolo_msgs/msg/detail/mask__rosidl_typesupport_introspection_cpp.hpp
[7.436s] -- Symlinking: /home/user/autonomy_stack_ros_jazzy/install/yolo_msgs/include/yolo_msgs/yolo_msgs/msg/detail/point2_d__rosidl_typesupport_introspection_cpp.hpp
[7.444s] -- Symlinking: /home/user/autonomy_stack_ros_jazzy/install/yolo_msgs/include/yolo_msgs/yolo_msgs/msg/detail/pose2_d__rosidl_typesupport_introspection_cpp.hpp
[7.452s] -- Symlinking: /home/user/autonomy_stack_ros_jazzy/install/yolo_msgs/include/yolo_msgs/yolo_msgs/msg/detail/vector2__rosidl_typesupport_introspection_cpp.hpp
[7.460s] -- Symlinking: /home/user/autonomy_stack_ros_jazzy/install/yolo_msgs/include/yolo_msgs/yolo_msgs/srv/detail/set_classes__rosidl_typesupport_introspection_cpp.hpp
[7.468s] -- Symlinking: /home/user/autonomy_stack_ros_jazzy/install/yolo_msgs/share/yolo_msgs/environment/pythonpath.sh
[7.476s] -- Symlinking: /home/user/autonomy_stack_ros_jazzy/install/yolo_msgs/share/yolo_msgs/environment/pythonpath.dsv
[7.484s] -- Symlinking: /home/user/autonomy_stack_ros_jazzy/install/yolo_msgs/lib/python3.12/site-packages/yolo_msgs-4.7.1-py3.12.egg-info/PKG-INFO
[7.490s] -- Symlinking: /home/user/autonomy_stack_ros_jazzy/install/yolo_msgs/lib/python3.12/site-packages/yolo_msgs-4.7.1-py3.12.egg-info/SOURCES.txt
[7.495s] -- Symlinking: /home/user/autonomy_stack_ros_jazzy/install/yolo_msgs/lib/python3.12/site-packages/yolo_msgs-4.7.1-py3.12.egg-info/dependency_links.txt
[7.500s] -- Symlinking: /home/user/autonomy_stack_ros_jazzy/install/yolo_msgs/lib/python3.12/site-packages/yolo_msgs-4.7.1-py3.12.egg-info/top_level.txt
[7.509s] -- Symlinking: /home/user/autonomy_stack_ros_jazzy/install/yolo_msgs/lib/python3.12/site-packages/yolo_msgs/__init__.py
[7.514s] -- Symlinking: /home/user/autonomy_stack_ros_jazzy/install/yolo_msgs/lib/python3.12/site-packages/yolo_msgs/_yolo_msgs_s.ep.rosidl_typesupport_c.c
[7.519s] -- Symlinking: /home/user/autonomy_stack_ros_jazzy/install/yolo_msgs/lib/python3.12/site-packages/yolo_msgs/_yolo_msgs_s.ep.rosidl_typesupport_fastrtps_c.c
[7.524s] -- Symlinking: /home/user/autonomy_stack_ros_jazzy/install/yolo_msgs/lib/python3.12/site-packages/yolo_msgs/_yolo_msgs_s.ep.rosidl_typesupport_introspection_c.c
[7.528s] -- Symlinking: /home/user/autonomy_stack_ros_jazzy/install/yolo_msgs/lib/python3.12/site-packages/yolo_msgs/msg/__init__.py
[7.533s] -- Symlinking: /home/user/autonomy_stack_ros_jazzy/install/yolo_msgs/lib/python3.12/site-packages/yolo_msgs/msg/_bounding_box2_d.py
[7.538s] -- Symlinking: /home/user/autonomy_stack_ros_jazzy/install/yolo_msgs/lib/python3.12/site-packages/yolo_msgs/msg/_bounding_box2_d_s.c
[7.542s] -- Symlinking: /home/user/autonomy_stack_ros_jazzy/install/yolo_msgs/lib/python3.12/site-packages/yolo_msgs/msg/_bounding_box3_d.py
[7.547s] -- Symlinking: /home/user/autonomy_stack_ros_jazzy/install/yolo_msgs/lib/python3.12/site-packages/yolo_msgs/msg/_bounding_box3_d_s.c
[7.551s] -- Symlinking: /home/user/autonomy_stack_ros_jazzy/install/yolo_msgs/lib/python3.12/site-packages/yolo_msgs/msg/_detection.py
[7.558s] -- Symlinking: /home/user/autonomy_stack_ros_jazzy/install/yolo_msgs/lib/python3.12/site-packages/yolo_msgs/msg/_detection_array.py
[7.566s] -- Symlinking: /home/user/autonomy_stack_ros_jazzy/install/yolo_msgs/lib/python3.12/site-packages/yolo_msgs/msg/_detection_array_s.c
[7.575s] -- Symlinking: /home/user/autonomy_stack_ros_jazzy/install/yolo_msgs/lib/python3.12/site-packages/yolo_msgs/msg/_detection_s.c
[7.583s] -- Symlinking: /home/user/autonomy_stack_ros_jazzy/install/yolo_msgs/lib/python3.12/site-packages/yolo_msgs/msg/_key_point2_d.py
[7.591s] -- Symlinking: /home/user/autonomy_stack_ros_jazzy/install/yolo_msgs/lib/python3.12/site-packages/yolo_msgs/msg/_key_point2_d_array.py
[7.599s] -- Symlinking: /home/user/autonomy_stack_ros_jazzy/install/yolo_msgs/lib/python3.12/site-packages/yolo_msgs/msg/_key_point2_d_array_s.c
[7.607s] -- Symlinking: /home/user/autonomy_stack_ros_jazzy/install/yolo_msgs/lib/python3.12/site-packages/yolo_msgs/msg/_key_point2_d_s.c
[7.615s] -- Symlinking: /home/user/autonomy_stack_ros_jazzy/install/yolo_msgs/lib/python3.12/site-packages/yolo_msgs/msg/_key_point3_d.py
[7.625s] -- Symlinking: /home/user/autonomy_stack_ros_jazzy/install/yolo_msgs/lib/python3.12/site-packages/yolo_msgs/msg/_key_point3_d_array.py
[7.633s] -- Symlinking: /home/user/autonomy_stack_ros_jazzy/install/yolo_msgs/lib/python3.12/site-packages/yolo_msgs/msg/_key_point3_d_array_s.c
[7.641s] -- Symlinking: /home/user/autonomy_stack_ros_jazzy/install/yolo_msgs/lib/python3.12/site-packages/yolo_msgs/msg/_key_point3_d_s.c
[7.650s] -- Symlinking: /home/user/autonomy_stack_ros_jazzy/install/yolo_msgs/lib/python3.12/site-packages/yolo_msgs/msg/_mask.py
[7.658s] -- Symlinking: /home/user/autonomy_stack_ros_jazzy/install/yolo_msgs/lib/python3.12/site-packages/yolo_msgs/msg/_mask_s.c
[7.665s] -- Symlinking: /home/user/autonomy_stack_ros_jazzy/install/yolo_msgs/lib/python3.12/site-packages/yolo_msgs/msg/_point2_d.py
[7.673s] -- Symlinking: /home/user/autonomy_stack_ros_jazzy/install/yolo_msgs/lib/python3.12/site-packages/yolo_msgs/msg/_point2_d_s.c
[7.681s] -- Symlinking: /home/user/autonomy_stack_ros_jazzy/install/yolo_msgs/lib/python3.12/site-packages/yolo_msgs/msg/_pose2_d.py
[7.689s] -- Symlinking: /home/user/autonomy_stack_ros_jazzy/install/yolo_msgs/lib/python3.12/site-packages/yolo_msgs/msg/_pose2_d_s.c
[7.697s] -- Symlinking: /home/user/autonomy_stack_ros_jazzy/install/yolo_msgs/lib/python3.12/site-packages/yolo_msgs/msg/_vector2.py
[7.705s] -- Symlinking: /home/user/autonomy_stack_ros_jazzy/install/yolo_msgs/lib/python3.12/site-packages/yolo_msgs/msg/_vector2_s.c
[7.713s] -- Symlinking: /home/user/autonomy_stack_ros_jazzy/install/yolo_msgs/lib/python3.12/site-packages/yolo_msgs/srv/__init__.py
[7.722s] -- Symlinking: /home/user/autonomy_stack_ros_jazzy/install/yolo_msgs/lib/python3.12/site-packages/yolo_msgs/srv/_set_classes.py
[7.731s] -- Symlinking: /home/user/autonomy_stack_ros_jazzy/install/yolo_msgs/lib/python3.12/site-packages/yolo_msgs/srv/_set_classes_s.c
[7.740s] -- Symlinking: /home/user/autonomy_stack_ros_jazzy/install/yolo_msgs/lib/python3.12/site-packages/yolo_msgs/yolo_msgs_s__rosidl_typesupport_c.so
[7.749s] -- Symlinking: /home/user/autonomy_stack_ros_jazzy/install/yolo_msgs/lib/python3.12/site-packages/yolo_msgs/yolo_msgs_s__rosidl_typesupport_fastrtps_c.so
[7.757s] -- Symlinking: /home/user/autonomy_stack_ros_jazzy/install/yolo_msgs/lib/python3.12/site-packages/yolo_msgs/yolo_msgs_s__rosidl_typesupport_introspection_c.so
[7.766s] -- Up-to-date symlink: /home/user/autonomy_stack_ros_jazzy/install/yolo_msgs/lib/python3.12/site-packages/yolo_msgs/yolo_msgs_s__rosidl_typesupport_fastrtps_c.so
[7.766s] -- Up-to-date symlink: /home/user/autonomy_stack_ros_jazzy/install/yolo_msgs/lib/python3.12/site-packages/yolo_msgs/yolo_msgs_s__rosidl_typesupport_introspection_c.so
[7.766s] -- Up-to-date symlink: /home/user/autonomy_stack_ros_jazzy/install/yolo_msgs/lib/python3.12/site-packages/yolo_msgs/yolo_msgs_s__rosidl_typesupport_c.so
[7.766s] -- Symlinking: /home/user/autonomy_stack_ros_jazzy/install/yolo_msgs/share/yolo_msgs/rust/Cargo.toml
[7.775s] -- Symlinking: /home/user/autonomy_stack_ros_jazzy/install/yolo_msgs/share/yolo_msgs/rust/build.rs
[7.783s] -- Symlinking: /home/user/autonomy_stack_ros_jazzy/install/yolo_msgs/share/yolo_msgs/rust/src/lib.rs
[7.790s] -- Symlinking: /home/user/autonomy_stack_ros_jazzy/install/yolo_msgs/share/yolo_msgs/rust/src/msg.rs
[7.799s] -- Symlinking: /home/user/autonomy_stack_ros_jazzy/install/yolo_msgs/share/yolo_msgs/rust/src/msg/rmw.rs
[7.807s] -- Symlinking: /home/user/autonomy_stack_ros_jazzy/install/yolo_msgs/share/yolo_msgs/rust/src/srv.rs
[7.815s] -- Symlinking: /home/user/autonomy_stack_ros_jazzy/install/yolo_msgs/share/yolo_msgs/rust/src/srv/rmw.rs
[7.824s] -- Symlinking: /home/user/autonomy_stack_ros_jazzy/install/yolo_msgs/share/yolo_msgs/msg/Point2D.idl
[7.830s] -- Symlinking: /home/user/autonomy_stack_ros_jazzy/install/yolo_msgs/share/yolo_msgs/msg/Vector2.idl
[7.839s] -- Symlinking: /home/user/autonomy_stack_ros_jazzy/install/yolo_msgs/share/yolo_msgs/msg/Pose2D.idl
[7.847s] -- Symlinking: /home/user/autonomy_stack_ros_jazzy/install/yolo_msgs/share/yolo_msgs/msg/BoundingBox2D.idl
[7.855s] -- Symlinking: /home/user/autonomy_stack_ros_jazzy/install/yolo_msgs/share/yolo_msgs/msg/BoundingBox3D.idl
[7.863s] -- Symlinking: /home/user/autonomy_stack_ros_jazzy/install/yolo_msgs/share/yolo_msgs/msg/Mask.idl
[7.871s] -- Symlinking: /home/user/autonomy_stack_ros_jazzy/install/yolo_msgs/share/yolo_msgs/msg/KeyPoint2D.idl
[7.879s] -- Symlinking: /home/user/autonomy_stack_ros_jazzy/install/yolo_msgs/share/yolo_msgs/msg/KeyPoint2DArray.idl
[7.887s] -- Symlinking: /home/user/autonomy_stack_ros_jazzy/install/yolo_msgs/share/yolo_msgs/msg/KeyPoint3D.idl
[7.895s] -- Symlinking: /home/user/autonomy_stack_ros_jazzy/install/yolo_msgs/share/yolo_msgs/msg/KeyPoint3DArray.idl
[7.903s] -- Symlinking: /home/user/autonomy_stack_ros_jazzy/install/yolo_msgs/share/yolo_msgs/msg/Detection.idl
[7.911s] -- Symlinking: /home/user/autonomy_stack_ros_jazzy/install/yolo_msgs/share/yolo_msgs/msg/DetectionArray.idl
[7.919s] -- Symlinking: /home/user/autonomy_stack_ros_jazzy/install/yolo_msgs/share/yolo_msgs/srv/SetClasses.idl
[7.927s] -- Symlinking: /home/user/autonomy_stack_ros_jazzy/install/yolo_msgs/share/yolo_msgs/msg/Point2D.msg
[7.935s] -- Symlinking: /home/user/autonomy_stack_ros_jazzy/install/yolo_msgs/share/yolo_msgs/msg/Vector2.msg
[7.943s] -- Symlinking: /home/user/autonomy_stack_ros_jazzy/install/yolo_msgs/share/yolo_msgs/msg/Pose2D.msg
[7.951s] -- Symlinking: /home/user/autonomy_stack_ros_jazzy/install/yolo_msgs/share/yolo_msgs/msg/BoundingBox2D.msg
[7.959s] -- Symlinking: /home/user/autonomy_stack_ros_jazzy/install/yolo_msgs/share/yolo_msgs/msg/BoundingBox3D.msg
[7.967s] -- Symlinking: /home/user/autonomy_stack_ros_jazzy/install/yolo_msgs/share/yolo_msgs/msg/Mask.msg
[7.975s] -- Symlinking: /home/user/autonomy_stack_ros_jazzy/install/yolo_msgs/share/yolo_msgs/msg/KeyPoint2D.msg
[7.980s] -- Symlinking: /home/user/autonomy_stack_ros_jazzy/install/yolo_msgs/share/yolo_msgs/msg/KeyPoint2DArray.msg
[7.985s] -- Symlinking: /home/user/autonomy_stack_ros_jazzy/install/yolo_msgs/share/yolo_msgs/msg/KeyPoint3D.msg
[7.994s] -- Symlinking: /home/user/autonomy_stack_ros_jazzy/install/yolo_msgs/share/yolo_msgs/msg/KeyPoint3DArray.msg
[8.002s] -- Symlinking: /home/user/autonomy_stack_ros_jazzy/install/yolo_msgs/share/yolo_msgs/msg/Detection.msg
[8.010s] -- Symlinking: /home/user/autonomy_stack_ros_jazzy/install/yolo_msgs/share/yolo_msgs/msg/DetectionArray.msg
[8.018s] -- Symlinking: /home/user/autonomy_stack_ros_jazzy/install/yolo_msgs/share/yolo_msgs/srv/SetClasses.srv
[8.026s] -- Symlinking: /home/user/autonomy_stack_ros_jazzy/install/yolo_msgs/share/ament_index/resource_index/package_run_dependencies/yolo_msgs
[8.034s] -- Symlinking: /home/user/autonomy_stack_ros_jazzy/install/yolo_msgs/share/ament_index/resource_index/parent_prefix_path/yolo_msgs
[8.042s] -- Symlinking: /home/user/autonomy_stack_ros_jazzy/install/yolo_msgs/share/yolo_msgs/environment/ament_prefix_path.sh
[8.050s] -- Symlinking: /home/user/autonomy_stack_ros_jazzy/install/yolo_msgs/share/yolo_msgs/environment/ament_prefix_path.dsv
[8.058s] -- Symlinking: /home/user/autonomy_stack_ros_jazzy/install/yolo_msgs/share/yolo_msgs/environment/path.sh
[8.066s] -- Symlinking: /home/user/autonomy_stack_ros_jazzy/install/yolo_msgs/share/yolo_msgs/environment/path.dsv
[8.074s] -- Symlinking: /home/user/autonomy_stack_ros_jazzy/install/yolo_msgs/share/yolo_msgs/local_setup.bash
[8.082s] -- Symlinking: /home/user/autonomy_stack_ros_jazzy/install/yolo_msgs/share/yolo_msgs/local_setup.sh
[8.090s] -- Symlinking: /home/user/autonomy_stack_ros_jazzy/install/yolo_msgs/share/yolo_msgs/local_setup.zsh
[8.098s] -- Symlinking: /home/user/autonomy_stack_ros_jazzy/install/yolo_msgs/share/yolo_msgs/local_setup.dsv
[8.106s] -- Symlinking: /home/user/autonomy_stack_ros_jazzy/install/yolo_msgs/share/yolo_msgs/package.dsv
[8.115s] -- Symlinking: /home/user/autonomy_stack_ros_jazzy/install/yolo_msgs/share/ament_index/resource_index/packages/yolo_msgs
[8.123s] -- Symlinking: /home/user/autonomy_stack_ros_jazzy/install/yolo_msgs/share/yolo_msgs/cmake/rosidl_cmake-extras.cmake
[8.129s] -- Symlinking: /home/user/autonomy_stack_ros_jazzy/install/yolo_msgs/share/yolo_msgs/cmake/ament_cmake_export_dependencies-extras.cmake
[8.138s] -- Symlinking: /home/user/autonomy_stack_ros_jazzy/install/yolo_msgs/share/yolo_msgs/cmake/ament_cmake_export_include_directories-extras.cmake
[8.147s] -- Symlinking: /home/user/autonomy_stack_ros_jazzy/install/yolo_msgs/share/yolo_msgs/cmake/ament_cmake_export_libraries-extras.cmake
[8.156s] -- Symlinking: /home/user/autonomy_stack_ros_jazzy/install/yolo_msgs/share/yolo_msgs/cmake/ament_cmake_export_targets-extras.cmake
[8.164s] -- Symlinking: /home/user/autonomy_stack_ros_jazzy/install/yolo_msgs/share/yolo_msgs/cmake/rosidl_cmake_export_typesupport_targets-extras.cmake
[8.172s] -- Symlinking: /home/user/autonomy_stack_ros_jazzy/install/yolo_msgs/share/yolo_msgs/cmake/rosidl_cmake_export_typesupport_libraries-extras.cmake
[8.180s] -- Symlinking: /home/user/autonomy_stack_ros_jazzy/install/yolo_msgs/share/yolo_msgs/cmake/rosidl_cmake_aggregate_target-extras.cmake
[8.188s] -- Symlinking: /home/user/autonomy_stack_ros_jazzy/install/yolo_msgs/share/yolo_msgs/cmake/yolo_msgsConfig.cmake
[8.196s] -- Symlinking: /home/user/autonomy_stack_ros_jazzy/install/yolo_msgs/share/yolo_msgs/cmake/yolo_msgsConfig-version.cmake
[8.204s] -- Symlinking: /home/user/autonomy_stack_ros_jazzy/install/yolo_msgs/share/yolo_msgs/package.xml
[8.212s] -- Installing: /home/user/autonomy_stack_ros_jazzy/install/yolo_msgs/lib/libyolo_msgs__rosidl_generator_c.so
[8.213s] -- Set non-toolchain portion of runtime path of "/home/user/autonomy_stack_ros_jazzy/install/yolo_msgs/lib/libyolo_msgs__rosidl_generator_c.so" to ""
[8.213s] -- Installing: /home/user/autonomy_stack_ros_jazzy/install/yolo_msgs/lib/libyolo_msgs__rosidl_typesupport_fastrtps_c.so
[8.213s] -- Set non-toolchain portion of runtime path of "/home/user/autonomy_stack_ros_jazzy/install/yolo_msgs/lib/libyolo_msgs__rosidl_typesupport_fastrtps_c.so" to ""
[8.213s] -- Installing: /home/user/autonomy_stack_ros_jazzy/install/yolo_msgs/lib/libyolo_msgs__rosidl_typesupport_introspection_c.so
[8.214s] -- Set non-toolchain portion of runtime path of "/home/user/autonomy_stack_ros_jazzy/install/yolo_msgs/lib/libyolo_msgs__rosidl_typesupport_introspection_c.so" to ""
[8.214s] -- Installing: /home/user/autonomy_stack_ros_jazzy/install/yolo_msgs/lib/libyolo_msgs__rosidl_typesupport_c.so
[8.214s] -- Set non-toolchain portion of runtime path of "/home/user/autonomy_stack_ros_jazzy/install/yolo_msgs/lib/libyolo_msgs__rosidl_typesupport_c.so" to ""
[8.214s] -- Installing: /home/user/autonomy_stack_ros_jazzy/install/yolo_msgs/lib/libyolo_msgs__rosidl_typesupport_fastrtps_cpp.so
[8.215s] -- Set non-toolchain portion of runtime path of "/home/user/autonomy_stack_ros_jazzy/install/yolo_msgs/lib/libyolo_msgs__rosidl_typesupport_fastrtps_cpp.so" to ""
[8.215s] -- Installing: /home/user/autonomy_stack_ros_jazzy/install/yolo_msgs/lib/libyolo_msgs__rosidl_typesupport_introspection_cpp.so
[8.215s] -- Set non-toolchain portion of runtime path of "/home/user/autonomy_stack_ros_jazzy/install/yolo_msgs/lib/libyolo_msgs__rosidl_typesupport_introspection_cpp.so" to ""
[8.215s] -- Installing: /home/user/autonomy_stack_ros_jazzy/install/yolo_msgs/lib/libyolo_msgs__rosidl_typesupport_cpp.so
[8.215s] -- Set non-toolchain portion of runtime path of "/home/user/autonomy_stack_ros_jazzy/install/yolo_msgs/lib/libyolo_msgs__rosidl_typesupport_cpp.so" to ""
[8.248s] Listing '/home/user/autonomy_stack_ros_jazzy/install/yolo_msgs/lib/python3.12/site-packages/yolo_msgs'...
[8.248s] Compiling '/home/user/autonomy_stack_ros_jazzy/install/yolo_msgs/lib/python3.12/site-packages/yolo_msgs/__init__.py'...
[8.249s] Listing '/home/user/autonomy_stack_ros_jazzy/install/yolo_msgs/lib/python3.12/site-packages/yolo_msgs/msg'...
[8.249s] Compiling '/home/user/autonomy_stack_ros_jazzy/install/yolo_msgs/lib/python3.12/site-packages/yolo_msgs/msg/__init__.py'...
[8.250s] Compiling '/home/user/autonomy_stack_ros_jazzy/install/yolo_msgs/lib/python3.12/site-packages/yolo_msgs/msg/_bounding_box2_d.py'...
[8.251s] Compiling '/home/user/autonomy_stack_ros_jazzy/install/yolo_msgs/lib/python3.12/site-packages/yolo_msgs/msg/_bounding_box3_d.py'...
[8.252s] Compiling '/home/user/autonomy_stack_ros_jazzy/install/yolo_msgs/lib/python3.12/site-packages/yolo_msgs/msg/_detection.py'...
[8.254s] Compiling '/home/user/autonomy_stack_ros_jazzy/install/yolo_msgs/lib/python3.12/site-packages/yolo_msgs/msg/_detection_array.py'...
[8.255s] Compiling '/home/user/autonomy_stack_ros_jazzy/install/yolo_msgs/lib/python3.12/site-packages/yolo_msgs/msg/_key_point2_d.py'...
[8.256s] Compiling '/home/user/autonomy_stack_ros_jazzy/install/yolo_msgs/lib/python3.12/site-packages/yolo_msgs/msg/_key_point2_d_array.py'...
[8.257s] Compiling '/home/user/autonomy_stack_ros_jazzy/install/yolo_msgs/lib/python3.12/site-packages/yolo_msgs/msg/_key_point3_d.py'...
[8.258s] Compiling '/home/user/autonomy_stack_ros_jazzy/install/yolo_msgs/lib/python3.12/site-packages/yolo_msgs/msg/_key_point3_d_array.py'...
[8.258s] Compiling '/home/user/autonomy_stack_ros_jazzy/install/yolo_msgs/lib/python3.12/site-packages/yolo_msgs/msg/_mask.py'...
[8.260s] Compiling '/home/user/autonomy_stack_ros_jazzy/install/yolo_msgs/lib/python3.12/site-packages/yolo_msgs/msg/_point2_d.py'...
[8.261s] Compiling '/home/user/autonomy_stack_ros_jazzy/install/yolo_msgs/lib/python3.12/site-packages/yolo_msgs/msg/_pose2_d.py'...
[8.262s] Compiling '/home/user/autonomy_stack_ros_jazzy/install/yolo_msgs/lib/python3.12/site-packages/yolo_msgs/msg/_vector2.py'...
[8.263s] Listing '/home/user/autonomy_stack_ros_jazzy/install/yolo_msgs/lib/python3.12/site-packages/yolo_msgs/srv'...
[8.263s] Compiling '/home/user/autonomy_stack_ros_jazzy/install/yolo_msgs/lib/python3.12/site-packages/yolo_msgs/srv/__init__.py'...
[8.263s] Compiling '/home/user/autonomy_stack_ros_jazzy/install/yolo_msgs/lib/python3.12/site-packages/yolo_msgs/srv/_set_classes.py'...
[8.272s] -- Installing: /home/user/autonomy_stack_ros_jazzy/install/yolo_msgs/lib/libyolo_msgs__rosidl_generator_py.so
[8.272s] -- Set non-toolchain portion of runtime path of "/home/user/autonomy_stack_ros_jazzy/install/yolo_msgs/lib/libyolo_msgs__rosidl_generator_py.so" to ""
[8.273s] -- Installing: /home/user/autonomy_stack_ros_jazzy/install/yolo_msgs/share/yolo_msgs/cmake/export_yolo_msgs__rosidl_generator_cExport.cmake
[8.273s] -- Installing: /home/user/autonomy_stack_ros_jazzy/install/yolo_msgs/share/yolo_msgs/cmake/export_yolo_msgs__rosidl_generator_cExport-release.cmake
[8.273s] -- Installing: /home/user/autonomy_stack_ros_jazzy/install/yolo_msgs/share/yolo_msgs/cmake/export_yolo_msgs__rosidl_typesupport_fastrtps_cExport.cmake
[8.273s] -- Installing: /home/user/autonomy_stack_ros_jazzy/install/yolo_msgs/share/yolo_msgs/cmake/export_yolo_msgs__rosidl_typesupport_fastrtps_cExport-release.cmake
[8.273s] -- Installing: /home/user/autonomy_stack_ros_jazzy/install/yolo_msgs/share/yolo_msgs/cmake/yolo_msgs__rosidl_typesupport_introspection_cExport.cmake
[8.273s] -- Installing: /home/user/autonomy_stack_ros_jazzy/install/yolo_msgs/share/yolo_msgs/cmake/yolo_msgs__rosidl_typesupport_introspection_cExport-release.cmake
[8.273s] -- Installing: /home/user/autonomy_stack_ros_jazzy/install/yolo_msgs/share/yolo_msgs/cmake/yolo_msgs__rosidl_typesupport_cExport.cmake
[8.273s] -- Installing: /home/user/autonomy_stack_ros_jazzy/install/yolo_msgs/share/yolo_msgs/cmake/yolo_msgs__rosidl_typesupport_cExport-release.cmake
[8.273s] -- Installing: /home/user/autonomy_stack_ros_jazzy/install/yolo_msgs/share/yolo_msgs/cmake/export_yolo_msgs__rosidl_generator_cppExport.cmake
[8.273s] -- Installing: /home/user/autonomy_stack_ros_jazzy/install/yolo_msgs/share/yolo_msgs/cmake/export_yolo_msgs__rosidl_typesupport_fastrtps_cppExport.cmake
[8.273s] -- Installing: /home/user/autonomy_stack_ros_jazzy/install/yolo_msgs/share/yolo_msgs/cmake/export_yolo_msgs__rosidl_typesupport_fastrtps_cppExport-release.cmake
[8.273s] -- Installing: /home/user/autonomy_stack_ros_jazzy/install/yolo_msgs/share/yolo_msgs/cmake/yolo_msgs__rosidl_typesupport_introspection_cppExport.cmake
[8.274s] -- Installing: /home/user/autonomy_stack_ros_jazzy/install/yolo_msgs/share/yolo_msgs/cmake/yolo_msgs__rosidl_typesupport_introspection_cppExport-release.cmake
[8.274s] -- Installing: /home/user/autonomy_stack_ros_jazzy/install/yolo_msgs/share/yolo_msgs/cmake/yolo_msgs__rosidl_typesupport_cppExport.cmake
[8.274s] -- Installing: /home/user/autonomy_stack_ros_jazzy/install/yolo_msgs/share/yolo_msgs/cmake/yolo_msgs__rosidl_typesupport_cppExport-release.cmake
[8.274s] -- Installing: /home/user/autonomy_stack_ros_jazzy/install/yolo_msgs/share/yolo_msgs/cmake/export_yolo_msgs__rosidl_generator_pyExport.cmake
[8.274s] -- Installing: /home/user/autonomy_stack_ros_jazzy/install/yolo_msgs/share/yolo_msgs/cmake/export_yolo_msgs__rosidl_generator_pyExport-release.cmake
[8.276s] Invoked command in '/home/user/autonomy_stack_ros_jazzy/build/yolo_msgs' returned '0': CMAKE_PREFIX_PATH=${CMAKE_PREFIX_PATH}:/opt/ros/jazzy /usr/bin/cmake --install /home/user/autonomy_stack_ros_jazzy/build/yolo_msgs
