[0.009s] Invoking command in '/home/user/autonomy_stack_ros_jazzy/build/yolo_bringup': AMENT_PREFIX_PATH=/home/user/autonomy_stack_ros_jazzy/install/yolo_ros:/home/user/autonomy_stack_ros_jazzy/install/yolo_msgs:${AMENT_PREFIX_PATH} CMAKE_PREFIX_PATH=/home/user/autonomy_stack_ros_jazzy/install/yolo_msgs:/opt/ros/jazzy/opt/gz_sim_vendor:/opt/ros/jazzy/opt/gz_sensors_vendor:/opt/ros/jazzy/opt/gz_physics_vendor:/opt/ros/jazzy/opt/sdformat_vendor:/opt/ros/jazzy/opt/gz_gui_vendor:/opt/ros/jazzy/opt/gz_transport_vendor:/opt/ros/jazzy/opt/gz_rendering_vendor:/opt/ros/jazzy/opt/gz_plugin_vendor:/opt/ros/jazzy/opt/gz_fuel_tools_vendor:/opt/ros/jazzy/opt/gz_msgs_vendor:/opt/ros/jazzy/opt/gz_common_vendor:/opt/ros/jazzy/opt/gz_math_vendor:/opt/ros/jazzy/opt/gz_utils_vendor:/opt/ros/jazzy/opt/gz_tools_vendor:/opt/ros/jazzy/opt/gz_ogre_next_vendor:/opt/ros/jazzy/opt/gz_dartsim_vendor:/opt/ros/jazzy/opt/gz_cmake_vendor:/opt/ros/jazzy LD_LIBRARY_PATH=/home/user/autonomy_stack_ros_jazzy/install/yolo_msgs/lib:${LD_LIBRARY_PATH} PYTHONPATH=/home/user/autonomy_stack_ros_jazzy/build/yolo_ros:/home/user/autonomy_stack_ros_jazzy/install/yolo_ros/lib/python3.12/site-packages:/home/user/autonomy_stack_ros_jazzy/install/yolo_msgs/lib/python3.12/site-packages:${PYTHONPATH} /usr/bin/cmake /home/user/autonomy_stack_ros_jazzy/src/detection_ros_pkgs/yolo_ros/yolo_bringup -DCMAKE_BUILD_TYPE=Release -DAMENT_CMAKE_SYMLINK_INSTALL=1 -DCMAKE_INSTALL_PREFIX=/home/user/autonomy_stack_ros_jazzy/install/yolo_bringup
[0.049s] -- The C compiler identification is GNU 13.3.0
[0.083s] -- The CXX compiler identification is GNU 13.3.0
[0.094s] -- Detecting C compiler ABI info
[0.186s] -- Detecting C compiler ABI info - done
[0.195s] -- Check for working C compiler: /usr/bin/cc - skipped
[0.195s] -- Detecting C compile features
[0.195s] -- Detecting C compile features - done
[0.205s] -- Detecting CXX compiler ABI info
[0.301s] -- Detecting CXX compiler ABI info - done
[0.305s] -- Check for working CXX compiler: /usr/bin/c++ - skipped
[0.306s] -- Detecting CXX compile features
[0.306s] -- Detecting CXX compile features - done
[0.309s] -- Found ament_cmake: 2.5.6 (/opt/ros/jazzy/share/ament_cmake/cmake)
[0.440s] -- Found Python3: /usr/bin/python3 (found version "3.12.3") found components: Interpreter 
[0.480s] -- Override CMake install command with custom implementation using symlinks instead of copying resources
[0.592s] -- Configuring done (0.6s)
[0.594s] -- Generating done (0.0s)
[0.595s] -- Build files have been written to: /home/user/autonomy_stack_ros_jazzy/build/yolo_bringup
[0.599s] Invoked command in '/home/user/autonomy_stack_ros_jazzy/build/yolo_bringup' returned '0': AMENT_PREFIX_PATH=/home/user/autonomy_stack_ros_jazzy/install/yolo_ros:/home/user/autonomy_stack_ros_jazzy/install/yolo_msgs:${AMENT_PREFIX_PATH} CMAKE_PREFIX_PATH=/home/user/autonomy_stack_ros_jazzy/install/yolo_msgs:/opt/ros/jazzy/opt/gz_sim_vendor:/opt/ros/jazzy/opt/gz_sensors_vendor:/opt/ros/jazzy/opt/gz_physics_vendor:/opt/ros/jazzy/opt/sdformat_vendor:/opt/ros/jazzy/opt/gz_gui_vendor:/opt/ros/jazzy/opt/gz_transport_vendor:/opt/ros/jazzy/opt/gz_rendering_vendor:/opt/ros/jazzy/opt/gz_plugin_vendor:/opt/ros/jazzy/opt/gz_fuel_tools_vendor:/opt/ros/jazzy/opt/gz_msgs_vendor:/opt/ros/jazzy/opt/gz_common_vendor:/opt/ros/jazzy/opt/gz_math_vendor:/opt/ros/jazzy/opt/gz_utils_vendor:/opt/ros/jazzy/opt/gz_tools_vendor:/opt/ros/jazzy/opt/gz_ogre_next_vendor:/opt/ros/jazzy/opt/gz_dartsim_vendor:/opt/ros/jazzy/opt/gz_cmake_vendor:/opt/ros/jazzy LD_LIBRARY_PATH=/home/user/autonomy_stack_ros_jazzy/install/yolo_msgs/lib:${LD_LIBRARY_PATH} PYTHONPATH=/home/user/autonomy_stack_ros_jazzy/build/yolo_ros:/home/user/autonomy_stack_ros_jazzy/install/yolo_ros/lib/python3.12/site-packages:/home/user/autonomy_stack_ros_jazzy/install/yolo_msgs/lib/python3.12/site-packages:${PYTHONPATH} /usr/bin/cmake /home/user/autonomy_stack_ros_jazzy/src/detection_ros_pkgs/yolo_ros/yolo_bringup -DCMAKE_BUILD_TYPE=Release -DAMENT_CMAKE_SYMLINK_INSTALL=1 -DCMAKE_INSTALL_PREFIX=/home/user/autonomy_stack_ros_jazzy/install/yolo_bringup
[0.600s] Invoking command in '/home/user/autonomy_stack_ros_jazzy/build/yolo_bringup': AMENT_PREFIX_PATH=/home/user/autonomy_stack_ros_jazzy/install/yolo_ros:/home/user/autonomy_stack_ros_jazzy/install/yolo_msgs:${AMENT_PREFIX_PATH} CMAKE_PREFIX_PATH=/home/user/autonomy_stack_ros_jazzy/install/yolo_msgs:/opt/ros/jazzy/opt/gz_sim_vendor:/opt/ros/jazzy/opt/gz_sensors_vendor:/opt/ros/jazzy/opt/gz_physics_vendor:/opt/ros/jazzy/opt/sdformat_vendor:/opt/ros/jazzy/opt/gz_gui_vendor:/opt/ros/jazzy/opt/gz_transport_vendor:/opt/ros/jazzy/opt/gz_rendering_vendor:/opt/ros/jazzy/opt/gz_plugin_vendor:/opt/ros/jazzy/opt/gz_fuel_tools_vendor:/opt/ros/jazzy/opt/gz_msgs_vendor:/opt/ros/jazzy/opt/gz_common_vendor:/opt/ros/jazzy/opt/gz_math_vendor:/opt/ros/jazzy/opt/gz_utils_vendor:/opt/ros/jazzy/opt/gz_tools_vendor:/opt/ros/jazzy/opt/gz_ogre_next_vendor:/opt/ros/jazzy/opt/gz_dartsim_vendor:/opt/ros/jazzy/opt/gz_cmake_vendor:/opt/ros/jazzy LD_LIBRARY_PATH=/home/user/autonomy_stack_ros_jazzy/install/yolo_msgs/lib:${LD_LIBRARY_PATH} PYTHONPATH=/home/user/autonomy_stack_ros_jazzy/build/yolo_ros:/home/user/autonomy_stack_ros_jazzy/install/yolo_ros/lib/python3.12/site-packages:/home/user/autonomy_stack_ros_jazzy/install/yolo_msgs/lib/python3.12/site-packages:${PYTHONPATH} /usr/bin/cmake --build /home/user/autonomy_stack_ros_jazzy/build/yolo_bringup -- -j20 -l20
[0.628s] Invoked command in '/home/user/autonomy_stack_ros_jazzy/build/yolo_bringup' returned '0': AMENT_PREFIX_PATH=/home/user/autonomy_stack_ros_jazzy/install/yolo_ros:/home/user/autonomy_stack_ros_jazzy/install/yolo_msgs:${AMENT_PREFIX_PATH} CMAKE_PREFIX_PATH=/home/user/autonomy_stack_ros_jazzy/install/yolo_msgs:/opt/ros/jazzy/opt/gz_sim_vendor:/opt/ros/jazzy/opt/gz_sensors_vendor:/opt/ros/jazzy/opt/gz_physics_vendor:/opt/ros/jazzy/opt/sdformat_vendor:/opt/ros/jazzy/opt/gz_gui_vendor:/opt/ros/jazzy/opt/gz_transport_vendor:/opt/ros/jazzy/opt/gz_rendering_vendor:/opt/ros/jazzy/opt/gz_plugin_vendor:/opt/ros/jazzy/opt/gz_fuel_tools_vendor:/opt/ros/jazzy/opt/gz_msgs_vendor:/opt/ros/jazzy/opt/gz_common_vendor:/opt/ros/jazzy/opt/gz_math_vendor:/opt/ros/jazzy/opt/gz_utils_vendor:/opt/ros/jazzy/opt/gz_tools_vendor:/opt/ros/jazzy/opt/gz_ogre_next_vendor:/opt/ros/jazzy/opt/gz_dartsim_vendor:/opt/ros/jazzy/opt/gz_cmake_vendor:/opt/ros/jazzy LD_LIBRARY_PATH=/home/user/autonomy_stack_ros_jazzy/install/yolo_msgs/lib:${LD_LIBRARY_PATH} PYTHONPATH=/home/user/autonomy_stack_ros_jazzy/build/yolo_ros:/home/user/autonomy_stack_ros_jazzy/install/yolo_ros/lib/python3.12/site-packages:/home/user/autonomy_stack_ros_jazzy/install/yolo_msgs/lib/python3.12/site-packages:${PYTHONPATH} /usr/bin/cmake --build /home/user/autonomy_stack_ros_jazzy/build/yolo_bringup -- -j20 -l20
[0.629s] Invoking command in '/home/user/autonomy_stack_ros_jazzy/build/yolo_bringup': AMENT_PREFIX_PATH=/home/user/autonomy_stack_ros_jazzy/install/yolo_ros:/home/user/autonomy_stack_ros_jazzy/install/yolo_msgs:${AMENT_PREFIX_PATH} CMAKE_PREFIX_PATH=/home/user/autonomy_stack_ros_jazzy/install/yolo_msgs:/opt/ros/jazzy/opt/gz_sim_vendor:/opt/ros/jazzy/opt/gz_sensors_vendor:/opt/ros/jazzy/opt/gz_physics_vendor:/opt/ros/jazzy/opt/sdformat_vendor:/opt/ros/jazzy/opt/gz_gui_vendor:/opt/ros/jazzy/opt/gz_transport_vendor:/opt/ros/jazzy/opt/gz_rendering_vendor:/opt/ros/jazzy/opt/gz_plugin_vendor:/opt/ros/jazzy/opt/gz_fuel_tools_vendor:/opt/ros/jazzy/opt/gz_msgs_vendor:/opt/ros/jazzy/opt/gz_common_vendor:/opt/ros/jazzy/opt/gz_math_vendor:/opt/ros/jazzy/opt/gz_utils_vendor:/opt/ros/jazzy/opt/gz_tools_vendor:/opt/ros/jazzy/opt/gz_ogre_next_vendor:/opt/ros/jazzy/opt/gz_dartsim_vendor:/opt/ros/jazzy/opt/gz_cmake_vendor:/opt/ros/jazzy LD_LIBRARY_PATH=/home/user/autonomy_stack_ros_jazzy/install/yolo_msgs/lib:${LD_LIBRARY_PATH} PYTHONPATH=/home/user/autonomy_stack_ros_jazzy/build/yolo_ros:/home/user/autonomy_stack_ros_jazzy/install/yolo_ros/lib/python3.12/site-packages:/home/user/autonomy_stack_ros_jazzy/install/yolo_msgs/lib/python3.12/site-packages:${PYTHONPATH} /usr/bin/cmake --install /home/user/autonomy_stack_ros_jazzy/build/yolo_bringup
[0.635s] -- Install configuration: "Release"
[0.635s] -- Execute custom install script
[0.635s] -- Symlinking: /home/user/autonomy_stack_ros_jazzy/install/yolo_bringup/share/yolo_bringup//launch/yolo-world.launch.py
[0.644s] -- Symlinking: /home/user/autonomy_stack_ros_jazzy/install/yolo_bringup/share/yolo_bringup//launch/yolo.launch.py
[0.652s] -- Symlinking: /home/user/autonomy_stack_ros_jazzy/install/yolo_bringup/share/yolo_bringup//launch/yoloe.launch.py
[0.661s] -- Symlinking: /home/user/autonomy_stack_ros_jazzy/install/yolo_bringup/share/yolo_bringup//launch/yolov10.launch.py
[0.669s] -- Symlinking: /home/user/autonomy_stack_ros_jazzy/install/yolo_bringup/share/yolo_bringup//launch/yolov11.launch.py
[0.677s] -- Symlinking: /home/user/autonomy_stack_ros_jazzy/install/yolo_bringup/share/yolo_bringup//launch/yolov12.launch.py
[0.685s] -- Symlinking: /home/user/autonomy_stack_ros_jazzy/install/yolo_bringup/share/yolo_bringup//launch/yolov26.launch.py
[0.693s] -- Symlinking: /home/user/autonomy_stack_ros_jazzy/install/yolo_bringup/share/yolo_bringup//launch/yolov5.launch.py
[0.701s] -- Symlinking: /home/user/autonomy_stack_ros_jazzy/install/yolo_bringup/share/yolo_bringup//launch/yolov8.launch.py
[0.709s] -- Symlinking: /home/user/autonomy_stack_ros_jazzy/install/yolo_bringup/share/yolo_bringup//launch/yolov9.launch.py
[0.717s] -- Symlinking: /home/user/autonomy_stack_ros_jazzy/install/yolo_bringup/share/ament_index/resource_index/package_run_dependencies/yolo_bringup
[0.725s] -- Symlinking: /home/user/autonomy_stack_ros_jazzy/install/yolo_bringup/share/ament_index/resource_index/parent_prefix_path/yolo_bringup
[0.733s] -- Symlinking: /home/user/autonomy_stack_ros_jazzy/install/yolo_bringup/share/yolo_bringup/environment/ament_prefix_path.sh
[0.741s] -- Symlinking: /home/user/autonomy_stack_ros_jazzy/install/yolo_bringup/share/yolo_bringup/environment/ament_prefix_path.dsv
[0.749s] -- Symlinking: /home/user/autonomy_stack_ros_jazzy/install/yolo_bringup/share/yolo_bringup/environment/path.sh
[0.757s] -- Symlinking: /home/user/autonomy_stack_ros_jazzy/install/yolo_bringup/share/yolo_bringup/environment/path.dsv
[0.765s] -- Symlinking: /home/user/autonomy_stack_ros_jazzy/install/yolo_bringup/share/yolo_bringup/local_setup.bash
[0.773s] -- Symlinking: /home/user/autonomy_stack_ros_jazzy/install/yolo_bringup/share/yolo_bringup/local_setup.sh
[0.781s] -- Symlinking: /home/user/autonomy_stack_ros_jazzy/install/yolo_bringup/share/yolo_bringup/local_setup.zsh
[0.789s] -- Symlinking: /home/user/autonomy_stack_ros_jazzy/install/yolo_bringup/share/yolo_bringup/local_setup.dsv
[0.797s] -- Symlinking: /home/user/autonomy_stack_ros_jazzy/install/yolo_bringup/share/yolo_bringup/package.dsv
[0.805s] -- Symlinking: /home/user/autonomy_stack_ros_jazzy/install/yolo_bringup/share/ament_index/resource_index/packages/yolo_bringup
[0.813s] -- Symlinking: /home/user/autonomy_stack_ros_jazzy/install/yolo_bringup/share/yolo_bringup/cmake/yolo_bringupConfig.cmake
[0.821s] -- Symlinking: /home/user/autonomy_stack_ros_jazzy/install/yolo_bringup/share/yolo_bringup/cmake/yolo_bringupConfig-version.cmake
[0.829s] -- Symlinking: /home/user/autonomy_stack_ros_jazzy/install/yolo_bringup/share/yolo_bringup/package.xml
[0.840s] Invoked command in '/home/user/autonomy_stack_ros_jazzy/build/yolo_bringup' returned '0': AMENT_PREFIX_PATH=/home/user/autonomy_stack_ros_jazzy/install/yolo_ros:/home/user/autonomy_stack_ros_jazzy/install/yolo_msgs:${AMENT_PREFIX_PATH} CMAKE_PREFIX_PATH=/home/user/autonomy_stack_ros_jazzy/install/yolo_msgs:/opt/ros/jazzy/opt/gz_sim_vendor:/opt/ros/jazzy/opt/gz_sensors_vendor:/opt/ros/jazzy/opt/gz_physics_vendor:/opt/ros/jazzy/opt/sdformat_vendor:/opt/ros/jazzy/opt/gz_gui_vendor:/opt/ros/jazzy/opt/gz_transport_vendor:/opt/ros/jazzy/opt/gz_rendering_vendor:/opt/ros/jazzy/opt/gz_plugin_vendor:/opt/ros/jazzy/opt/gz_fuel_tools_vendor:/opt/ros/jazzy/opt/gz_msgs_vendor:/opt/ros/jazzy/opt/gz_common_vendor:/opt/ros/jazzy/opt/gz_math_vendor:/opt/ros/jazzy/opt/gz_utils_vendor:/opt/ros/jazzy/opt/gz_tools_vendor:/opt/ros/jazzy/opt/gz_ogre_next_vendor:/opt/ros/jazzy/opt/gz_dartsim_vendor:/opt/ros/jazzy/opt/gz_cmake_vendor:/opt/ros/jazzy LD_LIBRARY_PATH=/home/user/autonomy_stack_ros_jazzy/install/yolo_msgs/lib:${LD_LIBRARY_PATH} PYTHONPATH=/home/user/autonomy_stack_ros_jazzy/build/yolo_ros:/home/user/autonomy_stack_ros_jazzy/install/yolo_ros/lib/python3.12/site-packages:/home/user/autonomy_stack_ros_jazzy/install/yolo_msgs/lib/python3.12/site-packages:${PYTHONPATH} /usr/bin/cmake --install /home/user/autonomy_stack_ros_jazzy/build/yolo_bringup
